Archive member included to satisfy reference by file (symbol)

/opt/st/stm32cubeide_1.12.1/plugins/com.st.stm32cube.ide.mcu.externaltools.gnu-tools-for-stm32.10.3-2021.10.linux64_1.0.200.202301161003/tools/bin/../lib/gcc/arm-none-eabi/10.3.1/../../../../arm-none-eabi/lib/thumb/v7e-m+fp/hard/libc_nano.a(lib_a-errno.o)
                              ./Core/Src/syscalls.o (__errno)
/opt/st/stm32cubeide_1.12.1/plugins/com.st.stm32cube.ide.mcu.externaltools.gnu-tools-for-stm32.10.3-2021.10.linux64_1.0.200.202301161003/tools/bin/../lib/gcc/arm-none-eabi/10.3.1/../../../../arm-none-eabi/lib/thumb/v7e-m+fp/hard/libc_nano.a(lib_a-exit.o)
                              /opt/st/stm32cubeide_1.12.1/plugins/com.st.stm32cube.ide.mcu.externaltools.gnu-tools-for-stm32.10.3-2021.10.linux64_1.0.200.202301161003/tools/bin/../lib/gcc/arm-none-eabi/10.3.1/../../../../arm-none-eabi/lib/thumb/v7e-m+fp/hard/crt0.o (exit)
/opt/st/stm32cubeide_1.12.1/plugins/com.st.stm32cube.ide.mcu.externaltools.gnu-tools-for-stm32.10.3-2021.10.linux64_1.0.200.202301161003/tools/bin/../lib/gcc/arm-none-eabi/10.3.1/../../../../arm-none-eabi/lib/thumb/v7e-m+fp/hard/libc_nano.a(lib_a-impure.o)
                              /opt/st/stm32cubeide_1.12.1/plugins/com.st.stm32cube.ide.mcu.externaltools.gnu-tools-for-stm32.10.3-2021.10.linux64_1.0.200.202301161003/tools/bin/../lib/gcc/arm-none-eabi/10.3.1/../../../../arm-none-eabi/lib/thumb/v7e-m+fp/hard/libc_nano.a(lib_a-exit.o) (_global_impure_ptr)
/opt/st/stm32cubeide_1.12.1/plugins/com.st.stm32cube.ide.mcu.externaltools.gnu-tools-for-stm32.10.3-2021.10.linux64_1.0.200.202301161003/tools/bin/../lib/gcc/arm-none-eabi/10.3.1/../../../../arm-none-eabi/lib/thumb/v7e-m+fp/hard/libc_nano.a(lib_a-init.o)
                              /opt/st/stm32cubeide_1.12.1/plugins/com.st.stm32cube.ide.mcu.externaltools.gnu-tools-for-stm32.10.3-2021.10.linux64_1.0.200.202301161003/tools/bin/../lib/gcc/arm-none-eabi/10.3.1/../../../../arm-none-eabi/lib/thumb/v7e-m+fp/hard/crt0.o (__libc_init_array)
/opt/st/stm32cubeide_1.12.1/plugins/com.st.stm32cube.ide.mcu.externaltools.gnu-tools-for-stm32.10.3-2021.10.linux64_1.0.200.202301161003/tools/bin/../lib/gcc/arm-none-eabi/10.3.1/../../../../arm-none-eabi/lib/thumb/v7e-m+fp/hard/libc_nano.a(lib_a-memcpy-stub.o)
                              ./Middlewares/FreeRTOS/cmsis_os2.o (memcpy)
/opt/st/stm32cubeide_1.12.1/plugins/com.st.stm32cube.ide.mcu.externaltools.gnu-tools-for-stm32.10.3-2021.10.linux64_1.0.200.202301161003/tools/bin/../lib/gcc/arm-none-eabi/10.3.1/../../../../arm-none-eabi/lib/thumb/v7e-m+fp/hard/libc_nano.a(lib_a-memset.o)
                              /opt/st/stm32cubeide_1.12.1/plugins/com.st.stm32cube.ide.mcu.externaltools.gnu-tools-for-stm32.10.3-2021.10.linux64_1.0.200.202301161003/tools/bin/../lib/gcc/arm-none-eabi/10.3.1/../../../../arm-none-eabi/lib/thumb/v7e-m+fp/hard/crt0.o (memset)
/opt/st/stm32cubeide_1.12.1/plugins/com.st.stm32cube.ide.mcu.externaltools.gnu-tools-for-stm32.10.3-2021.10.linux64_1.0.200.202301161003/tools/bin/../lib/gcc/arm-none-eabi/10.3.1/../../../../arm-none-eabi/lib/thumb/v7e-m+fp/hard/libc_nano.a(lib_a-printf.o)
                              ./Core/Src/main.o (printf)
/opt/st/stm32cubeide_1.12.1/plugins/com.st.stm32cube.ide.mcu.externaltools.gnu-tools-for-stm32.10.3-2021.10.linux64_1.0.200.202301161003/tools/bin/../lib/gcc/arm-none-eabi/10.3.1/../../../../arm-none-eabi/lib/thumb/v7e-m+fp/hard/libc_nano.a(lib_a-findfp.o)
                              /opt/st/stm32cubeide_1.12.1/plugins/com.st.stm32cube.ide.mcu.externaltools.gnu-tools-for-stm32.10.3-2021.10.linux64_1.0.200.202301161003/tools/bin/../lib/gcc/arm-none-eabi/10.3.1/../../../../arm-none-eabi/lib/thumb/v7e-m+fp/hard/libc_nano.a(lib_a-printf.o) (__sinit)
/opt/st/stm32cubeide_1.12.1/plugins/com.st.stm32cube.ide.mcu.externaltools.gnu-tools-for-stm32.10.3-2021.10.linux64_1.0.200.202301161003/tools/bin/../lib/gcc/arm-none-eabi/10.3.1/../../../../arm-none-eabi/lib/thumb/v7e-m+fp/hard/libc_nano.a(lib_a-fwalk.o)
                              /opt/st/stm32cubeide_1.12.1/plugins/com.st.stm32cube.ide.mcu.externaltools.gnu-tools-for-stm32.10.3-2021.10.linux64_1.0.200.202301161003/tools/bin/../lib/gcc/arm-none-eabi/10.3.1/../../../../arm-none-eabi/lib/thumb/v7e-m+fp/hard/libc_nano.a(lib_a-findfp.o) (_fwalk)
/opt/st/stm32cubeide_1.12.1/plugins/com.st.stm32cube.ide.mcu.externaltools.gnu-tools-for-stm32.10.3-2021.10.linux64_1.0.200.202301161003/tools/bin/../lib/gcc/arm-none-eabi/10.3.1/../../../../arm-none-eabi/lib/thumb/v7e-m+fp/hard/libc_nano.a(lib_a-lock.o)
                              /opt/st/stm32cubeide_1.12.1/plugins/com.st.stm32cube.ide.mcu.externaltools.gnu-tools-for-stm32.10.3-2021.10.linux64_1.0.200.202301161003/tools/bin/../lib/gcc/arm-none-eabi/10.3.1/../../../../arm-none-eabi/lib/thumb/v7e-m+fp/hard/libc_nano.a(lib_a-findfp.o) (__retarget_lock_init_recursive)
[...]
Memory Configuration

Name             Origin             Length             Attributes
RAM              0x0000000020000000 0x0000000000020000 xrw
FLASH            0x0000000008000000 0x0000000000080000 xr
*default*        0x0000000000000000 0xffffffffffffffff

Linker script and memory map

LOAD /opt/st/stm32cubeide_1.12.1/plugins/com.st.stm32cube.ide.mcu.externaltools.gnu-tools-for-stm32.10.3-2021.10.linux64_1.0.200.202301161003/tools/bin/../lib/gcc/arm-none-eabi/10.3.1/thumb/v7e-m+fp/hard/crti.o
LOAD /opt/st/stm32cubeide_1.12.1/plugins/com.st.stm32cube.ide.mcu.externaltools.gnu-tools-for-stm32.10.3-2021.10.linux64_1.0.200.202301161003/tools/bin/../lib/gcc/arm-none-eabi/10.3.1/thumb/v7e-m+fp/hard/crtbegin.o
LOAD /opt/st/stm32cubeide_1.12.1/plugins/com.st.stm32cube.ide.mcu.externaltools.gnu-tools-for-stm32.10.3-2021.10.linux64_1.0.200.202301161003/tools/bin/../lib/gcc/arm-none-eabi/10.3.1/../../../../arm-none-eabi/lib/thumb/v7e-m+fp/hard/crt0.o
LOAD ./Core/Src/freertos.o
LOAD ./Core/Src/main.o
LOAD ./Core/Src/stm32f4xx_hal_msp.o
LOAD ./Core/Src/stm32f4xx_hal_timebase_tim.o
LOAD ./Core/Src/stm32f4xx_it.o
LOAD ./Core/Src/syscalls.o
LOAD ./Core/Src/sysmem.o
LOAD ./Core/Src/system_stm32f4xx.o
LOAD ./Core/Startup/startup_stm32f446retx.o
LOAD ./Drivers/STM32F4xx_HAL_Driver/stm32f4xx_hal.o
LOAD ./Drivers/STM32F4xx_HAL_Driver/stm32f4xx_hal_cortex.o
LOAD ./Drivers/STM32F4xx_HAL_Driver/stm32f4xx_hal_dma.o
LOAD ./Drivers/STM32F4xx_HAL_Driver/stm32f4xx_hal_dma_ex.o
LOAD ./Drivers/STM32F4xx_HAL_Driver/stm32f4xx_hal_exti.o
LOAD ./Drivers/STM32F4xx_HAL_Driver/stm32f4xx_hal_flash.o
LOAD ./Drivers/STM32F4xx_HAL_Driver/stm32f4xx_hal_flash_ex.o
LOAD ./Drivers/STM32F4xx_HAL_Driver/stm32f4xx_hal_flash_ramfunc.o
LOAD ./Drivers/STM32F4xx_HAL_Driver/stm32f4xx_hal_gpio.o
LOAD ./Drivers/STM32F4xx_HAL_Driver/stm32f4xx_hal_pwr.o
LOAD ./Drivers/STM32F4xx_HAL_Driver/stm32f4xx_hal_pwr_ex.o
LOAD ./Drivers/STM32F4xx_HAL_Driver/stm32f4xx_hal_rcc.o
LOAD ./Drivers/STM32F4xx_HAL_Driver/stm32f4xx_hal_rcc_ex.o
LOAD ./Drivers/STM32F4xx_HAL_Driver/stm32f4xx_hal_spi.o
LOAD ./Drivers/STM32F4xx_HAL_Driver/stm32f4xx_hal_tim.o
LOAD ./Drivers/STM32F4xx_HAL_Driver/stm32f4xx_hal_tim_ex.o
LOAD ./Drivers/STM32F4xx_HAL_Driver/stm32f4xx_hal_uart.o
LOAD ./FATFS/App/fatfs.o
LOAD ./FATFS/Target/user_diskio.o
LOAD ./Middlewares/FatFs/diskio.o
LOAD ./Middlewares/FatFs/ff.o
LOAD ./Middlewares/FatFs/ff_gen_drv.o
LOAD ./Middlewares/FatFs/syscall.o
LOAD ./Middlewares/FreeRTOS/cmsis_os2.o
LOAD ./Middlewares/FreeRTOS/croutine.o
LOAD ./Middlewares/FreeRTOS/event_groups.o
LOAD ./Middlewares/FreeRTOS/heap_4.o
LOAD ./Middlewares/FreeRTOS/list.o
LOAD ./Middlewares/FreeRTOS/port.o
LOAD ./Middlewares/FreeRTOS/queue.o
LOAD ./Middlewares/FreeRTOS/stream_buffer.o
LOAD ./Middlewares/FreeRTOS/tasks.o
LOAD ./Middlewares/FreeRTOS/timers.o
START GROUP
LOAD /opt/st/stm32cubeide_1.12.1/plugins/com.st.stm32cube.ide.mcu.externaltools.gnu-tools-for-stm32.10.3-2021.10.linux64_1.0.200.202301161003/tools/bin/../lib/gcc/arm-none-eabi/10.3.1/../../../../arm-none-eabi/lib/thumb/v7e-m+fp/hard/libc_nano.a
LOAD /opt/st/stm32cubeide_1.12.1/plugins/com.st.stm32cube.ide.mcu.externaltools.gnu-tools-for-stm32.10.3-2021.10.linux64_1.0.200.202301161003/tools/bin/../lib/gcc/arm-none-eabi/10.3.1/../../../../arm-none-eabi/lib/thumb/v7e-m+fp/hard/libm.a
END GROUP
START GROUP
LOAD /opt/st/stm32cubeide_1.12.1/plugins/com.st.stm32cube.ide.mcu.externaltools.gnu-tools-for-stm32.10.3-2021.10.linux64_1.0.200.202301161003/tools/bin/../lib/gcc/arm-none-eabi/10.3.1/thumb/v7e-m+fp/hard/libgcc.a
LOAD /opt/st/stm32cubeide_1.12.1/plugins/com.st.stm32cube.ide.mcu.externaltools.gnu-tools-for-stm32.10.3-2021.10.linux64_1.0.200.202301161003/tools/bin/../lib/gcc/arm-none-eabi/10.3.1/../../../../arm-none-eabi/lib/thumb/v7e-m+fp/hard/libc_nano.a
END GROUP
START GROUP
LOAD /opt/st/stm32cubeide_1.12.1/plugins/com.st.stm32cube.ide.mcu.externaltools.gnu-tools-for-stm32.10.3-2021.10.linux64_1.0.200.202301161003/tools/bin/../lib/gcc/arm-none-eabi/10.3.1/thumb/v7e-m+fp/hard/libgcc.a
LOAD /opt/st/stm32cubeide_1.12.1/plugins/com.st.stm32cube.ide.mcu.externaltools.gnu-tools-for-stm32.10.3-2021.10.linux64_1.0.200.202301161003/tools/bin/../lib/gcc/arm-none-eabi/10.3.1/../../../../arm-none-eabi/lib/thumb/v7e-m+fp/hard/libc_nano.a
LOAD /opt/st/stm32cubeide_1.12.1/plugins/com.st.stm32cube.ide.mcu.externaltools.gnu-tools-for-stm32.10.3-2021.10.linux64_1.0.200.202301161003/tools/bin/../lib/gcc/arm-none-eabi/10.3.1/../../../../arm-none-eabi/lib/thumb/v7e-m+fp/hard/libnosys.a
END GROUP
START GROUP
LOAD /opt/st/stm32cubeide_1.12.1/plugins/com.st.stm32cube.ide.mcu.externaltools.gnu-tools-for-stm32.10.3-2021.10.linux64_1.0.200.202301161003/tools/bin/../lib/gcc/arm-none-eabi/10.3.1/thumb/v7e-m+fp/hard/libgcc.a
LOAD /opt/st/stm32cubeide_1.12.1/plugins/com.st.stm32cube.ide.mcu.externaltools.gnu-tools-for-stm32.10.3-2021.10.linux64_1.0.200.202301161003/tools/bin/../lib/gcc/arm-none-eabi/10.3.1/../../../../arm-none-eabi/lib/thumb/v7e-m+fp/hard/libc_nano.a
LOAD /opt/st/stm32cubeide_1.12.1/plugins/com.st.stm32cube.ide.mcu.externaltools.gnu-tools-for-stm32.10.3-2021.10.linux64_1.0.200.202301161003/tools/bin/../lib/gcc/arm-none-eabi/10.3.1/../../../../arm-none-eabi/lib/thumb/v7e-m+fp/hard/libnosys.a
END GROUP
LOAD /opt/st/stm32cubeide_1.12.1/plugins/com.st.stm32cube.ide.mcu.externaltools.gnu-tools-for-stm32.10.3-2021.10.linux64_1.0.200.202301161003/tools/bin/../lib/gcc/arm-none-eabi/10.3.1/thumb/v7e-m+fp/hard/crtend.o
LOAD /opt/st/stm32cubeide_1.12.1/plugins/com.st.stm32cube.ide.mcu.externaltools.gnu-tools-for-stm32.10.3-2021.10.linux64_1.0.200.202301161003/tools/bin/../lib/gcc/arm-none-eabi/10.3.1/thumb/v7e-m+fp/hard/crtn.o
                0x0000000020020000                _estack = (ORIGIN (RAM) + LENGTH (RAM))
                0x0000000000000200                _Min_Heap_Size = 0x200
                0x0000000000000400                _Min_Stack_Size = 0x400

.isr_vector     0x0000000008000000      0x1c4
                0x0000000008000000                . = ALIGN (0x4)
 *(.isr_vector)
 .isr_vector    0x0000000008000000      0x1c4 ./Core/Startup/startup_stm32f446retx.o
                0x0000000008000000                g_pfnVectors
                0x00000000080001c4                . = ALIGN (0x4)

.text           0x00000000080001d0     0xa91c
                0x00000000080001d0                . = ALIGN (0x4)
 *(.text)
 .text          0x00000000080001d0       0x40 /opt/st/stm32cubeide_1.12.1/plugins/com.st.stm32cube.ide.mcu.externaltools.gnu-tools-for-stm32.10.3-2021.10.linux64_1.0.200.202301161003/tools/bin/../lib/gcc/arm-none-eabi/10.3.1/thumb/v7e-m+fp/hard/crtbegin.o
 .text          0x0000000008000210       0xa0 /opt/st/stm32cubeide_1.12.1/plugins/com.st.stm32cube.ide.mcu.externaltools.gnu-tools-for-stm32.10.3-2021.10.linux64_1.0.200.202301161003/tools/bin/../lib/gcc/arm-none-eabi/10.3.1/../../../../arm-none-eabi/lib/thumb/v7e-m+fp/hard/libc_nano.a(lib_a-memchr.o)
                0x0000000008000210                memchr
 .text          0x00000000080002b0       0x30 /opt/st/stm32cubeide_1.12.1/plugins/com.st.stm32cube.ide.mcu.externaltools.gnu-tools-for-stm32.10.3-2021.10.linux64_1.0.200.202301161003/tools/bin/../lib/gcc/arm-none-eabi/10.3.1/thumb/v7e-m+fp/hard/libgcc.a(_aeabi_uldivmod.o)
                0x00000000080002b0                __aeabi_uldivmod
 .text          0x00000000080002e0      0x2d0 /opt/st/stm32cubeide_1.12.1/plugins/com.st.stm32cube.ide.mcu.externaltools.gnu-tools-for-stm32.10.3-2021.10.linux64_1.0.200.202301161003/tools/bin/../lib/gcc/arm-none-eabi/10.3.1/thumb/v7e-m+fp/hard/libgcc.a(_udivmoddi4.o)
                0x00000000080002e0                __udivmoddi4
 .text          0x00000000080005b0        0x4 /opt/st/stm32cubeide_1.12.1/plugins/com.st.stm32cube.ide.mcu.externaltools.gnu-tools-for-stm32.10.3-2021.10.linux64_1.0.200.202301161003/tools/bin/../lib/gcc/arm-none-eabi/10.3.1/thumb/v7e-m+fp/hard/libgcc.a(_dvmd_tls.o)
                0x00000000080005b0                __aeabi_ldiv0
                0x00000000080005b0                __aeabi_idiv0
 *(.text*)
 .text.toggleLED_1
                0x00000000080005b4       0x38 ./Core/Src/main.o
                0x00000000080005b4                toggleLED_1
 .text.main     0x00000000080005ec      0x22c ./Core/Src/main.o
                0x00000000080005ec                main
 .text.SystemClock_Config
                0x0000000008000818       0xdc ./Core/Src/main.o
                0x0000000008000818                SystemClock_Config
 .text.MX_SPI2_Init
                0x00000000080008f4       0x6c ./Core/Src/main.o
 .text.MX_USART2_UART_Init
                0x0000000008000960       0x54 ./Core/Src/main.o
 .text.MX_GPIO_Init
                0x00000000080009b4       0xfc ./Core/Src/main.o
 .text.__io_putchar
                0x0000000008000ab0       0x24 ./Core/Src/main.o
                0x0000000008000ab0                __io_putchar
 .text.HAL_TIM_PeriodElapsedCallback
                0x0000000008000ad4       0x24 ./Core/Src/main.o
                0x0000000008000ad4                HAL_TIM_PeriodElapsedCallback
 .text.Error_Handler
                0x0000000008000af8        0xa ./Core/Src/main.o
                0x0000000008000af8                Error_Handler
 *fill*         0x0000000008000b02        0x2 
 .text.HAL_MspInit
                0x0000000008000b04       0x58 ./Core/Src/stm32f4xx_hal_msp.o
                0x0000000008000b04                HAL_MspInit
 .text.HAL_SPI_MspInit
                0x0000000008000b5c       0x90 ./Core/Src/stm32f4xx_hal_msp.o
                0x0000000008000b5c                HAL_SPI_MspInit
 .text.HAL_UART_MspInit
                0x0000000008000bec       0x90 ./Core/Src/stm32f4xx_hal_msp.o
                0x0000000008000bec                HAL_UART_MspInit
 .text.HAL_InitTick
                0x0000000008000c7c       0xb0 ./Core/Src/stm32f4xx_hal_timebase_tim.o
                0x0000000008000c7c                HAL_InitTick
 .text.NMI_Handler
                0x0000000008000d2c        0x6 ./Core/Src/stm32f4xx_it.o
                0x0000000008000d2c                NMI_Handler
 .text.HardFault_Handler
                0x0000000008000d32        0x6 ./Core/Src/stm32f4xx_it.o
                0x0000000008000d32                HardFault_Handler
 .text.MemManage_Handler
                0x0000000008000d38        0x6 ./Core/Src/stm32f4xx_it.o
                0x0000000008000d38                MemManage_Handler
 .text.BusFault_Handler
                0x0000000008000d3e        0x6 ./Core/Src/stm32f4xx_it.o
                0x0000000008000d3e                BusFault_Handler
 .text.UsageFault_Handler
                0x0000000008000d44        0x6 ./Core/Src/stm32f4xx_it.o
                0x0000000008000d44                UsageFault_Handler
 .text.DebugMon_Handler
                0x0000000008000d4a        0xe ./Core/Src/stm32f4xx_it.o
                0x0000000008000d4a                DebugMon_Handler
 .text.TIM1_UP_TIM10_IRQHandler
                0x0000000008000d58       0x14 ./Core/Src/stm32f4xx_it.o
                0x0000000008000d58                TIM1_UP_TIM10_IRQHandler
 .text._read    0x0000000008000d6c       0x3a ./Core/Src/syscalls.o
                0x0000000008000d6c                _read
 .text._write   0x0000000008000da6       0x38 ./Core/Src/syscalls.o
                0x0000000008000da6                _write
 .text._close   0x0000000008000dde       0x18 ./Core/Src/syscalls.o
                0x0000000008000dde                _close
 .text._fstat   0x0000000008000df6       0x20 ./Core/Src/syscalls.o
                0x0000000008000df6                _fstat
 .text._isatty  0x0000000008000e16       0x16 ./Core/Src/syscalls.o
                0x0000000008000e16                _isatty
 .text._lseek   0x0000000008000e2c       0x1a ./Core/Src/syscalls.o
                0x0000000008000e2c                _lseek
 *fill*         0x0000000008000e46        0x2 
 .text._sbrk    0x0000000008000e48       0x6c ./Core/Src/sysmem.o
                0x0000000008000e48                _sbrk
 .text.SystemInit
                0x0000000008000eb4       0x24 ./Core/Src/system_stm32f4xx.o
                0x0000000008000eb4                SystemInit
 .text.Reset_Handler
                0x0000000008000ed8       0x50 ./Core/Startup/startup_stm32f446retx.o
                0x0000000008000ed8                Reset_Handler
 .text.Default_Handler
                0x0000000008000f28        0x2 ./Core/Startup/startup_stm32f446retx.o
                0x0000000008000f28                RTC_Alarm_IRQHandler
                0x0000000008000f28                EXTI2_IRQHandler
                0x0000000008000f28                TIM8_CC_IRQHandler
                0x0000000008000f28                FMPI2C1_EV_IRQHandler
                0x0000000008000f28                SPI4_IRQHandler
                0x0000000008000f28                TIM1_CC_IRQHandler
                0x0000000008000f28                DMA2_Stream5_IRQHandler
                0x0000000008000f28                DMA1_Stream5_IRQHandler
                0x0000000008000f28                PVD_IRQHandler
                0x0000000008000f28                SDIO_IRQHandler
                0x0000000008000f28                TAMP_STAMP_IRQHandler
                0x0000000008000f28                CAN2_RX1_IRQHandler
                0x0000000008000f28                EXTI3_IRQHandler
                0x0000000008000f28                TIM8_TRG_COM_TIM14_IRQHandler
                0x0000000008000f28                TIM8_UP_TIM13_IRQHandler
                0x0000000008000f28                I2C3_ER_IRQHandler
                0x0000000008000f28                EXTI0_IRQHandler
                0x0000000008000f28                I2C2_EV_IRQHandler
                0x0000000008000f28                DMA1_Stream2_IRQHandler
                0x0000000008000f28                CAN1_RX0_IRQHandler
                0x0000000008000f28                FPU_IRQHandler
                0x0000000008000f28                OTG_HS_WKUP_IRQHandler
                0x0000000008000f28                CAN2_SCE_IRQHandler
                0x0000000008000f28                DMA2_Stream2_IRQHandler
                0x0000000008000f28                SPI1_IRQHandler
                0x0000000008000f28                TIM6_DAC_IRQHandler
                0x0000000008000f28                TIM1_BRK_TIM9_IRQHandler
                0x0000000008000f28                DCMI_IRQHandler
                0x0000000008000f28                CAN2_RX0_IRQHandler
                0x0000000008000f28                DMA2_Stream3_IRQHandler
                0x0000000008000f28                SAI2_IRQHandler
                0x0000000008000f28                USART6_IRQHandler
                0x0000000008000f28                USART3_IRQHandler
                0x0000000008000f28                CAN1_RX1_IRQHandler
                0x0000000008000f28                UART5_IRQHandler
                0x0000000008000f28                DMA2_Stream0_IRQHandler
                0x0000000008000f28                TIM4_IRQHandler
                0x0000000008000f28                QUADSPI_IRQHandler
                0x0000000008000f28                I2C1_EV_IRQHandler
                0x0000000008000f28                DMA1_Stream6_IRQHandler
                0x0000000008000f28                DMA1_Stream1_IRQHandler
                0x0000000008000f28                UART4_IRQHandler
                0x0000000008000f28                TIM3_IRQHandler
                0x0000000008000f28                RCC_IRQHandler
                0x0000000008000f28                TIM8_BRK_TIM12_IRQHandler
                0x0000000008000f28                Default_Handler
                0x0000000008000f28                CEC_IRQHandler
                0x0000000008000f28                EXTI15_10_IRQHandler
                0x0000000008000f28                ADC_IRQHandler
                0x0000000008000f28                DMA1_Stream7_IRQHandler
                0x0000000008000f28                TIM7_IRQHandler
                0x0000000008000f28                CAN2_TX_IRQHandler
                0x0000000008000f28                TIM5_IRQHandler
                0x0000000008000f28                DMA2_Stream7_IRQHandler
                0x0000000008000f28                I2C3_EV_IRQHandler
                0x0000000008000f28                EXTI9_5_IRQHandler
                0x0000000008000f28                RTC_WKUP_IRQHandler
                0x0000000008000f28                SPDIF_RX_IRQHandler
                0x0000000008000f28                SPI2_IRQHandler
                0x0000000008000f28                OTG_HS_EP1_IN_IRQHandler
                0x0000000008000f28                DMA1_Stream0_IRQHandler
                0x0000000008000f28                CAN1_TX_IRQHandler
                0x0000000008000f28                FMPI2C1_ER_IRQHandler
                0x0000000008000f28                EXTI4_IRQHandler
                0x0000000008000f28                OTG_HS_EP1_OUT_IRQHandler
                0x0000000008000f28                WWDG_IRQHandler
                0x0000000008000f28                TIM2_IRQHandler
                0x0000000008000f28                OTG_FS_WKUP_IRQHandler
                0x0000000008000f28                TIM1_TRG_COM_TIM11_IRQHandler
                0x0000000008000f28                OTG_HS_IRQHandler
                0x0000000008000f28                EXTI1_IRQHandler
                0x0000000008000f28                USART2_IRQHandler
                0x0000000008000f28                I2C2_ER_IRQHandler
                0x0000000008000f28                DMA2_Stream1_IRQHandler
                0x0000000008000f28                CAN1_SCE_IRQHandler
                0x0000000008000f28                FLASH_IRQHandler
                0x0000000008000f28                DMA2_Stream4_IRQHandler
                0x0000000008000f28                USART1_IRQHandler
                0x0000000008000f28                OTG_FS_IRQHandler
                0x0000000008000f28                SPI3_IRQHandler
                0x0000000008000f28                DMA1_Stream4_IRQHandler
                0x0000000008000f28                I2C1_ER_IRQHandler
                0x0000000008000f28                FMC_IRQHandler
                0x0000000008000f28                DMA2_Stream6_IRQHandler
                0x0000000008000f28                SAI1_IRQHandler
                0x0000000008000f28                DMA1_Stream3_IRQHandler
 *fill*         0x0000000008000f2a        0x2 
 .text.HAL_Init
                0x0000000008000f2c       0x44 ./Drivers/STM32F4xx_HAL_Driver/stm32f4xx_hal.o
                0x0000000008000f2c                HAL_Init
 .text.HAL_IncTick
                0x0000000008000f70       0x28 ./Drivers/STM32F4xx_HAL_Driver/stm32f4xx_hal.o
                0x0000000008000f70                HAL_IncTick
 .text.HAL_GetTick
                0x0000000008000f98       0x18 ./Drivers/STM32F4xx_HAL_Driver/stm32f4xx_hal.o
                0x0000000008000f98                HAL_GetTick
 .text.HAL_Delay
                0x0000000008000fb0       0x48 ./Drivers/STM32F4xx_HAL_Driver/stm32f4xx_hal.o
                0x0000000008000fb0                HAL_Delay
 .text.__NVIC_SetPriorityGrouping
                0x0000000008000ff8       0x48 ./Drivers/STM32F4xx_HAL_Driver/stm32f4xx_hal_cortex.o
 .text.__NVIC_GetPriorityGrouping
                0x0000000008001040       0x1c ./Drivers/STM32F4xx_HAL_Driver/stm32f4xx_hal_cortex.o
 .text.__NVIC_EnableIRQ
                0x000000000800105c       0x3c ./Drivers/STM32F4xx_HAL_Driver/stm32f4xx_hal_cortex.o
 .text.__NVIC_SetPriority
                0x0000000008001098       0x54 ./Drivers/STM32F4xx_HAL_Driver/stm32f4xx_hal_cortex.o
 .text.NVIC_EncodePriority
                0x00000000080010ec       0x66 ./Drivers/STM32F4xx_HAL_Driver/stm32f4xx_hal_cortex.o
 .text.HAL_NVIC_SetPriorityGrouping
                0x0000000008001152       0x16 ./Drivers/STM32F4xx_HAL_Driver/stm32f4xx_hal_cortex.o
                0x0000000008001152                HAL_NVIC_SetPriorityGrouping
 .text.HAL_NVIC_SetPriority
                0x0000000008001168       0x38 ./Drivers/STM32F4xx_HAL_Driver/stm32f4xx_hal_cortex.o
                0x0000000008001168                HAL_NVIC_SetPriority
 .text.HAL_NVIC_EnableIRQ
                0x00000000080011a0       0x1c ./Drivers/STM32F4xx_HAL_Driver/stm32f4xx_hal_cortex.o
                0x00000000080011a0                HAL_NVIC_EnableIRQ
 .text.HAL_GPIO_Init
                0x00000000080011bc      0x328 ./Drivers/STM32F4xx_HAL_Driver/stm32f4xx_hal_gpio.o
                0x00000000080011bc                HAL_GPIO_Init
 .text.HAL_GPIO_WritePin
                0x00000000080014e4       0x32 ./Drivers/STM32F4xx_HAL_Driver/stm32f4xx_hal_gpio.o
                0x00000000080014e4                HAL_GPIO_WritePin
 *fill*         0x0000000008001516        0x2 
 .text.HAL_RCC_ClockConfig
                0x0000000008001518      0x1cc ./Drivers/STM32F4xx_HAL_Driver/stm32f4xx_hal_rcc.o
                0x0000000008001518                HAL_RCC_ClockConfig
 .text.HAL_RCC_GetHCLKFreq
                0x00000000080016e4       0x18 ./Drivers/STM32F4xx_HAL_Driver/stm32f4xx_hal_rcc.o
                0x00000000080016e4                HAL_RCC_GetHCLKFreq
 .text.HAL_RCC_GetPCLK1Freq
                0x00000000080016fc       0x28 ./Drivers/STM32F4xx_HAL_Driver/stm32f4xx_hal_rcc.o
                0x00000000080016fc                HAL_RCC_GetPCLK1Freq
 .text.HAL_RCC_GetPCLK2Freq
                0x0000000008001724       0x28 ./Drivers/STM32F4xx_HAL_Driver/stm32f4xx_hal_rcc.o
                0x0000000008001724                HAL_RCC_GetPCLK2Freq
 .text.HAL_RCC_GetClockConfig
                0x000000000800174c       0x64 ./Drivers/STM32F4xx_HAL_Driver/stm32f4xx_hal_rcc.o
                0x000000000800174c                HAL_RCC_GetClockConfig
 .text.HAL_RCC_GetSysClockFreq
                0x00000000080017b0      0x460 ./Drivers/STM32F4xx_HAL_Driver/stm32f4xx_hal_rcc_ex.o
                0x00000000080017b0                HAL_RCC_GetSysClockFreq
 .text.HAL_RCC_OscConfig
                0x0000000008001c10      0x53c ./Drivers/STM32F4xx_HAL_Driver/stm32f4xx_hal_rcc_ex.o
                0x0000000008001c10                HAL_RCC_OscConfig
 .text.HAL_SPI_Init
                0x000000000800214c      0x112 ./Drivers/STM32F4xx_HAL_Driver/stm32f4xx_hal_spi.o
                0x000000000800214c                HAL_SPI_Init
 .text.HAL_SPI_Transmit
                0x000000000800225e      0x278 ./Drivers/STM32F4xx_HAL_Driver/stm32f4xx_hal_spi.o
                0x000000000800225e                HAL_SPI_Transmit
 .text.HAL_SPI_TransmitReceive
                0x00000000080024d6      0x344 ./Drivers/STM32F4xx_HAL_Driver/stm32f4xx_hal_spi.o
                0x00000000080024d6                HAL_SPI_TransmitReceive
 *fill*         0x000000000800281a        0x2 
 .text.SPI_WaitFlagStateUntilTimeout
                0x000000000800281c      0x110 ./Drivers/STM32F4xx_HAL_Driver/stm32f4xx_hal_spi.o
 .text.SPI_EndRxTxTransaction
                0x000000000800292c       0x84 ./Drivers/STM32F4xx_HAL_Driver/stm32f4xx_hal_spi.o
 .text.HAL_TIM_Base_Init
                0x00000000080029b0       0x9e ./Drivers/STM32F4xx_HAL_Driver/stm32f4xx_hal_tim.o
                0x00000000080029b0                HAL_TIM_Base_Init
 .text.HAL_TIM_Base_MspInit
                0x0000000008002a4e       0x14 ./Drivers/STM32F4xx_HAL_Driver/stm32f4xx_hal_tim.o
                0x0000000008002a4e                HAL_TIM_Base_MspInit
 *fill*         0x0000000008002a62        0x2 
 .text.HAL_TIM_Base_Start_IT
                0x0000000008002a64       0xe0 ./Drivers/STM32F4xx_HAL_Driver/stm32f4xx_hal_tim.o
                0x0000000008002a64                HAL_TIM_Base_Start_IT
 .text.HAL_TIM_IRQHandler
                0x0000000008002b44      0x210 ./Drivers/STM32F4xx_HAL_Driver/stm32f4xx_hal_tim.o
                0x0000000008002b44                HAL_TIM_IRQHandler
 .text.HAL_TIM_OC_DelayElapsedCallback
                0x0000000008002d54       0x14 ./Drivers/STM32F4xx_HAL_Driver/stm32f4xx_hal_tim.o
                0x0000000008002d54                HAL_TIM_OC_DelayElapsedCallback
 .text.HAL_TIM_IC_CaptureCallback
                0x0000000008002d68       0x14 ./Drivers/STM32F4xx_HAL_Driver/stm32f4xx_hal_tim.o
                0x0000000008002d68                HAL_TIM_IC_CaptureCallback
 .text.HAL_TIM_PWM_PulseFinishedCallback
                0x0000000008002d7c       0x14 ./Drivers/STM32F4xx_HAL_Driver/stm32f4xx_hal_tim.o
                0x0000000008002d7c                HAL_TIM_PWM_PulseFinishedCallback
 .text.HAL_TIM_TriggerCallback
                0x0000000008002d90       0x14 ./Drivers/STM32F4xx_HAL_Driver/stm32f4xx_hal_tim.o
                0x0000000008002d90                HAL_TIM_TriggerCallback
 .text.TIM_Base_SetConfig
                0x0000000008002da4      0x140 ./Drivers/STM32F4xx_HAL_Driver/stm32f4xx_hal_tim.o
                0x0000000008002da4                TIM_Base_SetConfig
 .text.HAL_TIMEx_CommutCallback
                0x0000000008002ee4       0x14 ./Drivers/STM32F4xx_HAL_Driver/stm32f4xx_hal_tim_ex.o
                0x0000000008002ee4                HAL_TIMEx_CommutCallback
 .text.HAL_TIMEx_BreakCallback
                0x0000000008002ef8       0x14 ./Drivers/STM32F4xx_HAL_Driver/stm32f4xx_hal_tim_ex.o
                0x0000000008002ef8                HAL_TIMEx_BreakCallback
 .text.HAL_UART_Init
                0x0000000008002f0c       0x9a ./Drivers/STM32F4xx_HAL_Driver/stm32f4xx_hal_uart.o
                0x0000000008002f0c                HAL_UART_Init
 .text.HAL_UART_Transmit
                0x0000000008002fa6      0x124 ./Drivers/STM32F4xx_HAL_Driver/stm32f4xx_hal_uart.o
                0x0000000008002fa6                HAL_UART_Transmit
 .text.UART_WaitOnFlagUntilTimeout
                0x00000000080030ca       0xdc ./Drivers/STM32F4xx_HAL_Driver/stm32f4xx_hal_uart.o
 *fill*         0x00000000080031a6        0x2 
 .text.UART_SetConfig
                0x00000000080031a8      0x4e8 ./Drivers/STM32F4xx_HAL_Driver/stm32f4xx_hal_uart.o
 .text.MX_FATFS_Init
                0x0000000008003690       0x24 ./FATFS/App/fatfs.o
                0x0000000008003690                MX_FATFS_Init
 .text.get_fattime
                0x00000000080036b4       0x10 ./FATFS/App/fatfs.o
                0x00000000080036b4                get_fattime
 .text.GenerateCRCTable
                0x00000000080036c4       0xa4 ./FATFS/Target/user_diskio.o
                0x00000000080036c4                GenerateCRCTable
 .text.CRCAdd   0x0000000008003768       0x2c ./FATFS/Target/user_diskio.o
                0x0000000008003768                CRCAdd
 .text.getCRC   0x0000000008003794       0x42 ./FATFS/Target/user_diskio.o
                0x0000000008003794                getCRC
 *fill*         0x00000000080037d6        0x2 
 .text.send_SD_cmd
                0x00000000080037d8      0x15c ./FATFS/Target/user_diskio.o
                0x00000000080037d8                send_SD_cmd
 .text.get_trail
                0x0000000008003934       0x8c ./FATFS/Target/user_diskio.o
                0x0000000008003934                get_trail
 .text.USER_initialize
                0x00000000080039c0      0x144 ./FATFS/Target/user_diskio.o
                0x00000000080039c0                USER_initialize
 .text.USER_status
                0x0000000008003b04       0x20 ./FATFS/Target/user_diskio.o
                0x0000000008003b04                USER_status
 .text.USER_read
                0x0000000008003b24      0x1d8 ./FATFS/Target/user_diskio.o
                0x0000000008003b24                USER_read
 .text.USER_write
                0x0000000008003cfc      0x294 ./FATFS/Target/user_diskio.o
                0x0000000008003cfc                USER_write
 .text.USER_ioctl
                0x0000000008003f90      0x16c ./FATFS/Target/user_diskio.o
                0x0000000008003f90                USER_ioctl
 .text.disk_status
                0x00000000080040fc       0x34 ./Middlewares/FatFs/diskio.o
                0x00000000080040fc                disk_status
 .text.disk_initialize
                0x0000000008004130       0x4c ./Middlewares/FatFs/diskio.o
                0x0000000008004130                disk_initialize
 .text.disk_read
                0x000000000800417c       0x40 ./Middlewares/FatFs/diskio.o
                0x000000000800417c                disk_read
 .text.disk_write
                0x00000000080041bc       0x40 ./Middlewares/FatFs/diskio.o
                0x00000000080041bc                disk_write
 .text.disk_ioctl
                0x00000000080041fc       0x3c ./Middlewares/FatFs/diskio.o
                0x00000000080041fc                disk_ioctl
 .text.ld_word  0x0000000008004238       0x30 ./Middlewares/FatFs/ff.o
 .text.ld_dword
                0x0000000008004268       0x46 ./Middlewares/FatFs/ff.o
 .text.st_word  0x00000000080042ae       0x36 ./Middlewares/FatFs/ff.o
 .text.st_dword
                0x00000000080042e4       0x58 ./Middlewares/FatFs/ff.o
 .text.mem_cpy  0x000000000800433c       0x42 ./Middlewares/FatFs/ff.o
 .text.mem_set  0x000000000800437e       0x36 ./Middlewares/FatFs/ff.o
 .text.mem_cmp  0x00000000080043b4       0x4e ./Middlewares/FatFs/ff.o
 .text.chk_chr  0x0000000008004402       0x36 ./Middlewares/FatFs/ff.o
 .text.lock_fs  0x0000000008004438       0x2c ./Middlewares/FatFs/ff.o
 .text.unlock_fs
                0x0000000008004464       0x36 ./Middlewares/FatFs/ff.o
 *fill*         0x000000000800449a        0x2 
 .text.chk_lock
                0x000000000800449c       0xb8 ./Middlewares/FatFs/ff.o
 .text.enq_lock
                0x0000000008004554       0x44 ./Middlewares/FatFs/ff.o
 .text.inc_lock
                0x0000000008004598      0x11c ./Middlewares/FatFs/ff.o
 .text.dec_lock
                0x00000000080046b4       0x78 ./Middlewares/FatFs/ff.o
 .text.clear_lock
                0x000000000800472c       0x48 ./Middlewares/FatFs/ff.o
 .text.sync_window
                0x0000000008004774       0x88 ./Middlewares/FatFs/ff.o
 .text.move_window
                0x00000000080047fc       0x5a ./Middlewares/FatFs/ff.o
 *fill*         0x0000000008004856        0x2 
 .text.sync_fs  0x0000000008004858       0xdc ./Middlewares/FatFs/ff.o
 .text.clust2sect
                0x0000000008004934       0x3e ./Middlewares/FatFs/ff.o
 .text.get_fat  0x0000000008004972      0x150 ./Middlewares/FatFs/ff.o
 .text.put_fat  0x0000000008004ac2      0x1d8 ./Middlewares/FatFs/ff.o
 .text.remove_chain
                0x0000000008004c9a       0xca ./Middlewares/FatFs/ff.o
 .text.create_chain
                0x0000000008004d64      0x130 ./Middlewares/FatFs/ff.o
 .text.clmt_clust
                0x0000000008004e94       0x68 ./Middlewares/FatFs/ff.o
 .text.dir_sdi  0x0000000008004efc       0xf6 ./Middlewares/FatFs/ff.o
 .text.dir_next
                0x0000000008004ff2      0x18a ./Middlewares/FatFs/ff.o
 .text.dir_alloc
                0x000000000800517c       0x8e ./Middlewares/FatFs/ff.o
 .text.ld_clust
                0x000000000800520a       0x3e ./Middlewares/FatFs/ff.o
 .text.st_clust
                0x0000000008005248       0x40 ./Middlewares/FatFs/ff.o
 .text.dir_find
                0x0000000008005288       0xaa ./Middlewares/FatFs/ff.o
 .text.dir_register
                0x0000000008005332       0x64 ./Middlewares/FatFs/ff.o
 .text.get_fileinfo
                0x0000000008005396       0xbe ./Middlewares/FatFs/ff.o
 .text.create_name
                0x0000000008005454      0x128 ./Middlewares/FatFs/ff.o
 .text.follow_path
                0x000000000800557c       0xe2 ./Middlewares/FatFs/ff.o
 .text.get_ldnumber
                0x000000000800565e       0x88 ./Middlewares/FatFs/ff.o
 *fill*         0x00000000080056e6        0x2 
 .text.check_fs
                0x00000000080056e8       0xac ./Middlewares/FatFs/ff.o
 .text.find_volume
                0x0000000008005794      0x4a8 ./Middlewares/FatFs/ff.o
 .text.validate
                0x0000000008005c3c       0x8e ./Middlewares/FatFs/ff.o
 *fill*         0x0000000008005cca        0x2 
 .text.f_mount  0x0000000008005ccc       0xc8 ./Middlewares/FatFs/ff.o
                0x0000000008005ccc                f_mount
 .text.f_open   0x0000000008005d94      0x38a ./Middlewares/FatFs/ff.o
                0x0000000008005d94                f_open
 .text.f_write  0x000000000800611e      0x348 ./Middlewares/FatFs/ff.o
                0x000000000800611e                f_write
 .text.f_sync   0x0000000008006466      0x112 ./Middlewares/FatFs/ff.o
                0x0000000008006466                f_sync
 .text.f_close  0x0000000008006578       0x5e ./Middlewares/FatFs/ff.o
                0x0000000008006578                f_close
 .text.f_stat   0x00000000080065d6       0x80 ./Middlewares/FatFs/ff.o
                0x00000000080065d6                f_stat
 *fill*         0x0000000008006656        0x2 
 .text.FATFS_LinkDriverEx
                0x0000000008006658       0x98 ./Middlewares/FatFs/ff_gen_drv.o
                0x0000000008006658                FATFS_LinkDriverEx
 .text.FATFS_LinkDriver
                0x00000000080066f0       0x1e ./Middlewares/FatFs/ff_gen_drv.o
                0x00000000080066f0                FATFS_LinkDriver
 .text.ff_cre_syncobj
                0x000000000800670e       0x36 ./Middlewares/FatFs/syscall.o
                0x000000000800670e                ff_cre_syncobj
 .text.ff_del_syncobj
                0x0000000008006744       0x18 ./Middlewares/FatFs/syscall.o
                0x0000000008006744                ff_del_syncobj
 .text.ff_req_grant
                0x000000000800675c       0x2a ./Middlewares/FatFs/syscall.o
                0x000000000800675c                ff_req_grant
 .text.ff_rel_grant
                0x0000000008006786       0x16 ./Middlewares/FatFs/syscall.o
                0x0000000008006786                ff_rel_grant
 .text.SysTick_Handler
                0x000000000800679c       0x20 ./Middlewares/FreeRTOS/cmsis_os2.o
                0x000000000800679c                SysTick_Handler
 .text.osSemaphoreNew
                0x00000000080067bc      0x112 ./Middlewares/FreeRTOS/cmsis_os2.o
                0x00000000080067bc                osSemaphoreNew
 *fill*         0x00000000080068ce        0x2 
 .text.osSemaphoreAcquire
                0x00000000080068d0       0xa4 ./Middlewares/FreeRTOS/cmsis_os2.o
                0x00000000080068d0                osSemaphoreAcquire
 .text.osSemaphoreRelease
                0x0000000008006974       0x88 ./Middlewares/FreeRTOS/cmsis_os2.o
                0x0000000008006974                osSemaphoreRelease
 .text.osSemaphoreDelete
                0x00000000080069fc       0x48 ./Middlewares/FreeRTOS/cmsis_os2.o
                0x00000000080069fc                osSemaphoreDelete
 .text.vApplicationGetIdleTaskMemory
                0x0000000008006a44       0x34 ./Middlewares/FreeRTOS/cmsis_os2.o
                0x0000000008006a44                vApplicationGetIdleTaskMemory
 .text.vApplicationGetTimerTaskMemory
                0x0000000008006a78       0x34 ./Middlewares/FreeRTOS/cmsis_os2.o
                0x0000000008006a78                vApplicationGetTimerTaskMemory
 .text.pvPortMalloc
                0x0000000008006aac      0x198 ./Middlewares/FreeRTOS/heap_4.o
                0x0000000008006aac                pvPortMalloc
 .text.vPortFree
                0x0000000008006c44       0xc4 ./Middlewares/FreeRTOS/heap_4.o
                0x0000000008006c44                vPortFree
 .text.prvHeapInit
                0x0000000008006d08       0xc4 ./Middlewares/FreeRTOS/heap_4.o
 .text.prvInsertBlockIntoFreeList
                0x0000000008006dcc       0xb4 ./Middlewares/FreeRTOS/heap_4.o
 .text.vListInitialise
                0x0000000008006e80       0x40 ./Middlewares/FreeRTOS/list.o
                0x0000000008006e80                vListInitialise
 .text.vListInitialiseItem
                0x0000000008006ec0       0x1a ./Middlewares/FreeRTOS/list.o
                0x0000000008006ec0                vListInitialiseItem
 .text.vListInsertEnd
                0x0000000008006eda       0x48 ./Middlewares/FreeRTOS/list.o
                0x0000000008006eda                vListInsertEnd
 .text.vListInsert
                0x0000000008006f22       0x72 ./Middlewares/FreeRTOS/list.o
                0x0000000008006f22                vListInsert
 .text.uxListRemove
                0x0000000008006f94       0x54 ./Middlewares/FreeRTOS/list.o
                0x0000000008006f94                uxListRemove
 .text.pxPortInitialiseStack
                0x0000000008006fe8       0x68 ./Middlewares/FreeRTOS/port.o
                0x0000000008006fe8                pxPortInitialiseStack
 .text.prvTaskExitError
                0x0000000008007050       0x58 ./Middlewares/FreeRTOS/port.o
 *fill*         0x00000000080070a8        0x8 
 .text.SVC_Handler
                0x00000000080070b0       0x28 ./Middlewares/FreeRTOS/port.o
                0x00000000080070b0                SVC_Handler
 .text.prvPortStartFirstTask
                0x00000000080070d8       0x28 ./Middlewares/FreeRTOS/port.o
 .text.xPortStartScheduler
                0x0000000008007100      0x144 ./Middlewares/FreeRTOS/port.o
                0x0000000008007100                xPortStartScheduler
 .text.vPortEnterCritical
                0x0000000008007244       0x60 ./Middlewares/FreeRTOS/port.o
                0x0000000008007244                vPortEnterCritical
 .text.vPortExitCritical
                0x00000000080072a4       0x54 ./Middlewares/FreeRTOS/port.o
                0x00000000080072a4                vPortExitCritical
 *fill*         0x00000000080072f8        0x8 
 .text.PendSV_Handler
                0x0000000008007300       0x68 ./Middlewares/FreeRTOS/port.o
                0x0000000008007300                PendSV_Handler
 .text.xPortSysTickHandler
                0x0000000008007368       0x44 ./Middlewares/FreeRTOS/port.o
                0x0000000008007368                xPortSysTickHandler
 .text.vPortSetupTimerInterrupt
                0x00000000080073ac       0x48 ./Middlewares/FreeRTOS/port.o
                0x00000000080073ac                vPortSetupTimerInterrupt
 .text.vPortEnableVFP
                0x00000000080073f4       0x14 ./Middlewares/FreeRTOS/port.o
 .text.vPortValidateInterruptPriority
                0x0000000008007408       0x80 ./Middlewares/FreeRTOS/port.o
                0x0000000008007408                vPortValidateInterruptPriority
 .text.xQueueGenericReset
                0x0000000008007488       0xd0 ./Middlewares/FreeRTOS/queue.o
                0x0000000008007488                xQueueGenericReset
 .text.xQueueGenericCreateStatic
                0x0000000008007558       0xf0 ./Middlewares/FreeRTOS/queue.o
                0x0000000008007558                xQueueGenericCreateStatic
 .text.xQueueGenericCreate
                0x0000000008007648       0x74 ./Middlewares/FreeRTOS/queue.o
                0x0000000008007648                xQueueGenericCreate
 .text.prvInitialiseNewQueue
                0x00000000080076bc       0x46 ./Middlewares/FreeRTOS/queue.o
 .text.xQueueCreateCountingSemaphoreStatic
                0x0000000008007702       0x6e ./Middlewares/FreeRTOS/queue.o
                0x0000000008007702                xQueueCreateCountingSemaphoreStatic
 .text.xQueueCreateCountingSemaphore
                0x0000000008007770       0x66 ./Middlewares/FreeRTOS/queue.o
                0x0000000008007770                xQueueCreateCountingSemaphore
 *fill*         0x00000000080077d6        0x2 
 .text.xQueueGenericSend
                0x00000000080077d8      0x1fc ./Middlewares/FreeRTOS/queue.o
                0x00000000080077d8                xQueueGenericSend
 .text.xQueueGenericSendFromISR
                0x00000000080079d4      0x136 ./Middlewares/FreeRTOS/queue.o
                0x00000000080079d4                xQueueGenericSendFromISR
 .text.xQueueGiveFromISR
                0x0000000008007b0a      0x11a ./Middlewares/FreeRTOS/queue.o
                0x0000000008007b0a                xQueueGiveFromISR
 .text.xQueueReceive
                0x0000000008007c24      0x1c0 ./Middlewares/FreeRTOS/queue.o
                0x0000000008007c24                xQueueReceive
 .text.xQueueSemaphoreTake
                0x0000000008007de4      0x218 ./Middlewares/FreeRTOS/queue.o
                0x0000000008007de4                xQueueSemaphoreTake
 .text.xQueueReceiveFromISR
                0x0000000008007ffc      0x100 ./Middlewares/FreeRTOS/queue.o
                0x0000000008007ffc                xQueueReceiveFromISR
 .text.vQueueDelete
                0x00000000080080fc       0x46 ./Middlewares/FreeRTOS/queue.o
                0x00000000080080fc                vQueueDelete
 .text.prvGetDisinheritPriorityAfterTimeout
                0x0000000008008142       0x30 ./Middlewares/FreeRTOS/queue.o
 .text.prvCopyDataToQueue
                0x0000000008008172       0xd4 ./Middlewares/FreeRTOS/queue.o
 .text.prvCopyDataFromQueue
                0x0000000008008246       0x4c ./Middlewares/FreeRTOS/queue.o
 .text.prvUnlockQueue
                0x0000000008008292       0xa4 ./Middlewares/FreeRTOS/queue.o
 .text.prvIsQueueEmpty
                0x0000000008008336       0x2c ./Middlewares/FreeRTOS/queue.o
 .text.prvIsQueueFull
                0x0000000008008362       0x30 ./Middlewares/FreeRTOS/queue.o
 *fill*         0x0000000008008392        0x2 
 .text.vQueueAddToRegistry
                0x0000000008008394       0x54 ./Middlewares/FreeRTOS/queue.o
                0x0000000008008394                vQueueAddToRegistry
 .text.vQueueUnregisterQueue
                0x00000000080083e8       0x54 ./Middlewares/FreeRTOS/queue.o
                0x00000000080083e8                vQueueUnregisterQueue
 .text.vQueueWaitForMessageRestricted
                0x000000000800843c       0x68 ./Middlewares/FreeRTOS/queue.o
                0x000000000800843c                vQueueWaitForMessageRestricted
 .text.xTaskCreateStatic
                0x00000000080084a4       0xba ./Middlewares/FreeRTOS/tasks.o
                0x00000000080084a4                xTaskCreateStatic
 .text.xTaskCreate
                0x000000000800855e       0x8a ./Middlewares/FreeRTOS/tasks.o
                0x000000000800855e                xTaskCreate
 .text.prvInitialiseNewTask
                0x00000000080085e8      0x11e ./Middlewares/FreeRTOS/tasks.o
 *fill*         0x0000000008008706        0x2 
 .text.prvAddNewTaskToReadyList
                0x0000000008008708       0xe0 ./Middlewares/FreeRTOS/tasks.o
 .text.vTaskDelay
                0x00000000080087e8       0x68 ./Middlewares/FreeRTOS/tasks.o
                0x00000000080087e8                vTaskDelay
 .text.vTaskStartScheduler
                0x0000000008008850       0xcc ./Middlewares/FreeRTOS/tasks.o
                0x0000000008008850                vTaskStartScheduler
 .text.vTaskSuspendAll
                0x000000000800891c       0x1c ./Middlewares/FreeRTOS/tasks.o
                0x000000000800891c                vTaskSuspendAll
 .text.xTaskResumeAll
                0x0000000008008938      0x13c ./Middlewares/FreeRTOS/tasks.o
                0x0000000008008938                xTaskResumeAll
 .text.xTaskGetTickCount
                0x0000000008008a74       0x20 ./Middlewares/FreeRTOS/tasks.o
                0x0000000008008a74                xTaskGetTickCount
 .text.xTaskIncrementTick
                0x0000000008008a94      0x174 ./Middlewares/FreeRTOS/tasks.o
                0x0000000008008a94                xTaskIncrementTick
 .text.vTaskSwitchContext
                0x0000000008008c08       0xbc ./Middlewares/FreeRTOS/tasks.o
                0x0000000008008c08                vTaskSwitchContext
 .text.vTaskPlaceOnEventList
                0x0000000008008cc4       0x48 ./Middlewares/FreeRTOS/tasks.o
                0x0000000008008cc4                vTaskPlaceOnEventList
 .text.vTaskPlaceOnEventListRestricted
                0x0000000008008d0c       0x58 ./Middlewares/FreeRTOS/tasks.o
                0x0000000008008d0c                vTaskPlaceOnEventListRestricted
 .text.xTaskRemoveFromEventList
                0x0000000008008d64       0xc8 ./Middlewares/FreeRTOS/tasks.o
                0x0000000008008d64                xTaskRemoveFromEventList
 .text.vTaskInternalSetTimeOutState
                0x0000000008008e2c       0x2c ./Middlewares/FreeRTOS/tasks.o
                0x0000000008008e2c                vTaskInternalSetTimeOutState
 .text.xTaskCheckForTimeOut
                0x0000000008008e58       0xc4 ./Middlewares/FreeRTOS/tasks.o
                0x0000000008008e58                xTaskCheckForTimeOut
 .text.vTaskMissedYield
                0x0000000008008f1c       0x18 ./Middlewares/FreeRTOS/tasks.o
                0x0000000008008f1c                vTaskMissedYield
 .text.prvIdleTask
                0x0000000008008f34       0x30 ./Middlewares/FreeRTOS/tasks.o
 .text.prvInitialiseTaskLists
                0x0000000008008f64       0x80 ./Middlewares/FreeRTOS/tasks.o
 .text.prvCheckTasksWaitingTermination
                0x0000000008008fe4       0x5c ./Middlewares/FreeRTOS/tasks.o
 .text.prvDeleteTCB
                0x0000000008009040       0x5e ./Middlewares/FreeRTOS/tasks.o
 *fill*         0x000000000800909e        0x2 
 .text.prvResetNextTaskUnblockTime
                0x00000000080090a0       0x40 ./Middlewares/FreeRTOS/tasks.o
 .text.xTaskGetSchedulerState
                0x00000000080090e0       0x3c ./Middlewares/FreeRTOS/tasks.o
                0x00000000080090e0                xTaskGetSchedulerState
 .text.xTaskPriorityInherit
                0x000000000800911c       0xd0 ./Middlewares/FreeRTOS/tasks.o
                0x000000000800911c                xTaskPriorityInherit
 .text.xTaskPriorityDisinherit
                0x00000000080091ec       0xdc ./Middlewares/FreeRTOS/tasks.o
                0x00000000080091ec                xTaskPriorityDisinherit
 .text.vTaskPriorityDisinheritAfterTimeout
                0x00000000080092c8      0x104 ./Middlewares/FreeRTOS/tasks.o
                0x00000000080092c8                vTaskPriorityDisinheritAfterTimeout
 .text.pvTaskIncrementMutexHeldCount
                0x00000000080093cc       0x28 ./Middlewares/FreeRTOS/tasks.o
                0x00000000080093cc                pvTaskIncrementMutexHeldCount
 .text.prvAddCurrentTaskToDelayedList
                0x00000000080093f4       0xa8 ./Middlewares/FreeRTOS/tasks.o
 .text.xTimerCreateTimerTask
                0x000000000800949c       0x90 ./Middlewares/FreeRTOS/timers.o
                0x000000000800949c                xTimerCreateTimerTask
 .text.xTimerGenericCommand
                0x000000000800952c       0x9c ./Middlewares/FreeRTOS/timers.o
                0x000000000800952c                xTimerGenericCommand
 .text.prvProcessExpiredTimer
                0x00000000080095c8       0x98 ./Middlewares/FreeRTOS/timers.o
 .text.prvTimerTask
                0x0000000008009660       0x24 ./Middlewares/FreeRTOS/timers.o
 .text.prvProcessTimerOrBlockTask
                0x0000000008009684       0x9c ./Middlewares/FreeRTOS/timers.o
 .text.prvGetNextExpireTime
                0x0000000008009720       0x48 ./Middlewares/FreeRTOS/timers.o
 .text.prvSampleTimeNow
                0x0000000008009768       0x40 ./Middlewares/FreeRTOS/timers.o
 .text.prvInsertTimerInActiveList
                0x00000000080097a8       0x84 ./Middlewares/FreeRTOS/timers.o
 .text.prvProcessReceivedCommands
                0x000000000800982c      0x1c4 ./Middlewares/FreeRTOS/timers.o
 .text.prvSwitchTimerLists
                0x00000000080099f0       0xc8 ./Middlewares/FreeRTOS/timers.o
 .text.prvCheckForValidListAndQueue
                0x0000000008009ab8       0x80 ./Middlewares/FreeRTOS/timers.o
 .text.__errno  0x0000000008009b38        0xc /opt/st/stm32cubeide_1.12.1/plugins/com.st.stm32cube.ide.mcu.externaltools.gnu-tools-for-stm32.10.3-2021.10.linux64_1.0.200.202301161003/tools/bin/../lib/gcc/arm-none-eabi/10.3.1/../../../../arm-none-eabi/lib/thumb/v7e-m+fp/hard/libc_nano.a(lib_a-errno.o)
                0x0000000008009b38                __errno
 .text.__libc_init_array
                0x0000000008009b44       0x48 /opt/st/stm32cubeide_1.12.1/plugins/com.st.stm32cube.ide.mcu.externaltools.gnu-tools-for-stm32.10.3-2021.10.linux64_1.0.200.202301161003/tools/bin/../lib/gcc/arm-none-eabi/10.3.1/../../../../arm-none-eabi/lib/thumb/v7e-m+fp/hard/libc_nano.a(lib_a-init.o)
                0x0000000008009b44                __libc_init_array
 .text.memcpy   0x0000000008009b8c       0x1c /opt/st/stm32cubeide_1.12.1/plugins/com.st.stm32cube.ide.mcu.externaltools.gnu-tools-for-stm32.10.3-2021.10.linux64_1.0.200.202301161003/tools/bin/../lib/gcc/arm-none-eabi/10.3.1/../../../../arm-none-eabi/lib/thumb/v7e-m+fp/hard/libc_nano.a(lib_a-memcpy-stub.o)
                0x0000000008009b8c                memcpy
 .text.memset   0x0000000008009ba8       0x10 /opt/st/stm32cubeide_1.12.1/plugins/com.st.stm32cube.ide.mcu.externaltools.gnu-tools-for-stm32.10.3-2021.10.linux64_1.0.200.202301161003/tools/bin/../lib/gcc/arm-none-eabi/10.3.1/../../../../arm-none-eabi/lib/thumb/v7e-m+fp/hard/libc_nano.a(lib_a-memset.o)
                0x0000000008009ba8                memset
 .text.printf   0x0000000008009bb8       0x30 /opt/st/stm32cubeide_1.12.1/plugins/com.st.stm32cube.ide.mcu.externaltools.gnu-tools-for-stm32.10.3-2021.10.linux64_1.0.200.202301161003/tools/bin/../lib/gcc/arm-none-eabi/10.3.1/../../../../arm-none-eabi/lib/thumb/v7e-m+fp/hard/libc_nano.a(lib_a-printf.o)
                0x0000000008009bb8                printf
                0x0000000008009bb8                iprintf
 .text.std      0x0000000008009be8       0x48 /opt/st/stm32cubeide_1.12.1/plugins/com.st.stm32cube.ide.mcu.externaltools.gnu-tools-for-stm32.10.3-2021.10.linux64_1.0.200.202301161003/tools/bin/../lib/gcc/arm-none-eabi/10.3.1/../../../../arm-none-eabi/lib/thumb/v7e-m+fp/hard/libc_nano.a(lib_a-findfp.o)
 .text._cleanup_r
                0x0000000008009c30        0xc /opt/st/stm32cubeide_1.12.1/plugins/com.st.stm32cube.ide.mcu.externaltools.gnu-tools-for-stm32.10.3-2021.10.linux64_1.0.200.202301161003/tools/bin/../lib/gcc/arm-none-eabi/10.3.1/../../../../arm-none-eabi/lib/thumb/v7e-m+fp/hard/libc_nano.a(lib_a-findfp.o)
                0x0000000008009c30                _cleanup_r
 .text.__sfmoreglue
                0x0000000008009c3c       0x2c /opt/st/stm32cubeide_1.12.1/plugins/com.st.stm32cube.ide.mcu.externaltools.gnu-tools-for-stm32.10.3-2021.10.linux64_1.0.200.202301161003/tools/bin/../lib/gcc/arm-none-eabi/10.3.1/../../../../arm-none-eabi/lib/thumb/v7e-m+fp/hard/libc_nano.a(lib_a-findfp.o)
                0x0000000008009c3c                __sfmoreglue
 .text.__sfp_lock_acquire
                0x0000000008009c68        0xc /opt/st/stm32cubeide_1.12.1/plugins/com.st.stm32cube.ide.mcu.externaltools.gnu-tools-for-stm32.10.3-2021.10.linux64_1.0.200.202301161003/tools/bin/../lib/gcc/arm-none-eabi/10.3.1/../../../../arm-none-eabi/lib/thumb/v7e-m+fp/hard/libc_nano.a(lib_a-findfp.o)
                0x0000000008009c68                __sfp_lock_acquire
 .text.__sfp_lock_release
                0x0000000008009c74        0xc /opt/st/stm32cubeide_1.12.1/plugins/com.st.stm32cube.ide.mcu.externaltools.gnu-tools-for-stm32.10.3-2021.10.linux64_1.0.200.202301161003/tools/bin/../lib/gcc/arm-none-eabi/10.3.1/../../../../arm-none-eabi/lib/thumb/v7e-m+fp/hard/libc_nano.a(lib_a-findfp.o)
                0x0000000008009c74                __sfp_lock_release
 .text.__sinit_lock_acquire
                0x0000000008009c80        0xc /opt/st/stm32cubeide_1.12.1/plugins/com.st.stm32cube.ide.mcu.externaltools.gnu-tools-for-stm32.10.3-2021.10.linux64_1.0.200.202301161003/tools/bin/../lib/gcc/arm-none-eabi/10.3.1/../../../../arm-none-eabi/lib/thumb/v7e-m+fp/hard/libc_nano.a(lib_a-findfp.o)
                0x0000000008009c80                __sinit_lock_acquire
 .text.__sinit_lock_release
                0x0000000008009c8c        0xc /opt/st/stm32cubeide_1.12.1/plugins/com.st.stm32cube.ide.mcu.externaltools.gnu-tools-for-stm32.10.3-2021.10.linux64_1.0.200.202301161003/tools/bin/../lib/gcc/arm-none-eabi/10.3.1/../../../../arm-none-eabi/lib/thumb/v7e-m+fp/hard/libc_nano.a(lib_a-findfp.o)
                0x0000000008009c8c                __sinit_lock_release
 .text.__sinit  0x0000000008009c98       0x70 /opt/st/stm32cubeide_1.12.1/plugins/com.st.stm32cube.ide.mcu.externaltools.gnu-tools-for-stm32.10.3-2021.10.linux64_1.0.200.202301161003/tools/bin/../lib/gcc/arm-none-eabi/10.3.1/../../../../arm-none-eabi/lib/thumb/v7e-m+fp/hard/libc_nano.a(lib_a-findfp.o)
                0x0000000008009c98                __sinit
 .text.__sfp    0x0000000008009d08       0x8c /opt/st/stm32cubeide_1.12.1/plugins/com.st.stm32cube.ide.mcu.externaltools.gnu-tools-for-stm32.10.3-2021.10.linux64_1.0.200.202301161003/tools/bin/../lib/gcc/arm-none-eabi/10.3.1/../../../../arm-none-eabi/lib/thumb/v7e-m+fp/hard/libc_nano.a(lib_a-findfp.o)
                0x0000000008009d08                __sfp
 .text._fwalk_reent
                0x0000000008009d94       0x3e /opt/st/stm32cubeide_1.12.1/plugins/com.st.stm32cube.ide.mcu.externaltools.gnu-tools-for-stm32.10.3-2021.10.linux64_1.0.200.202301161003/tools/bin/../lib/gcc/arm-none-eabi/10.3.1/../../../../arm-none-eabi/lib/thumb/v7e-m+fp/hard/libc_nano.a(lib_a-fwalk.o)
                0x0000000008009d94                _fwalk_reent
 .text.__retarget_lock_init_recursive
                0x0000000008009dd2        0x2 /opt/st/stm32cubeide_1.12.1/plugins/com.st.stm32cube.ide.mcu.externaltools.gnu-tools-for-stm32.10.3-2021.10.linux64_1.0.200.202301161003/tools/bin/../lib/gcc/arm-none-eabi/10.3.1/../../../../arm-none-eabi/lib/thumb/v7e-m+fp/hard/libc_nano.a(lib_a-lock.o)
                0x0000000008009dd2                __retarget_lock_init_recursive
 .text.__retarget_lock_acquire_recursive
                0x0000000008009dd4        0x2 /opt/st/stm32cubeide_1.12.1/plugins/com.st.stm32cube.ide.mcu.externaltools.gnu-tools-for-stm32.10.3-2021.10.linux64_1.0.200.202301161003/tools/bin/../lib/gcc/arm-none-eabi/10.3.1/../../../../arm-none-eabi/lib/thumb/v7e-m+fp/hard/libc_nano.a(lib_a-lock.o)
                0x0000000008009dd4                __retarget_lock_acquire_recursive
 .text.__retarget_lock_release_recursive
                0x0000000008009dd6        0x2 /opt/st/stm32cubeide_1.12.1/plugins/com.st.stm32cube.ide.mcu.externaltools.gnu-tools-for-stm32.10.3-2021.10.linux64_1.0.200.202301161003/tools/bin/../lib/gcc/arm-none-eabi/10.3.1/../../../../arm-none-eabi/lib/thumb/v7e-m+fp/hard/libc_nano.a(lib_a-lock.o)
                0x0000000008009dd6                __retarget_lock_release_recursive
 .text.sbrk_aligned
                0x0000000008009dd8       0x40 /opt/st/stm32cubeide_1.12.1/plugins/com.st.stm32cube.ide.mcu.externaltools.gnu-tools-for-stm32.10.3-2021.10.linux64_1.0.200.202301161003/tools/bin/../lib/gcc/arm-none-eabi/10.3.1/../../../../arm-none-eabi/lib/thumb/v7e-m+fp/hard/libc_nano.a(lib_a-nano-mallocr.o)
 .text._malloc_r
                0x0000000008009e18       0xe8 /opt/st/stm32cubeide_1.12.1/plugins/com.st.stm32cube.ide.mcu.externaltools.gnu-tools-for-stm32.10.3-2021.10.linux64_1.0.200.202301161003/tools/bin/../lib/gcc/arm-none-eabi/10.3.1/../../../../arm-none-eabi/lib/thumb/v7e-m+fp/hard/libc_nano.a(lib_a-nano-mallocr.o)
                0x0000000008009e18                _malloc_r
 .text.__sfputc_r
                0x0000000008009f00       0x2e /opt/st/stm32cubeide_1.12.1/plugins/com.st.stm32cube.ide.mcu.externaltools.gnu-tools-for-stm32.10.3-2021.10.linux64_1.0.200.202301161003/tools/bin/../lib/gcc/arm-none-eabi/10.3.1/../../../../arm-none-eabi/lib/thumb/v7e-m+fp/hard/libc_nano.a(lib_a-nano-vfprintf.o)
 .text.__sfputs_r
                0x0000000008009f2e       0x24 /opt/st/stm32cubeide_1.12.1/plugins/com.st.stm32cube.ide.mcu.externaltools.gnu-tools-for-stm32.10.3-2021.10.linux64_1.0.200.202301161003/tools/bin/../lib/gcc/arm-none-eabi/10.3.1/../../../../arm-none-eabi/lib/thumb/v7e-m+fp/hard/libc_nano.a(lib_a-nano-vfprintf.o)
                0x0000000008009f2e                __sfputs_r
 *fill*         0x0000000008009f52        0x2 
 .text._vfprintf_r
                0x0000000008009f54      0x260 /opt/st/stm32cubeide_1.12.1/plugins/com.st.stm32cube.ide.mcu.externaltools.gnu-tools-for-stm32.10.3-2021.10.linux64_1.0.200.202301161003/tools/bin/../lib/gcc/arm-none-eabi/10.3.1/../../../../arm-none-eabi/lib/thumb/v7e-m+fp/hard/libc_nano.a(lib_a-nano-vfprintf.o)
                0x0000000008009f54                _vfiprintf_r
                0x0000000008009f54                _vfprintf_r
 .text._printf_common
                0x000000000800a1b4       0xda /opt/st/stm32cubeide_1.12.1/plugins/com.st.stm32cube.ide.mcu.externaltools.gnu-tools-for-stm32.10.3-2021.10.linux64_1.0.200.202301161003/tools/bin/../lib/gcc/arm-none-eabi/10.3.1/../../../../arm-none-eabi/lib/thumb/v7e-m+fp/hard/libc_nano.a(lib_a-nano-vfprintf_i.o)
                0x000000000800a1b4                _printf_common
 *fill*         0x000000000800a28e        0x2 
 .text._printf_i
                0x000000000800a290      0x24c /opt/st/stm32cubeide_1.12.1/plugins/com.st.stm32cube.ide.mcu.externaltools.gnu-tools-for-stm32.10.3-2021.10.linux64_1.0.200.202301161003/tools/bin/../lib/gcc/arm-none-eabi/10.3.1/../../../../arm-none-eabi/lib/thumb/v7e-m+fp/hard/libc_nano.a(lib_a-nano-vfprintf_i.o)
                0x000000000800a290                _printf_i
 .text._sbrk_r  0x000000000800a4dc       0x20 /opt/st/stm32cubeide_1.12.1/plugins/com.st.stm32cube.ide.mcu.externaltools.gnu-tools-for-stm32.10.3-2021.10.linux64_1.0.200.202301161003/tools/bin/../lib/gcc/arm-none-eabi/10.3.1/../../../../arm-none-eabi/lib/thumb/v7e-m+fp/hard/libc_nano.a(lib_a-sbrkr.o)
                0x000000000800a4dc                _sbrk_r
 .text.__sread  0x000000000800a4fc       0x22 /opt/st/stm32cubeide_1.12.1/plugins/com.st.stm32cube.ide.mcu.externaltools.gnu-tools-for-stm32.10.3-2021.10.linux64_1.0.200.202301161003/tools/bin/../lib/gcc/arm-none-eabi/10.3.1/../../../../arm-none-eabi/lib/thumb/v7e-m+fp/hard/libc_nano.a(lib_a-stdio.o)
                0x000000000800a4fc                __sread
 .text.__swrite
                0x000000000800a51e       0x38 /opt/st/stm32cubeide_1.12.1/plugins/com.st.stm32cube.ide.mcu.externaltools.gnu-tools-for-stm32.10.3-2021.10.linux64_1.0.200.202301161003/tools/bin/../lib/gcc/arm-none-eabi/10.3.1/../../../../arm-none-eabi/lib/thumb/v7e-m+fp/hard/libc_nano.a(lib_a-stdio.o)
                0x000000000800a51e                __swrite
 .text.__sseek  0x000000000800a556       0x24 /opt/st/stm32cubeide_1.12.1/plugins/com.st.stm32cube.ide.mcu.externaltools.gnu-tools-for-stm32.10.3-2021.10.linux64_1.0.200.202301161003/tools/bin/../lib/gcc/arm-none-eabi/10.3.1/../../../../arm-none-eabi/lib/thumb/v7e-m+fp/hard/libc_nano.a(lib_a-stdio.o)
                0x000000000800a556                __sseek
 .text.__sclose
                0x000000000800a57a        0x8 /opt/st/stm32cubeide_1.12.1/plugins/com.st.stm32cube.ide.mcu.externaltools.gnu-tools-for-stm32.10.3-2021.10.linux64_1.0.200.202301161003/tools/bin/../lib/gcc/arm-none-eabi/10.3.1/../../../../arm-none-eabi/lib/thumb/v7e-m+fp/hard/libc_nano.a(lib_a-stdio.o)
                0x000000000800a57a                __sclose
 *fill*         0x000000000800a582        0x2 
 .text.__swbuf_r
                0x000000000800a584       0xa4 /opt/st/stm32cubeide_1.12.1/plugins/com.st.stm32cube.ide.mcu.externaltools.gnu-tools-for-stm32.10.3-2021.10.linux64_1.0.200.202301161003/tools/bin/../lib/gcc/arm-none-eabi/10.3.1/../../../../arm-none-eabi/lib/thumb/v7e-m+fp/hard/libc_nano.a(lib_a-wbuf.o)
                0x000000000800a584                __swbuf_r
 .text._write_r
                0x000000000800a628       0x24 /opt/st/stm32cubeide_1.12.1/plugins/com.st.stm32cube.ide.mcu.externaltools.gnu-tools-for-stm32.10.3-2021.10.linux64_1.0.200.202301161003/tools/bin/../lib/gcc/arm-none-eabi/10.3.1/../../../../arm-none-eabi/lib/thumb/v7e-m+fp/hard/libc_nano.a(lib_a-writer.o)
                0x000000000800a628                _write_r
 .text.__swsetup_r
                0x000000000800a64c       0xdc /opt/st/stm32cubeide_1.12.1/plugins/com.st.stm32cube.ide.mcu.externaltools.gnu-tools-for-stm32.10.3-2021.10.linux64_1.0.200.202301161003/tools/bin/../lib/gcc/arm-none-eabi/10.3.1/../../../../arm-none-eabi/lib/thumb/v7e-m+fp/hard/libc_nano.a(lib_a-wsetup.o)
                0x000000000800a64c                __swsetup_r
 .text._close_r
                0x000000000800a728       0x20 /opt/st/stm32cubeide_1.12.1/plugins/com.st.stm32cube.ide.mcu.externaltools.gnu-tools-for-stm32.10.3-2021.10.linux64_1.0.200.202301161003/tools/bin/../lib/gcc/arm-none-eabi/10.3.1/../../../../arm-none-eabi/lib/thumb/v7e-m+fp/hard/libc_nano.a(lib_a-closer.o)
                0x000000000800a728                _close_r
 .text.__sflush_r
                0x000000000800a748      0x10c /opt/st/stm32cubeide_1.12.1/plugins/com.st.stm32cube.ide.mcu.externaltools.gnu-tools-for-stm32.10.3-2021.10.linux64_1.0.200.202301161003/tools/bin/../lib/gcc/arm-none-eabi/10.3.1/../../../../arm-none-eabi/lib/thumb/v7e-m+fp/hard/libc_nano.a(lib_a-fflush.o)
                0x000000000800a748                __sflush_r
 .text._fflush_r
                0x000000000800a854       0x78 /opt/st/stm32cubeide_1.12.1/plugins/com.st.stm32cube.ide.mcu.externaltools.gnu-tools-for-stm32.10.3-2021.10.linux64_1.0.200.202301161003/tools/bin/../lib/gcc/arm-none-eabi/10.3.1/../../../../arm-none-eabi/lib/thumb/v7e-m+fp/hard/libc_nano.a(lib_a-fflush.o)
                0x000000000800a854                _fflush_r
 .text._lseek_r
                0x000000000800a8cc       0x24 /opt/st/stm32cubeide_1.12.1/plugins/com.st.stm32cube.ide.mcu.externaltools.gnu-tools-for-stm32.10.3-2021.10.linux64_1.0.200.202301161003/tools/bin/../lib/gcc/arm-none-eabi/10.3.1/../../../../arm-none-eabi/lib/thumb/v7e-m+fp/hard/libc_nano.a(lib_a-lseekr.o)
                0x000000000800a8cc                _lseek_r
 .text.__swhatbuf_r
                0x000000000800a8f0       0x4a /opt/st/stm32cubeide_1.12.1/plugins/com.st.stm32cube.ide.mcu.externaltools.gnu-tools-for-stm32.10.3-2021.10.linux64_1.0.200.202301161003/tools/bin/../lib/gcc/arm-none-eabi/10.3.1/../../../../arm-none-eabi/lib/thumb/v7e-m+fp/hard/libc_nano.a(lib_a-makebuf.o)
                0x000000000800a8f0                __swhatbuf_r
 *fill*         0x000000000800a93a        0x2 
 .text.__smakebuf_r
                0x000000000800a93c       0x80 /opt/st/stm32cubeide_1.12.1/plugins/com.st.stm32cube.ide.mcu.externaltools.gnu-tools-for-stm32.10.3-2021.10.linux64_1.0.200.202301161003/tools/bin/../lib/gcc/arm-none-eabi/10.3.1/../../../../arm-none-eabi/lib/thumb/v7e-m+fp/hard/libc_nano.a(lib_a-makebuf.o)
                0x000000000800a93c                __smakebuf_r
 .text.__malloc_lock
                0x000000000800a9bc        0xc /opt/st/stm32cubeide_1.12.1/plugins/com.st.stm32cube.ide.mcu.externaltools.gnu-tools-for-stm32.10.3-2021.10.linux64_1.0.200.202301161003/tools/bin/../lib/gcc/arm-none-eabi/10.3.1/../../../../arm-none-eabi/lib/thumb/v7e-m+fp/hard/libc_nano.a(lib_a-mlock.o)
                0x000000000800a9bc                __malloc_lock
 .text.__malloc_unlock
                0x000000000800a9c8        0xc /opt/st/stm32cubeide_1.12.1/plugins/com.st.stm32cube.ide.mcu.externaltools.gnu-tools-for-stm32.10.3-2021.10.linux64_1.0.200.202301161003/tools/bin/../lib/gcc/arm-none-eabi/10.3.1/../../../../arm-none-eabi/lib/thumb/v7e-m+fp/hard/libc_nano.a(lib_a-mlock.o)
                0x000000000800a9c8                __malloc_unlock
 .text._free_r  0x000000000800a9d4       0x98 /opt/st/stm32cubeide_1.12.1/plugins/com.st.stm32cube.ide.mcu.externaltools.gnu-tools-for-stm32.10.3-2021.10.linux64_1.0.200.202301161003/tools/bin/../lib/gcc/arm-none-eabi/10.3.1/../../../../arm-none-eabi/lib/thumb/v7e-m+fp/hard/libc_nano.a(lib_a-nano-freer.o)
                0x000000000800a9d4                _free_r
 .text._read_r  0x000000000800aa6c       0x24 /opt/st/stm32cubeide_1.12.1/plugins/com.st.stm32cube.ide.mcu.externaltools.gnu-tools-for-stm32.10.3-2021.10.linux64_1.0.200.202301161003/tools/bin/../lib/gcc/arm-none-eabi/10.3.1/../../../../arm-none-eabi/lib/thumb/v7e-m+fp/hard/libc_nano.a(lib_a-readr.o)
                0x000000000800aa6c                _read_r
 .text._fstat_r
                0x000000000800aa90       0x24 /opt/st/stm32cubeide_1.12.1/plugins/com.st.stm32cube.ide.mcu.externaltools.gnu-tools-for-stm32.10.3-2021.10.linux64_1.0.200.202301161003/tools/bin/../lib/gcc/arm-none-eabi/10.3.1/../../../../arm-none-eabi/lib/thumb/v7e-m+fp/hard/libc_nano.a(lib_a-fstatr.o)
                0x000000000800aa90                _fstat_r
 .text._isatty_r
                0x000000000800aab4       0x20 /opt/st/stm32cubeide_1.12.1/plugins/com.st.stm32cube.ide.mcu.externaltools.gnu-tools-for-stm32.10.3-2021.10.linux64_1.0.200.202301161003/tools/bin/../lib/gcc/arm-none-eabi/10.3.1/../../../../arm-none-eabi/lib/thumb/v7e-m+fp/hard/libc_nano.a(lib_a-isattyr.o)
                0x000000000800aab4                _isatty_r
 *(.glue_7)
 .glue_7        0x000000000800aad4        0x0 linker stubs
 *(.glue_7t)
 .glue_7t       0x000000000800aad4        0x0 linker stubs
 *(.eh_frame)
 .eh_frame      0x000000000800aad4        0x0 /opt/st/stm32cubeide_1.12.1/plugins/com.st.stm32cube.ide.mcu.externaltools.gnu-tools-for-stm32.10.3-2021.10.linux64_1.0.200.202301161003/tools/bin/../lib/gcc/arm-none-eabi/10.3.1/thumb/v7e-m+fp/hard/crtbegin.o
 *(.init)
 .init          0x000000000800aad4        0x4 /opt/st/stm32cubeide_1.12.1/plugins/com.st.stm32cube.ide.mcu.externaltools.gnu-tools-for-stm32.10.3-2021.10.linux64_1.0.200.202301161003/tools/bin/../lib/gcc/arm-none-eabi/10.3.1/thumb/v7e-m+fp/hard/crti.o
                0x000000000800aad4                _init
 .init          0x000000000800aad8        0x8 /opt/st/stm32cubeide_1.12.1/plugins/com.st.stm32cube.ide.mcu.externaltools.gnu-tools-for-stm32.10.3-2021.10.linux64_1.0.200.202301161003/tools/bin/../lib/gcc/arm-none-eabi/10.3.1/thumb/v7e-m+fp/hard/crtn.o
 *(.fini)
 .fini          0x000000000800aae0        0x4 /opt/st/stm32cubeide_1.12.1/plugins/com.st.stm32cube.ide.mcu.externaltools.gnu-tools-for-stm32.10.3-2021.10.linux64_1.0.200.202301161003/tools/bin/../lib/gcc/arm-none-eabi/10.3.1/thumb/v7e-m+fp/hard/crti.o
                0x000000000800aae0                _fini
 .fini          0x000000000800aae4        0x8 /opt/st/stm32cubeide_1.12.1/plugins/com.st.stm32cube.ide.mcu.externaltools.gnu-tools-for-stm32.10.3-2021.10.linux64_1.0.200.202301161003/tools/bin/../lib/gcc/arm-none-eabi/10.3.1/thumb/v7e-m+fp/hard/crtn.o
                0x000000000800aaec                . = ALIGN (0x4)
                0x000000000800aaec                _etext = .

.vfp11_veneer   0x000000000800aaec        0x0
 .vfp11_veneer  0x000000000800aaec        0x0 linker stubs

.v4_bx          0x000000000800aaec        0x0
 .v4_bx         0x000000000800aaec        0x0 linker stubs

.iplt           0x000000000800aaec        0x0
 .iplt          0x000000000800aaec        0x0 /opt/st/stm32cubeide_1.12.1/plugins/com.st.stm32cube.ide.mcu.externaltools.gnu-tools-for-stm32.10.3-2021.10.linux64_1.0.200.202301161003/tools/bin/../lib/gcc/arm-none-eabi/10.3.1/thumb/v7e-m+fp/hard/crtbegin.o

.rodata         0x000000000800aaec      0x27c
                0x000000000800aaec                . = ALIGN (0x4)
 *(.rodata)
 .rodata        0x000000000800aaec       0xed ./Core/Src/main.o
 *fill*         0x000000000800abd9        0x3 
 .rodata        0x000000000800abdc       0x44 ./Middlewares/FatFs/ff.o
 .rodata        0x000000000800ac20        0x5 ./Middlewares/FreeRTOS/tasks.o
 *fill*         0x000000000800ac25        0x3 
 .rodata        0x000000000800ac28        0xd ./Middlewares/FreeRTOS/timers.o
 *(.rodata*)
 *fill*         0x000000000800ac35        0x3 
 .rodata.AHBPrescTable
                0x000000000800ac38       0x10 ./Core/Src/system_stm32f4xx.o
                0x000000000800ac38                AHBPrescTable
 .rodata.APBPrescTable
                0x000000000800ac48        0x8 ./Core/Src/system_stm32f4xx.o
                0x000000000800ac48                APBPrescTable
 .rodata.ExCvt  0x000000000800ac50       0x80 ./Middlewares/FatFs/ff.o
 .rodata._global_impure_ptr
                0x000000000800acd0        0x4 /opt/st/stm32cubeide_1.12.1/plugins/com.st.stm32cube.ide.mcu.externaltools.gnu-tools-for-stm32.10.3-2021.10.linux64_1.0.200.202301161003/tools/bin/../lib/gcc/arm-none-eabi/10.3.1/../../../../arm-none-eabi/lib/thumb/v7e-m+fp/hard/libc_nano.a(lib_a-impure.o)
                0x000000000800acd0                _global_impure_ptr
 .rodata.__sf_fake_stderr
                0x000000000800acd4       0x20 /opt/st/stm32cubeide_1.12.1/plugins/com.st.stm32cube.ide.mcu.externaltools.gnu-tools-for-stm32.10.3-2021.10.linux64_1.0.200.202301161003/tools/bin/../lib/gcc/arm-none-eabi/10.3.1/../../../../arm-none-eabi/lib/thumb/v7e-m+fp/hard/libc_nano.a(lib_a-findfp.o)
                0x000000000800acd4                __sf_fake_stderr
 .rodata.__sf_fake_stdin
                0x000000000800acf4       0x20 /opt/st/stm32cubeide_1.12.1/plugins/com.st.stm32cube.ide.mcu.externaltools.gnu-tools-for-stm32.10.3-2021.10.linux64_1.0.200.202301161003/tools/bin/../lib/gcc/arm-none-eabi/10.3.1/../../../../arm-none-eabi/lib/thumb/v7e-m+fp/hard/libc_nano.a(lib_a-findfp.o)
                0x000000000800acf4                __sf_fake_stdin
 .rodata.__sf_fake_stdout
                0x000000000800ad14       0x20 /opt/st/stm32cubeide_1.12.1/plugins/com.st.stm32cube.ide.mcu.externaltools.gnu-tools-for-stm32.10.3-2021.10.linux64_1.0.200.202301161003/tools/bin/../lib/gcc/arm-none-eabi/10.3.1/../../../../arm-none-eabi/lib/thumb/v7e-m+fp/hard/libc_nano.a(lib_a-findfp.o)
                0x000000000800ad14                __sf_fake_stdout
 .rodata._vfprintf_r.str1.1
                0x000000000800ad34       0x11 /opt/st/stm32cubeide_1.12.1/plugins/com.st.stm32cube.ide.mcu.externaltools.gnu-tools-for-stm32.10.3-2021.10.linux64_1.0.200.202301161003/tools/bin/../lib/gcc/arm-none-eabi/10.3.1/../../../../arm-none-eabi/lib/thumb/v7e-m+fp/hard/libc_nano.a(lib_a-nano-vfprintf.o)
 .rodata._printf_i.str1.1
                0x000000000800ad45       0x22 /opt/st/stm32cubeide_1.12.1/plugins/com.st.stm32cube.ide.mcu.externaltools.gnu-tools-for-stm32.10.3-2021.10.linux64_1.0.200.202301161003/tools/bin/../lib/gcc/arm-none-eabi/10.3.1/../../../../arm-none-eabi/lib/thumb/v7e-m+fp/hard/libc_nano.a(lib_a-nano-vfprintf_i.o)
                0x000000000800ad68                . = ALIGN (0x4)
 *fill*         0x000000000800ad67        0x1 

.ARM.extab      0x000000000800ad68        0x0
                0x000000000800ad68                . = ALIGN (0x4)
 *(.ARM.extab* .gnu.linkonce.armextab.*)
                0x000000000800ad68                . = ALIGN (0x4)

.ARM            0x000000000800ad68        0x8
                0x000000000800ad68                . = ALIGN (0x4)
                0x000000000800ad68                __exidx_start = .
 *(.ARM.exidx*)
 .ARM.exidx     0x000000000800ad68        0x8 /opt/st/stm32cubeide_1.12.1/plugins/com.st.stm32cube.ide.mcu.externaltools.gnu-tools-for-stm32.10.3-2021.10.linux64_1.0.200.202301161003/tools/bin/../lib/gcc/arm-none-eabi/10.3.1/thumb/v7e-m+fp/hard/libgcc.a(_udivmoddi4.o)
                0x000000000800ad70                __exidx_end = .
                0x000000000800ad70                . = ALIGN (0x4)

.rel.dyn        0x000000000800ad70        0x0
 .rel.iplt      0x000000000800ad70        0x0 /opt/st/stm32cubeide_1.12.1/plugins/com.st.stm32cube.ide.mcu.externaltools.gnu-tools-for-stm32.10.3-2021.10.linux64_1.0.200.202301161003/tools/bin/../lib/gcc/arm-none-eabi/10.3.1/thumb/v7e-m+fp/hard/crtbegin.o

.preinit_array  0x000000000800ad70        0x0
                0x000000000800ad70                . = ALIGN (0x4)
                0x000000000800ad70                PROVIDE (__preinit_array_start = .)
 *(.preinit_array*)
                0x000000000800ad70                PROVIDE (__preinit_array_end = .)
                0x000000000800ad70                . = ALIGN (0x4)

.init_array     0x000000000800ad70        0x4
                0x000000000800ad70                . = ALIGN (0x4)
                0x000000000800ad70                PROVIDE (__init_array_start = .)
 *(SORT_BY_NAME(.init_array.*))
 *(.init_array*)
 .init_array    0x000000000800ad70        0x4 /opt/st/stm32cubeide_1.12.1/plugins/com.st.stm32cube.ide.mcu.externaltools.gnu-tools-for-stm32.10.3-2021.10.linux64_1.0.200.202301161003/tools/bin/../lib/gcc/arm-none-eabi/10.3.1/thumb/v7e-m+fp/hard/crtbegin.o
                0x000000000800ad74                PROVIDE (__init_array_end = .)
                0x000000000800ad74                . = ALIGN (0x4)

.fini_array     0x000000000800ad74        0x4
                0x000000000800ad74                . = ALIGN (0x4)
                [!provide]                        PROVIDE (__fini_array_start = .)
 *(SORT_BY_NAME(.fini_array.*))
 *(.fini_array*)
 .fini_array    0x000000000800ad74        0x4 /opt/st/stm32cubeide_1.12.1/plugins/com.st.stm32cube.ide.mcu.externaltools.gnu-tools-for-stm32.10.3-2021.10.linux64_1.0.200.202301161003/tools/bin/../lib/gcc/arm-none-eabi/10.3.1/thumb/v7e-m+fp/hard/crtbegin.o
                [!provide]                        PROVIDE (__fini_array_end = .)
                0x000000000800ad78                . = ALIGN (0x4)
                0x000000000800ad78                _sidata = LOADADDR (.data)

.data           0x0000000020000000       0x88 load address 0x000000000800ad78
                0x0000000020000000                . = ALIGN (0x4)
                0x0000000020000000                _sdata = .
 *(.data)
 *(.data*)
 .data.SystemCoreClock
                0x0000000020000000        0x4 ./Core/Src/system_stm32f4xx.o
                0x0000000020000000                SystemCoreClock
 .data.uwTickPrio
                0x0000000020000004        0x4 ./Drivers/STM32F4xx_HAL_Driver/stm32f4xx_hal.o
                0x0000000020000004                uwTickPrio
 .data.uwTickFreq
                0x0000000020000008        0x1 ./Drivers/STM32F4xx_HAL_Driver/stm32f4xx_hal.o
                0x0000000020000008                uwTickFreq
 .data.Stat     0x0000000020000009        0x1 ./FATFS/Target/user_diskio.o
 *fill*         0x000000002000000a        0x2 
 .data.USER_Driver
                0x000000002000000c       0x14 ./FATFS/Target/user_diskio.o
                0x000000002000000c                USER_Driver
 .data.uxCriticalNesting
                0x0000000020000020        0x4 ./Middlewares/FreeRTOS/port.o
 .data._impure_ptr
                0x0000000020000024        0x4 /opt/st/stm32cubeide_1.12.1/plugins/com.st.stm32cube.ide.mcu.externaltools.gnu-tools-for-stm32.10.3-2021.10.linux64_1.0.200.202301161003/tools/bin/../lib/gcc/arm-none-eabi/10.3.1/../../../../arm-none-eabi/lib/thumb/v7e-m+fp/hard/libc_nano.a(lib_a-impure.o)
                0x0000000020000024                _impure_ptr
 .data.impure_data
                0x0000000020000028       0x60 /opt/st/stm32cubeide_1.12.1/plugins/com.st.stm32cube.ide.mcu.externaltools.gnu-tools-for-stm32.10.3-2021.10.linux64_1.0.200.202301161003/tools/bin/../lib/gcc/arm-none-eabi/10.3.1/../../../../arm-none-eabi/lib/thumb/v7e-m+fp/hard/libc_nano.a(lib_a-impure.o)
 *(.RamFunc)
 *(.RamFunc*)
                0x0000000020000088                . = ALIGN (0x4)
                0x0000000020000088                _edata = .

.igot.plt       0x0000000020000088        0x0 load address 0x000000000800ae00
 .igot.plt      0x0000000020000088        0x0 /opt/st/stm32cubeide_1.12.1/plugins/com.st.stm32cube.ide.mcu.externaltools.gnu-tools-for-stm32.10.3-2021.10.linux64_1.0.200.202301161003/tools/bin/../lib/gcc/arm-none-eabi/10.3.1/thumb/v7e-m+fp/hard/crtbegin.o
                0x0000000020000088                . = ALIGN (0x4)

.bss            0x0000000020000088     0x4ba0 load address 0x000000000800ae00
                0x0000000020000088                _sbss = .
                0x0000000020000088                __bss_start__ = _sbss
 *(.bss)
 .bss           0x0000000020000088       0x1c /opt/st/stm32cubeide_1.12.1/plugins/com.st.stm32cube.ide.mcu.externaltools.gnu-tools-for-stm32.10.3-2021.10.linux64_1.0.200.202301161003/tools/bin/../lib/gcc/arm-none-eabi/10.3.1/thumb/v7e-m+fp/hard/crtbegin.o
 *(.bss*)
 .bss.hspi2     0x00000000200000a4       0x58 ./Core/Src/main.o
                0x00000000200000a4                hspi2
 .bss.huart2    0x00000000200000fc       0x44 ./Core/Src/main.o
                0x00000000200000fc                huart2
 .bss.htim1     0x0000000020000140       0x48 ./Core/Src/stm32f4xx_hal_timebase_tim.o
                0x0000000020000140                htim1
 .bss.__sbrk_heap_end
                0x0000000020000188        0x4 ./Core/Src/sysmem.o
 .bss.uwTick    0x000000002000018c        0x4 ./Drivers/STM32F4xx_HAL_Driver/stm32f4xx_hal.o
                0x000000002000018c                uwTick
 .bss.retUSER   0x0000000020000190        0x1 ./FATFS/App/fatfs.o
                0x0000000020000190                retUSER
 *fill*         0x0000000020000191        0x3 
 .bss.USERPath  0x0000000020000194        0x4 ./FATFS/App/fatfs.o
                0x0000000020000194                USERPath
 .bss.CRCTable  0x0000000020000198      0x100 ./FATFS/Target/user_diskio.o
                0x0000000020000198                CRCTable
 .bss.FatFs     0x0000000020000298        0x4 ./Middlewares/FatFs/ff.o
 .bss.Fsid      0x000000002000029c        0x2 ./Middlewares/FatFs/ff.o
 *fill*         0x000000002000029e        0x2 
 .bss.Files     0x00000000200002a0       0x20 ./Middlewares/FatFs/ff.o
 .bss.disk      0x00000000200002c0        0xc ./Middlewares/FatFs/ff_gen_drv.o
                0x00000000200002c0                disk
 .bss.Idle_TCB.3
                0x00000000200002cc       0x5c ./Middlewares/FreeRTOS/cmsis_os2.o
 .bss.Idle_Stack.2
                0x0000000020000328      0x200 ./Middlewares/FreeRTOS/cmsis_os2.o
 .bss.Timer_TCB.1
                0x0000000020000528       0x5c ./Middlewares/FreeRTOS/cmsis_os2.o
 .bss.Timer_Stack.0
                0x0000000020000584      0x400 ./Middlewares/FreeRTOS/cmsis_os2.o
 .bss.ucHeap    0x0000000020000984     0x3c00 ./Middlewares/FreeRTOS/heap_4.o
 .bss.xStart    0x0000000020004584        0x8 ./Middlewares/FreeRTOS/heap_4.o
 .bss.pxEnd     0x000000002000458c        0x4 ./Middlewares/FreeRTOS/heap_4.o
 .bss.xFreeBytesRemaining
                0x0000000020004590        0x4 ./Middlewares/FreeRTOS/heap_4.o
 .bss.xMinimumEverFreeBytesRemaining
                0x0000000020004594        0x4 ./Middlewares/FreeRTOS/heap_4.o
 .bss.xNumberOfSuccessfulAllocations
                0x0000000020004598        0x4 ./Middlewares/FreeRTOS/heap_4.o
 .bss.xNumberOfSuccessfulFrees
                0x000000002000459c        0x4 ./Middlewares/FreeRTOS/heap_4.o
 .bss.xBlockAllocatedBit
                0x00000000200045a0        0x4 ./Middlewares/FreeRTOS/heap_4.o
 .bss.ucMaxSysCallPriority
                0x00000000200045a4        0x1 ./Middlewares/FreeRTOS/port.o
 *fill*         0x00000000200045a5        0x3 
 .bss.ulMaxPRIGROUPValue
                0x00000000200045a8        0x4 ./Middlewares/FreeRTOS/port.o
 .bss.xQueueRegistry
                0x00000000200045ac       0x40 ./Middlewares/FreeRTOS/queue.o
                0x00000000200045ac                xQueueRegistry
 .bss.pxCurrentTCB
                0x00000000200045ec        0x4 ./Middlewares/FreeRTOS/tasks.o
                0x00000000200045ec                pxCurrentTCB
 .bss.pxReadyTasksLists
                0x00000000200045f0      0x460 ./Middlewares/FreeRTOS/tasks.o
 .bss.xDelayedTaskList1
                0x0000000020004a50       0x14 ./Middlewares/FreeRTOS/tasks.o
 .bss.xDelayedTaskList2
                0x0000000020004a64       0x14 ./Middlewares/FreeRTOS/tasks.o
 .bss.pxDelayedTaskList
                0x0000000020004a78        0x4 ./Middlewares/FreeRTOS/tasks.o
 .bss.pxOverflowDelayedTaskList
                0x0000000020004a7c        0x4 ./Middlewares/FreeRTOS/tasks.o
 .bss.xPendingReadyList
                0x0000000020004a80       0x14 ./Middlewares/FreeRTOS/tasks.o
 .bss.xTasksWaitingTermination
                0x0000000020004a94       0x14 ./Middlewares/FreeRTOS/tasks.o
 .bss.uxDeletedTasksWaitingCleanUp
                0x0000000020004aa8        0x4 ./Middlewares/FreeRTOS/tasks.o
 .bss.xSuspendedTaskList
                0x0000000020004aac       0x14 ./Middlewares/FreeRTOS/tasks.o
 .bss.uxCurrentNumberOfTasks
                0x0000000020004ac0        0x4 ./Middlewares/FreeRTOS/tasks.o
 .bss.xTickCount
                0x0000000020004ac4        0x4 ./Middlewares/FreeRTOS/tasks.o
 .bss.uxTopReadyPriority
                0x0000000020004ac8        0x4 ./Middlewares/FreeRTOS/tasks.o
 .bss.xSchedulerRunning
                0x0000000020004acc        0x4 ./Middlewares/FreeRTOS/tasks.o
 .bss.xPendedTicks
                0x0000000020004ad0        0x4 ./Middlewares/FreeRTOS/tasks.o
 .bss.xYieldPending
                0x0000000020004ad4        0x4 ./Middlewares/FreeRTOS/tasks.o
 .bss.xNumOfOverflows
                0x0000000020004ad8        0x4 ./Middlewares/FreeRTOS/tasks.o
 .bss.uxTaskNumber
                0x0000000020004adc        0x4 ./Middlewares/FreeRTOS/tasks.o
 .bss.xNextTaskUnblockTime
                0x0000000020004ae0        0x4 ./Middlewares/FreeRTOS/tasks.o
 .bss.xIdleTaskHandle
                0x0000000020004ae4        0x4 ./Middlewares/FreeRTOS/tasks.o
 .bss.uxSchedulerSuspended
                0x0000000020004ae8        0x4 ./Middlewares/FreeRTOS/tasks.o
 .bss.xActiveTimerList1
                0x0000000020004aec       0x14 ./Middlewares/FreeRTOS/timers.o
 .bss.xActiveTimerList2
                0x0000000020004b00       0x14 ./Middlewares/FreeRTOS/timers.o
 .bss.pxCurrentTimerList
                0x0000000020004b14        0x4 ./Middlewares/FreeRTOS/timers.o
 .bss.pxOverflowTimerList
                0x0000000020004b18        0x4 ./Middlewares/FreeRTOS/timers.o
 .bss.xTimerQueue
                0x0000000020004b1c        0x4 ./Middlewares/FreeRTOS/timers.o
 .bss.xTimerTaskHandle
                0x0000000020004b20        0x4 ./Middlewares/FreeRTOS/timers.o
 .bss.xLastTime.2
                0x0000000020004b24        0x4 ./Middlewares/FreeRTOS/timers.o
 .bss.ucStaticTimerQueueStorage.1
                0x0000000020004b28       0xa0 ./Middlewares/FreeRTOS/timers.o
 .bss.xStaticTimerQueue.0
                0x0000000020004bc8       0x50 ./Middlewares/FreeRTOS/timers.o
 .bss.__lock___malloc_recursive_mutex
                0x0000000020004c18        0x1 /opt/st/stm32cubeide_1.12.1/plugins/com.st.stm32cube.ide.mcu.externaltools.gnu-tools-for-stm32.10.3-2021.10.linux64_1.0.200.202301161003/tools/bin/../lib/gcc/arm-none-eabi/10.3.1/../../../../arm-none-eabi/lib/thumb/v7e-m+fp/hard/libc_nano.a(lib_a-lock.o)
                0x0000000020004c18                __lock___malloc_recursive_mutex
 .bss.__lock___sfp_recursive_mutex
                0x0000000020004c19        0x1 /opt/st/stm32cubeide_1.12.1/plugins/com.st.stm32cube.ide.mcu.externaltools.gnu-tools-for-stm32.10.3-2021.10.linux64_1.0.200.202301161003/tools/bin/../lib/gcc/arm-none-eabi/10.3.1/../../../../arm-none-eabi/lib/thumb/v7e-m+fp/hard/libc_nano.a(lib_a-lock.o)
                0x0000000020004c19                __lock___sfp_recursive_mutex
 .bss.__lock___sinit_recursive_mutex
                0x0000000020004c1a        0x1 /opt/st/stm32cubeide_1.12.1/plugins/com.st.stm32cube.ide.mcu.externaltools.gnu-tools-for-stm32.10.3-2021.10.linux64_1.0.200.202301161003/tools/bin/../lib/gcc/arm-none-eabi/10.3.1/../../../../arm-none-eabi/lib/thumb/v7e-m+fp/hard/libc_nano.a(lib_a-lock.o)
                0x0000000020004c1a                __lock___sinit_recursive_mutex
 *fill*         0x0000000020004c1b        0x1 
 .bss.__malloc_free_list
                0x0000000020004c1c        0x4 /opt/st/stm32cubeide_1.12.1/plugins/com.st.stm32cube.ide.mcu.externaltools.gnu-tools-for-stm32.10.3-2021.10.linux64_1.0.200.202301161003/tools/bin/../lib/gcc/arm-none-eabi/10.3.1/../../../../arm-none-eabi/lib/thumb/v7e-m+fp/hard/libc_nano.a(lib_a-nano-mallocr.o)
                0x0000000020004c1c                __malloc_free_list
 .bss.__malloc_sbrk_start
                0x0000000020004c20        0x4 /opt/st/stm32cubeide_1.12.1/plugins/com.st.stm32cube.ide.mcu.externaltools.gnu-tools-for-stm32.10.3-2021.10.linux64_1.0.200.202301161003/tools/bin/../lib/gcc/arm-none-eabi/10.3.1/../../../../arm-none-eabi/lib/thumb/v7e-m+fp/hard/libc_nano.a(lib_a-nano-mallocr.o)
                0x0000000020004c20                __malloc_sbrk_start
 .bss.errno     0x0000000020004c24        0x4 /opt/st/stm32cubeide_1.12.1/plugins/com.st.stm32cube.ide.mcu.externaltools.gnu-tools-for-stm32.10.3-2021.10.linux64_1.0.200.202301161003/tools/bin/../lib/gcc/arm-none-eabi/10.3.1/../../../../arm-none-eabi/lib/thumb/v7e-m+fp/hard/libc_nano.a(lib_a-reent.o)
                0x0000000020004c24                errno
 *(COMMON)
                0x0000000020004c28                . = ALIGN (0x4)
                0x0000000020004c28                _ebss = .
                0x0000000020004c28                __bss_end__ = _ebss

._user_heap_stack
                0x0000000020004c28      0x600 load address 0x000000000800ae00
                0x0000000020004c28                . = ALIGN (0x8)
                [!provide]                        PROVIDE (end = .)
                0x0000000020004c28                PROVIDE (_end = .)
                0x0000000020004e28                . = (. + _Min_Heap_Size)
 *fill*         0x0000000020004c28      0x200 
                0x0000000020005228                . = (. + _Min_Stack_Size)
 *fill*         0x0000000020004e28      0x400 
                0x0000000020005228                . = ALIGN (0x8)

/DISCARD/
 libc.a(*)
 libm.a(*)
 libgcc.a(*)

.ARM.attributes
                0x0000000000000000       0x30
 *(.ARM.attributes)
 .ARM.attributes
                0x0000000000000000       0x1e /opt/st/stm32cubeide_1.12.1/plugins/com.st.stm32cube.ide.mcu.externaltools.gnu-tools-for-stm32.10.3-2021.10.linux64_1.0.200.202301161003/tools/bin/../lib/gcc/arm-none-eabi/10.3.1/thumb/v7e-m+fp/hard/crti.o
 .ARM.attributes
                0x000000000000001e       0x34 /opt/st/stm32cubeide_1.12.1/plugins/com.st.stm32cube.ide.mcu.externaltools.gnu-tools-for-stm32.10.3-2021.10.linux64_1.0.200.202301161003/tools/bin/../lib/gcc/arm-none-eabi/10.3.1/thumb/v7e-m+fp/hard/crtbegin.o
 .ARM.attributes
                0x0000000000000052       0x34 ./Core/Src/main.o
 .ARM.attributes
                0x0000000000000086       0x34 ./Core/Src/stm32f4xx_hal_msp.o
 .ARM.attributes
                0x00000000000000ba       0x34 ./Core/Src/stm32f4xx_hal_timebase_tim.o
 .ARM.attributes
                0x00000000000000ee       0x34 ./Core/Src/stm32f4xx_it.o
 .ARM.attributes
                0x0000000000000122       0x34 ./Core/Src/syscalls.o
 .ARM.attributes
                0x0000000000000156       0x34 ./Core/Src/sysmem.o
 .ARM.attributes
                0x000000000000018a       0x34 ./Core/Src/system_stm32f4xx.o
 .ARM.attributes
                0x00000000000001be       0x21 ./Core/Startup/startup_stm32f446retx.o
 .ARM.attributes
                0x00000000000001df       0x34 ./Drivers/STM32F4xx_HAL_Driver/stm32f4xx_hal.o
 .ARM.attributes
                0x0000000000000213       0x34 ./Drivers/STM32F4xx_HAL_Driver/stm32f4xx_hal_cortex.o
 .ARM.attributes
                0x0000000000000247       0x34 ./Drivers/STM32F4xx_HAL_Driver/stm32f4xx_hal_gpio.o
 .ARM.attributes
                0x000000000000027b       0x34 ./Drivers/STM32F4xx_HAL_Driver/stm32f4xx_hal_rcc.o
 .ARM.attributes
                0x00000000000002af       0x34 ./Drivers/STM32F4xx_HAL_Driver/stm32f4xx_hal_rcc_ex.o
 .ARM.attributes
                0x00000000000002e3       0x34 ./Drivers/STM32F4xx_HAL_Driver/stm32f4xx_hal_spi.o
 .ARM.attributes
                0x0000000000000317       0x34 ./Drivers/STM32F4xx_HAL_Driver/stm32f4xx_hal_tim.o
 .ARM.attributes
                0x000000000000034b       0x34 ./Drivers/STM32F4xx_HAL_Driver/stm32f4xx_hal_tim_ex.o
 .ARM.attributes
                0x000000000000037f       0x34 ./Drivers/STM32F4xx_HAL_Driver/stm32f4xx_hal_uart.o
 .ARM.attributes
                0x00000000000003b3       0x34 ./FATFS/App/fatfs.o
 .ARM.attributes
                0x00000000000003e7       0x34 ./FATFS/Target/user_diskio.o
 .ARM.attributes
                0x000000000000041b       0x34 ./Middlewares/FatFs/diskio.o
 .ARM.attributes
                0x000000000000044f       0x34 ./Middlewares/FatFs/ff.o
 .ARM.attributes
                0x0000000000000483       0x34 ./Middlewares/FatFs/ff_gen_drv.o
 .ARM.attributes
                0x00000000000004b7       0x34 ./Middlewares/FatFs/syscall.o
 .ARM.attributes
                0x00000000000004eb       0x34 ./Middlewares/FreeRTOS/cmsis_os2.o
 .ARM.attributes
                0x000000000000051f       0x34 ./Middlewares/FreeRTOS/heap_4.o
 .ARM.attributes
                0x0000000000000553       0x34 ./Middlewares/FreeRTOS/list.o
 .ARM.attributes
                0x0000000000000587       0x34 ./Middlewares/FreeRTOS/port.o
 .ARM.attributes
                0x00000000000005bb       0x34 ./Middlewares/FreeRTOS/queue.o
 .ARM.attributes
                0x00000000000005ef       0x34 ./Middlewares/FreeRTOS/tasks.o
 .ARM.attributes
                0x0000000000000623       0x34 ./Middlewares/FreeRTOS/timers.o
 .ARM.attributes
                0x0000000000000657       0x34 /opt/st/stm32cubeide_1.12.1/plugins/com.st.stm32cube.ide.mcu.externaltools.gnu-tools-for-stm32.10.3-2021.10.linux64_1.0.200.202301161003/tools/bin/../lib/gcc/arm-none-eabi/10.3.1/../../../../arm-none-eabi/lib/thumb/v7e-m+fp/hard/libc_nano.a(lib_a-errno.o)
 .ARM.attributes
                0x000000000000068b       0x34 /opt/st/stm32cubeide_1.12.1/plugins/com.st.stm32cube.ide.mcu.externaltools.gnu-tools-for-stm32.10.3-2021.10.linux64_1.0.200.202301161003/tools/bin/../lib/gcc/arm-none-eabi/10.3.1/../../../../arm-none-eabi/lib/thumb/v7e-m+fp/hard/libc_nano.a(lib_a-impure.o)
 .ARM.attributes
                0x00000000000006bf       0x34 /opt/st/stm32cubeide_1.12.1/plugins/com.st.stm32cube.ide.mcu.externaltools.gnu-tools-for-stm32.10.3-2021.10.linux64_1.0.200.202301161003/tools/bin/../lib/gcc/arm-none-eabi/10.3.1/../../../../arm-none-eabi/lib/thumb/v7e-m+fp/hard/libc_nano.a(lib_a-init.o)
 .ARM.attributes
                0x00000000000006f3       0x34 /opt/st/stm32cubeide_1.12.1/plugins/com.st.stm32cube.ide.mcu.externaltools.gnu-tools-for-stm32.10.3-2021.10.linux64_1.0.200.202301161003/tools/bin/../lib/gcc/arm-none-eabi/10.3.1/../../../../arm-none-eabi/lib/thumb/v7e-m+fp/hard/libc_nano.a(lib_a-memcpy-stub.o)
 .ARM.attributes
                0x0000000000000727       0x34 /opt/st/stm32cubeide_1.12.1/plugins/com.st.stm32cube.ide.mcu.externaltools.gnu-tools-for-stm32.10.3-2021.10.linux64_1.0.200.202301161003/tools/bin/../lib/gcc/arm-none-eabi/10.3.1/../../../../arm-none-eabi/lib/thumb/v7e-m+fp/hard/libc_nano.a(lib_a-memset.o)
 .ARM.attributes
                0x000000000000075b       0x34 /opt/st/stm32cubeide_1.12.1/plugins/com.st.stm32cube.ide.mcu.externaltools.gnu-tools-for-stm32.10.3-2021.10.linux64_1.0.200.202301161003/tools/bin/../lib/gcc/arm-none-eabi/10.3.1/../../../../arm-none-eabi/lib/thumb/v7e-m+fp/hard/libc_nano.a(lib_a-printf.o)
 .ARM.attributes
                0x000000000000078f       0x34 /opt/st/stm32cubeide_1.12.1/plugins/com.st.stm32cube.ide.mcu.externaltools.gnu-tools-for-stm32.10.3-2021.10.linux64_1.0.200.202301161003/tools/bin/../lib/gcc/arm-none-eabi/10.3.1/../../../../arm-none-eabi/lib/thumb/v7e-m+fp/hard/libc_nano.a(lib_a-findfp.o)
 .ARM.attributes
                0x00000000000007c3       0x34 /opt/st/stm32cubeide_1.12.1/plugins/com.st.stm32cube.ide.mcu.externaltools.gnu-tools-for-stm32.10.3-2021.10.linux64_1.0.200.202301161003/tools/bin/../lib/gcc/arm-none-eabi/10.3.1/../../../../arm-none-eabi/lib/thumb/v7e-m+fp/hard/libc_nano.a(lib_a-fwalk.o)
 .ARM.attributes
                0x00000000000007f7       0x34 /opt/st/stm32cubeide_1.12.1/plugins/com.st.stm32cube.ide.mcu.externaltools.gnu-tools-for-stm32.10.3-2021.10.linux64_1.0.200.202301161003/tools/bin/../lib/gcc/arm-none-eabi/10.3.1/../../../../arm-none-eabi/lib/thumb/v7e-m+fp/hard/libc_nano.a(lib_a-lock.o)
 .ARM.attributes
                0x000000000000082b       0x34 /opt/st/stm32cubeide_1.12.1/plugins/com.st.stm32cube.ide.mcu.externaltools.gnu-tools-for-stm32.10.3-2021.10.linux64_1.0.200.202301161003/tools/bin/../lib/gcc/arm-none-eabi/10.3.1/../../../../arm-none-eabi/lib/thumb/v7e-m+fp/hard/libc_nano.a(lib_a-nano-mallocr.o)
 .ARM.attributes
                0x000000000000085f       0x34 /opt/st/stm32cubeide_1.12.1/plugins/com.st.stm32cube.ide.mcu.externaltools.gnu-tools-for-stm32.10.3-2021.10.linux64_1.0.200.202301161003/tools/bin/../lib/gcc/arm-none-eabi/10.3.1/../../../../arm-none-eabi/lib/thumb/v7e-m+fp/hard/libc_nano.a(lib_a-nano-vfprintf.o)
 .ARM.attributes
                0x0000000000000893       0x34 /opt/st/stm32cubeide_1.12.1/plugins/com.st.stm32cube.ide.mcu.externaltools.gnu-tools-for-stm32.10.3-2021.10.linux64_1.0.200.202301161003/tools/bin/../lib/gcc/arm-none-eabi/10.3.1/../../../../arm-none-eabi/lib/thumb/v7e-m+fp/hard/libc_nano.a(lib_a-nano-vfprintf_i.o)
 .ARM.attributes
                0x00000000000008c7       0x34 /opt/st/stm32cubeide_1.12.1/plugins/com.st.stm32cube.ide.mcu.externaltools.gnu-tools-for-stm32.10.3-2021.10.linux64_1.0.200.202301161003/tools/bin/../lib/gcc/arm-none-eabi/10.3.1/../../../../arm-none-eabi/lib/thumb/v7e-m+fp/hard/libc_nano.a(lib_a-sbrkr.o)
 .ARM.attributes
                0x00000000000008fb       0x34 /opt/st/stm32cubeide_1.12.1/plugins/com.st.stm32cube.ide.mcu.externaltools.gnu-tools-for-stm32.10.3-2021.10.linux64_1.0.200.202301161003/tools/bin/../lib/gcc/arm-none-eabi/10.3.1/../../../../arm-none-eabi/lib/thumb/v7e-m+fp/hard/libc_nano.a(lib_a-stdio.o)
 .ARM.attributes
                0x000000000000092f       0x34 /opt/st/stm32cubeide_1.12.1/plugins/com.st.stm32cube.ide.mcu.externaltools.gnu-tools-for-stm32.10.3-2021.10.linux64_1.0.200.202301161003/tools/bin/../lib/gcc/arm-none-eabi/10.3.1/../../../../arm-none-eabi/lib/thumb/v7e-m+fp/hard/libc_nano.a(lib_a-wbuf.o)
 .ARM.attributes
                0x0000000000000963       0x34 /opt/st/stm32cubeide_1.12.1/plugins/com.st.stm32cube.ide.mcu.externaltools.gnu-tools-for-stm32.10.3-2021.10.linux64_1.0.200.202301161003/tools/bin/../lib/gcc/arm-none-eabi/10.3.1/../../../../arm-none-eabi/lib/thumb/v7e-m+fp/hard/libc_nano.a(lib_a-writer.o)
 .ARM.attributes
                0x0000000000000997       0x34 /opt/st/stm32cubeide_1.12.1/plugins/com.st.stm32cube.ide.mcu.externaltools.gnu-tools-for-stm32.10.3-2021.10.linux64_1.0.200.202301161003/tools/bin/../lib/gcc/arm-none-eabi/10.3.1/../../../../arm-none-eabi/lib/thumb/v7e-m+fp/hard/libc_nano.a(lib_a-wsetup.o)
 .ARM.attributes