../FATFS/Target/user_diskio.c:342:9:USER_status	0	static
../FATFS/Target/user_diskio.c:79:6:GenerateCRCTable	8	static
../FATFS/Target/user_diskio.c:96:9:CRCAdd	0	static
../FATFS/Target/user_diskio.c:102:9:getCRC	12	static
../FATFS/Target/user_diskio.c:116:9:send_SD_cmd	48	static
../FATFS/Target/user_diskio.c:361:9:USER_read	56	static
../FATFS/Target/user_diskio.c:464:9:USER_write	56	static
../FATFS/Target/user_diskio.c:607:9:USER_ioctl	56	static
../FATFS/Target/user_diskio.c:180:6:get_trail	32	static
../FATFS/Target/user_diskio.c:234:9:USER_initialize	24	static
