../Core/Src/main.c:117:12:xCommandTest	16	static
../Core/Src/main.c:197:6:vCommandConsoleTask	24	static
../Core/Src/main.c:102:6:toggleLED_1	8	static
../Core/Src/main.c:175:6:vDummy	8	static
../Core/Src/main.c:185:6:vHandleUART	8	static
../Core/Src/main.c:543:6:SystemClock_Config	88	static,ignoring_inline_asm
../Core/Src/main.c:318:5:main	1200	static,ignoring_inline_asm
../Core/Src/main.c:827:1:__io_putchar	16	static
../Core/Src/main.c:836:1:__io_getchar	16	static
../Core/Src/main.c:854:9:fixedPointLog2	0	static
../Core/Src/main.c:872:6:StartDefaultTask	8	static
../Core/Src/main.c:891:6:HAL_TIM_PeriodElapsedCallback	0	static
../Core/Src/main.c:908:6:Error_Handler	0	static,ignoring_inline_asm
