../Core/Src/stm32f4xx_hal_msp.c:63:6:HAL_MspInit	8	static
../Core/Src/stm32f4xx_hal_msp.c:87:6:HAL_DAC_MspInit	40	static
../Core/Src/stm32f4xx_hal_msp.c:120:6:HAL_DAC_MspDeInit	0	static
../Core/Src/stm32f4xx_hal_msp.c:148:6:HAL_SPI_MspInit	40	static
../Core/Src/stm32f4xx_hal_msp.c:186:6:HAL_SPI_MspDeInit	0	static
../Core/Src/stm32f4xx_hal_msp.c:217:6:HAL_TIM_Base_MspInit	40	static
../Core/Src/stm32f4xx_hal_msp.c:256:6:HAL_TIM_Base_MspDeInit	0	static
../Core/Src/stm32f4xx_hal_msp.c:285:6:HAL_UART_MspInit	40	static
../Core/Src/stm32f4xx_hal_msp.c:323:6:HAL_UART_MspDeInit	8	static
