../Core/Src/main.c:88:6:toggleLED_1	16	static
../Core/Src/main.c:103:12:xCommandTest	32	static
../Core/Src/main.c:124:6:vCommandConsoleTask	24	static
../Core/Src/main.c:232:5:main	2264	static
../Core/Src/main.c:424:6:SystemClock_Config	88	static
../Core/Src/main.c:470:13:MX_SPI2_Init	8	static
../Core/Src/main.c:508:13:MX_USART2_UART_Init	8	static
../Core/Src/main.c:541:13:MX_GPIO_Init	48	static
../Core/Src/main.c:579:1:__io_putchar	16	static
../Core/Src/main.c:588:1:__io_getchar	16	static
../Core/Src/main.c:606:9:fixedPointLog2	24	static
../Core/Src/main.c:624:6:StartDefaultTask	16	static
../Core/Src/main.c:643:6:HAL_TIM_PeriodElapsedCallback	16	static
../Core/Src/main.c:660:6:Error_Handler	4	static,ignoring_inline_asm
