../Core/Src/main.c:102:6:toggleLED_1	16	static
../Core/Src/main.c:117:12:xCommandTest	32	static
../Core/Src/main.c:175:6:vDummy	16	static
../Core/Src/main.c:185:6:vHandleUART	16	static
../Core/Src/main.c:197:6:vCommandConsoleTask	24	static
../Core/Src/main.c:318:5:main	2272	static
../Core/Src/main.c:552:6:SystemClock_Config	88	static
../Core/Src/main.c:597:13:MX_NVIC_Init	8	static
../Core/Src/main.c:609:13:MX_DAC_Init	16	static
../Core/Src/main.c:647:13:MX_SPI2_Init	8	static
../Core/Src/main.c:685:13:MX_TIM2_Init	48	static
../Core/Src/main.c:743:13:MX_USART2_UART_Init	8	static
../Core/Src/main.c:776:13:MX_GPIO_Init	48	static
../Core/Src/main.c:836:1:__io_putchar	16	static
../Core/Src/main.c:845:1:__io_getchar	16	static
../Core/Src/main.c:863:9:fixedPointLog2	24	static
../Core/Src/main.c:881:6:StartDefaultTask	16	static
../Core/Src/main.c:900:6:HAL_TIM_PeriodElapsedCallback	16	static
../Core/Src/main.c:917:6:Error_Handler	4	static,ignoring_inline_asm
