Archive member included to satisfy reference by file (symbol)

/opt/st/stm32cubeide_1.12.1/plugins/com.st.stm32cube.ide.mcu.externaltools.gnu-tools-for-stm32.10.3-2021.10.linux64_1.0.200.202301161003/tools/bin/../lib/gcc/arm-none-eabi/10.3.1/../../../../arm-none-eabi/lib/thumb/v7e-m+fp/hard/libc_nano.a(lib_a-errno.o)
                              ./Core/Src/syscalls.o (__errno)
/opt/st/stm32cubeide_1.12.1/plugins/com.st.stm32cube.ide.mcu.externaltools.gnu-tools-for-stm32.10.3-2021.10.linux64_1.0.200.202301161003/tools/bin/../lib/gcc/arm-none-eabi/10.3.1/../../../../arm-none-eabi/lib/thumb/v7e-m+fp/hard/libc_nano.a(lib_a-exit.o)
                              /opt/st/stm32cubeide_1.12.1/plugins/com.st.stm32cube.ide.mcu.externaltools.gnu-tools-for-stm32.10.3-2021.10.linux64_1.0.200.202301161003/tools/bin/../lib/gcc/arm-none-eabi/10.3.1/../../../../arm-none-eabi/lib/thumb/v7e-m+fp/hard/crt0.o (exit)
/opt/st/stm32cubeide_1.12.1/plugins/com.st.stm32cube.ide.mcu.externaltools.gnu-tools-for-stm32.10.3-2021.10.linux64_1.0.200.202301161003/tools/bin/../lib/gcc/arm-none-eabi/10.3.1/../../../../arm-none-eabi/lib/thumb/v7e-m+fp/hard/libc_nano.a(lib_a-impure.o)
                              /opt/st/stm32cubeide_1.12.1/plugins/com.st.stm32cube.ide.mcu.externaltools.gnu-tools-for-stm32.10.3-2021.10.linux64_1.0.200.202301161003/tools/bin/../lib/gcc/arm-none-eabi/10.3.1/../../../../arm-none-eabi/lib/thumb/v7e-m+fp/hard/libc_nano.a(lib_a-exit.o) (_global_impure_ptr)
/opt/st/stm32cubeide_1.12.1/plugins/com.st.stm32cube.ide.mcu.externaltools.gnu-tools-for-stm32.10.3-2021.10.linux64_1.0.200.202301161003/tools/bin/../lib/gcc/arm-none-eabi/10.3.1/../../../../arm-none-eabi/lib/thumb/v7e-m+fp/hard/libc_nano.a(lib_a-init.o)
                              /opt/st/stm32cubeide_1.12.1/plugins/com.st.stm32cube.ide.mcu.externaltools.gnu-tools-for-stm32.10.3-2021.10.linux64_1.0.200.202301161003/tools/bin/../lib/gcc/arm-none-eabi/10.3.1/../../../../arm-none-eabi/lib/thumb/v7e-m+fp/hard/crt0.o (__libc_init_array)
/opt/st/stm32cubeide_1.12.1/plugins/com.st.stm32cube.ide.mcu.externaltools.gnu-tools-for-stm32.10.3-2021.10.linux64_1.0.200.202301161003/tools/bin/../lib/gcc/arm-none-eabi/10.3.1/../../../../arm-none-eabi/lib/thumb/v7e-m+fp/hard/libc_nano.a(lib_a-memcpy-stub.o)
                              ./Middlewares/Third_Party/FreeRTOS/Source/CMSIS_RTOS_V2/cmsis_os2.o (memcpy)
/opt/st/stm32cubeide_1.12.1/plugins/com.st.stm32cube.ide.mcu.externaltools.gnu-tools-for-stm32.10.3-2021.10.linux64_1.0.200.202301161003/tools/bin/../lib/gcc/arm-none-eabi/10.3.1/../../../../arm-none-eabi/lib/thumb/v7e-m+fp/hard/libc_nano.a(lib_a-memset.o)
                              /opt/st/stm32cubeide_1.12.1/plugins/com.st.stm32cube.ide.mcu.externaltools.gnu-tools-for-stm32.10.3-2021.10.linux64_1.0.200.202301161003/tools/bin/../lib/gcc/arm-none-eabi/10.3.1/../../../../arm-none-eabi/lib/thumb/v7e-m+fp/hard/crt0.o (memset)
/opt/st/stm32cubeide_1.12.1/plugins/com.st.stm32cube.ide.mcu.externaltools.gnu-tools-for-stm32.10.3-2021.10.linux64_1.0.200.202301161003/tools/bin/../lib/gcc/arm-none-eabi/10.3.1/../../../../arm-none-eabi/lib/thumb/v7e-m+fp/hard/libc_nano.a(lib_a-printf.o)
                              ./Core/Src/main.o (printf)
/opt/st/stm32cubeide_1.12.1/plugins/com.st.stm32cube.ide.mcu.externaltools.gnu-tools-for-stm32.10.3-2021.10.linux64_1.0.200.202301161003/tools/bin/../lib/gcc/arm-none-eabi/10.3.1/../../../../arm-none-eabi/lib/thumb/v7e-m+fp/hard/libc_nano.a(lib_a-putchar.o)
                              ./Core/Src/main.o (putchar)
/opt/st/stm32cubeide_1.12.1/plugins/com.st.stm32cube.ide.mcu.externaltools.gnu-tools-for-stm32.10.3-2021.10.linux64_1.0.200.202301161003/tools/bin/../lib/gcc/arm-none-eabi/10.3.1/../../../../arm-none-eabi/lib/thumb/v7e-m+fp/hard/libc_nano.a(lib_a-puts.o)
                              ./Core/Src/main.o (puts)
/opt/st/stm32cubeide_1.12.1/plugins/com.st.stm32cube.ide.mcu.externaltools.gnu-tools-for-stm32.10.3-2021.10.linux64_1.0.200.202301161003/tools/bin/../lib/gcc/arm-none-eabi/10.3.1/../../../../arm-none-eabi/lib/thumb/v7e-m+fp/hard/libc_nano.a(lib_a-setvbuf.o)
                              ./Core/Src/main.o (setvbuf)
/opt/st/stm32cubeide_1.12.1/plugins/com.st.stm32cube.ide.mcu.externaltools.gnu-tools-for-stm32.10.3-2021.10.linux64_1.0.200.202301161003/tools/bin/../lib/gcc/arm-none-eabi/10.3.1/../../../../arm-none-eabi/lib/thumb/v7e-m+fp/hard/libc_nano.a(lib_a-sprintf.o)
                              ./Middlewares/Third_Party/FreeRTOS/Source/tasks.o (sprintf)
/opt/st/stm32cubeide_1.12.1/plugins/com.st.stm32cube.ide.mcu.externaltools.gnu-tools-for-stm32.10.3-2021.10.linux64_1.0.200.202301161003/tools/bin/../lib/gcc/arm-none-eabi/10.3.1/../../../../arm-none-eabi/lib/thumb/v7e-m+fp/hard/libc_nano.a(lib_a-strcpy.o)
                              ./Middlewares/Third_Party/FreeRTOS/Source/tasks.o (strcpy)
[...]
Memory Configuration

Name             Origin             Length             Attributes
RAM              0x0000000020000000 0x0000000000020000 xrw
FLASH            0x0000000008000000 0x0000000000080000 xr
*default*        0x0000000000000000 0xffffffffffffffff

Linker script and memory map

LOAD /opt/st/stm32cubeide_1.12.1/plugins/com.st.stm32cube.ide.mcu.externaltools.gnu-tools-for-stm32.10.3-2021.10.linux64_1.0.200.202301161003/tools/bin/../lib/gcc/arm-none-eabi/10.3.1/thumb/v7e-m+fp/hard/crti.o
LOAD /opt/st/stm32cubeide_1.12.1/plugins/com.st.stm32cube.ide.mcu.externaltools.gnu-tools-for-stm32.10.3-2021.10.linux64_1.0.200.202301161003/tools/bin/../lib/gcc/arm-none-eabi/10.3.1/thumb/v7e-m+fp/hard/crtbegin.o
LOAD /opt/st/stm32cubeide_1.12.1/plugins/com.st.stm32cube.ide.mcu.externaltools.gnu-tools-for-stm32.10.3-2021.10.linux64_1.0.200.202301161003/tools/bin/../lib/gcc/arm-none-eabi/10.3.1/../../../../arm-none-eabi/lib/thumb/v7e-m+fp/hard/crt0.o
LOAD ./Core/Src/freertos.o
LOAD ./Core/Src/main.o
LOAD ./Core/Src/stm32f4xx_hal_msp.o
LOAD ./Core/Src/stm32f4xx_hal_timebase_tim.o
LOAD ./Core/Src/stm32f4xx_it.o
LOAD ./Core/Src/syscalls.o
LOAD ./Core/Src/sysmem.o
LOAD ./Core/Src/system_stm32f4xx.o
LOAD ./Core/Startup/startup_stm32f446retx.o
LOAD ./Drivers/STM32F4xx_HAL_Driver/stm32f4xx_hal.o
LOAD ./Drivers/STM32F4xx_HAL_Driver/stm32f4xx_hal_cortex.o
LOAD ./Drivers/STM32F4xx_HAL_Driver/stm32f4xx_hal_dac.o
LOAD ./Drivers/STM32F4xx_HAL_Driver/stm32f4xx_hal_dac_ex.o
LOAD ./Drivers/STM32F4xx_HAL_Driver/stm32f4xx_hal_dma.o
LOAD ./Drivers/STM32F4xx_HAL_Driver/stm32f4xx_hal_dma_ex.o
LOAD ./Drivers/STM32F4xx_HAL_Driver/stm32f4xx_hal_exti.o
LOAD ./Drivers/STM32F4xx_HAL_Driver/stm32f4xx_hal_flash.o
LOAD ./Drivers/STM32F4xx_HAL_Driver/stm32f4xx_hal_flash_ex.o
LOAD ./Drivers/STM32F4xx_HAL_Driver/stm32f4xx_hal_flash_ramfunc.o
LOAD ./Drivers/STM32F4xx_HAL_Driver/stm32f4xx_hal_gpio.o
LOAD ./Drivers/STM32F4xx_HAL_Driver/stm32f4xx_hal_pwr.o
LOAD ./Drivers/STM32F4xx_HAL_Driver/stm32f4xx_hal_pwr_ex.o
LOAD ./Drivers/STM32F4xx_HAL_Driver/stm32f4xx_hal_rcc.o
LOAD ./Drivers/STM32F4xx_HAL_Driver/stm32f4xx_hal_rcc_ex.o
LOAD ./Drivers/STM32F4xx_HAL_Driver/stm32f4xx_hal_spi.o
LOAD ./Drivers/STM32F4xx_HAL_Driver/stm32f4xx_hal_tim.o
LOAD ./Drivers/STM32F4xx_HAL_Driver/stm32f4xx_hal_tim_ex.o
LOAD ./Drivers/STM32F4xx_HAL_Driver/stm32f4xx_hal_uart.o
LOAD ./FATFS/App/fatfs.o
LOAD ./FATFS/Target/user_diskio.o
LOAD ./Middlewares/Third_Party/FatFs/src/diskio.o
LOAD ./Middlewares/Third_Party/FatFs/src/ff.o
LOAD ./Middlewares/Third_Party/FatFs/src/ff_gen_drv.o
LOAD ./Middlewares/Third_Party/FatFs/src/option/syscall.o
LOAD ./Middlewares/Third_Party/FreeRTOS/Source/CMSIS_RTOS_V2/cmsis_os2.o
LOAD ./Middlewares/Third_Party/FreeRTOS/Source/FreeRTOS_CLI.o
LOAD ./Middlewares/Third_Party/FreeRTOS/Source/croutine.o
LOAD ./Middlewares/Third_Party/FreeRTOS/Source/event_groups.o
LOAD ./Middlewares/Third_Party/FreeRTOS/Source/list.o
LOAD ./Middlewares/Third_Party/FreeRTOS/Source/queue.o
LOAD ./Middlewares/Third_Party/FreeRTOS/Source/stream_buffer.o
LOAD ./Middlewares/Third_Party/FreeRTOS/Source/tasks.o
LOAD ./Middlewares/Third_Party/FreeRTOS/Source/timers.o
LOAD ./Middlewares/Third_Party/FreeRTOS/Source/portable/GCC/ARM_CM4F/port.o
LOAD ./Middlewares/Third_Party/FreeRTOS/Source/portable/MemMang/heap_4.o
START GROUP
LOAD /opt/st/stm32cubeide_1.12.1/plugins/com.st.stm32cube.ide.mcu.externaltools.gnu-tools-for-stm32.10.3-2021.10.linux64_1.0.200.202301161003/tools/bin/../lib/gcc/arm-none-eabi/10.3.1/../../../../arm-none-eabi/lib/thumb/v7e-m+fp/hard/libc_nano.a
LOAD /opt/st/stm32cubeide_1.12.1/plugins/com.st.stm32cube.ide.mcu.externaltools.gnu-tools-for-stm32.10.3-2021.10.linux64_1.0.200.202301161003/tools/bin/../lib/gcc/arm-none-eabi/10.3.1/../../../../arm-none-eabi/lib/thumb/v7e-m+fp/hard/libm.a
END GROUP
START GROUP
LOAD /opt/st/stm32cubeide_1.12.1/plugins/com.st.stm32cube.ide.mcu.externaltools.gnu-tools-for-stm32.10.3-2021.10.linux64_1.0.200.202301161003/tools/bin/../lib/gcc/arm-none-eabi/10.3.1/thumb/v7e-m+fp/hard/libgcc.a
LOAD /opt/st/stm32cubeide_1.12.1/plugins/com.st.stm32cube.ide.mcu.externaltools.gnu-tools-for-stm32.10.3-2021.10.linux64_1.0.200.202301161003/tools/bin/../lib/gcc/arm-none-eabi/10.3.1/../../../../arm-none-eabi/lib/thumb/v7e-m+fp/hard/libc_nano.a
END GROUP
START GROUP
LOAD /opt/st/stm32cubeide_1.12.1/plugins/com.st.stm32cube.ide.mcu.externaltools.gnu-tools-for-stm32.10.3-2021.10.linux64_1.0.200.202301161003/tools/bin/../lib/gcc/arm-none-eabi/10.3.1/thumb/v7e-m+fp/hard/libgcc.a
LOAD /opt/st/stm32cubeide_1.12.1/plugins/com.st.stm32cube.ide.mcu.externaltools.gnu-tools-for-stm32.10.3-2021.10.linux64_1.0.200.202301161003/tools/bin/../lib/gcc/arm-none-eabi/10.3.1/../../../../arm-none-eabi/lib/thumb/v7e-m+fp/hard/libc_nano.a
LOAD /opt/st/stm32cubeide_1.12.1/plugins/com.st.stm32cube.ide.mcu.externaltools.gnu-tools-for-stm32.10.3-2021.10.linux64_1.0.200.202301161003/tools/bin/../lib/gcc/arm-none-eabi/10.3.1/../../../../arm-none-eabi/lib/thumb/v7e-m+fp/hard/libnosys.a
END GROUP
START GROUP
LOAD /opt/st/stm32cubeide_1.12.1/plugins/com.st.stm32cube.ide.mcu.externaltools.gnu-tools-for-stm32.10.3-2021.10.linux64_1.0.200.202301161003/tools/bin/../lib/gcc/arm-none-eabi/10.3.1/thumb/v7e-m+fp/hard/libgcc.a
LOAD /opt/st/stm32cubeide_1.12.1/plugins/com.st.stm32cube.ide.mcu.externaltools.gnu-tools-for-stm32.10.3-2021.10.linux64_1.0.200.202301161003/tools/bin/../lib/gcc/arm-none-eabi/10.3.1/../../../../arm-none-eabi/lib/thumb/v7e-m+fp/hard/libc_nano.a
LOAD /opt/st/stm32cubeide_1.12.1/plugins/com.st.stm32cube.ide.mcu.externaltools.gnu-tools-for-stm32.10.3-2021.10.linux64_1.0.200.202301161003/tools/bin/../lib/gcc/arm-none-eabi/10.3.1/../../../../arm-none-eabi/lib/thumb/v7e-m+fp/hard/libnosys.a
END GROUP
LOAD /opt/st/stm32cubeide_1.12.1/plugins/com.st.stm32cube.ide.mcu.externaltools.gnu-tools-for-stm32.10.3-2021.10.linux64_1.0.200.202301161003/tools/bin/../lib/gcc/arm-none-eabi/10.3.1/thumb/v7e-m+fp/hard/crtend.o
LOAD /opt/st/stm32cubeide_1.12.1/plugins/com.st.stm32cube.ide.mcu.externaltools.gnu-tools-for-stm32.10.3-2021.10.linux64_1.0.200.202301161003/tools/bin/../lib/gcc/arm-none-eabi/10.3.1/thumb/v7e-m+fp/hard/crtn.o
                0x0000000020020000                _estack = (ORIGIN (RAM) + LENGTH (RAM))
                0x0000000000000200                _Min_Heap_Size = 0x200
                0x0000000000000400                _Min_Stack_Size = 0x400

.isr_vector     0x0000000008000000      0x1c4
                0x0000000008000000                . = ALIGN (0x4)
 *(.isr_vector)
 .isr_vector    0x0000000008000000      0x1c4 ./Core/Startup/startup_stm32f446retx.o
                0x0000000008000000                g_pfnVectors
                0x00000000080001c4                . = ALIGN (0x4)

.text           0x00000000080001d0     0x8064
                0x00000000080001d0                . = ALIGN (0x4)
 *(.text)
 .text          0x00000000080001d0       0x40 /opt/st/stm32cubeide_1.12.1/plugins/com.st.stm32cube.ide.mcu.externaltools.gnu-tools-for-stm32.10.3-2021.10.linux64_1.0.200.202301161003/tools/bin/../lib/gcc/arm-none-eabi/10.3.1/thumb/v7e-m+fp/hard/crtbegin.o
 .text          0x0000000008000210       0x10 /opt/st/stm32cubeide_1.12.1/plugins/com.st.stm32cube.ide.mcu.externaltools.gnu-tools-for-stm32.10.3-2021.10.linux64_1.0.200.202301161003/tools/bin/../lib/gcc/arm-none-eabi/10.3.1/../../../../arm-none-eabi/lib/thumb/v7e-m+fp/hard/libc_nano.a(lib_a-strlen.o)
                0x0000000008000210                strlen
 .text          0x0000000008000220       0xa0 /opt/st/stm32cubeide_1.12.1/plugins/com.st.stm32cube.ide.mcu.externaltools.gnu-tools-for-stm32.10.3-2021.10.linux64_1.0.200.202301161003/tools/bin/../lib/gcc/arm-none-eabi/10.3.1/../../../../arm-none-eabi/lib/thumb/v7e-m+fp/hard/libc_nano.a(lib_a-memchr.o)
                0x0000000008000220                memchr
 .text          0x00000000080002c0       0x30 /opt/st/stm32cubeide_1.12.1/plugins/com.st.stm32cube.ide.mcu.externaltools.gnu-tools-for-stm32.10.3-2021.10.linux64_1.0.200.202301161003/tools/bin/../lib/gcc/arm-none-eabi/10.3.1/thumb/v7e-m+fp/hard/libgcc.a(_aeabi_uldivmod.o)
                0x00000000080002c0                __aeabi_uldivmod
 .text          0x00000000080002f0      0x2d0 /opt/st/stm32cubeide_1.12.1/plugins/com.st.stm32cube.ide.mcu.externaltools.gnu-tools-for-stm32.10.3-2021.10.linux64_1.0.200.202301161003/tools/bin/../lib/gcc/arm-none-eabi/10.3.1/thumb/v7e-m+fp/hard/libgcc.a(_udivmoddi4.o)
                0x00000000080002f0                __udivmoddi4
 .text          0x00000000080005c0        0x4 /opt/st/stm32cubeide_1.12.1/plugins/com.st.stm32cube.ide.mcu.externaltools.gnu-tools-for-stm32.10.3-2021.10.linux64_1.0.200.202301161003/tools/bin/../lib/gcc/arm-none-eabi/10.3.1/thumb/v7e-m+fp/hard/libgcc.a(_dvmd_tls.o)
                0x00000000080005c0                __aeabi_ldiv0
                0x00000000080005c0                __aeabi_idiv0
 *(.text*)
 .text.xCommandTest
                0x00000000080005c4       0x38 ./Core/Src/main.o
                0x00000000080005c4                xCommandTest
 .text.vCommandConsoleTask
                0x00000000080005fc       0xb8 ./Core/Src/main.o
                0x00000000080005fc                vCommandConsoleTask
 .text.SystemClock_Config
                0x00000000080006b4       0xa0 ./Core/Src/main.o
                0x00000000080006b4                SystemClock_Config
 .text.startup.main
                0x0000000008000754      0x3e8 ./Core/Src/main.o
                0x0000000008000754                main
 .text.__io_putchar
                0x0000000008000b3c       0x20 ./Core/Src/main.o
                0x0000000008000b3c                __io_putchar
 .text.__io_getchar
                0x0000000008000b5c       0x30 ./Core/Src/main.o
                0x0000000008000b5c                __io_getchar
 .text.HAL_TIM_PeriodElapsedCallback
                0x0000000008000b8c       0x14 ./Core/Src/main.o
                0x0000000008000b8c                HAL_TIM_PeriodElapsedCallback
 .text.HAL_MspInit
                0x0000000008000ba0       0x40 ./Core/Src/stm32f4xx_hal_msp.o
                0x0000000008000ba0                HAL_MspInit
 .text.HAL_DAC_MspInit
                0x0000000008000be0       0x64 ./Core/Src/stm32f4xx_hal_msp.o
                0x0000000008000be0                HAL_DAC_MspInit
 .text.HAL_SPI_MspInit
                0x0000000008000c44       0x6c ./Core/Src/stm32f4xx_hal_msp.o
                0x0000000008000c44                HAL_SPI_MspInit
 .text.HAL_TIM_Base_MspInit
                0x0000000008000cb0       0x70 ./Core/Src/stm32f4xx_hal_msp.o
                0x0000000008000cb0                HAL_TIM_Base_MspInit
 .text.HAL_UART_MspInit
                0x0000000008000d20       0x7c ./Core/Src/stm32f4xx_hal_msp.o
                0x0000000008000d20                HAL_UART_MspInit
 .text.HAL_InitTick
                0x0000000008000d9c       0x78 ./Core/Src/stm32f4xx_hal_timebase_tim.o
                0x0000000008000d9c                HAL_InitTick
 .text.NMI_Handler
                0x0000000008000e14        0x2 ./Core/Src/stm32f4xx_it.o
                0x0000000008000e14                NMI_Handler
 .text.HardFault_Handler
                0x0000000008000e16        0x2 ./Core/Src/stm32f4xx_it.o
                0x0000000008000e16                HardFault_Handler
 .text.MemManage_Handler
                0x0000000008000e18        0x2 ./Core/Src/stm32f4xx_it.o
                0x0000000008000e18                MemManage_Handler
 .text.BusFault_Handler
                0x0000000008000e1a        0x2 ./Core/Src/stm32f4xx_it.o
                0x0000000008000e1a                BusFault_Handler
 .text.UsageFault_Handler
                0x0000000008000e1c        0x2 ./Core/Src/stm32f4xx_it.o
                0x0000000008000e1c                UsageFault_Handler
 .text.DebugMon_Handler
                0x0000000008000e1e        0x2 ./Core/Src/stm32f4xx_it.o
                0x0000000008000e1e                DebugMon_Handler
 .text.TIM1_UP_TIM10_IRQHandler
                0x0000000008000e20        0xc ./Core/Src/stm32f4xx_it.o
                0x0000000008000e20                TIM1_UP_TIM10_IRQHandler
 .text.USART2_IRQHandler
                0x0000000008000e2c       0x3c ./Core/Src/stm32f4xx_it.o
                0x0000000008000e2c                USART2_IRQHandler
 .text._read    0x0000000008000e68       0x1c ./Core/Src/syscalls.o
                0x0000000008000e68                _read
 .text._write   0x0000000008000e84       0x1c ./Core/Src/syscalls.o
                0x0000000008000e84                _write
 .text._close   0x0000000008000ea0        0x6 ./Core/Src/syscalls.o
                0x0000000008000ea0                _close
 .text._fstat   0x0000000008000ea6        0xa ./Core/Src/syscalls.o
                0x0000000008000ea6                _fstat
 .text._isatty  0x0000000008000eb0        0x4 ./Core/Src/syscalls.o
                0x0000000008000eb0                _isatty
 .text._lseek   0x0000000008000eb4        0x4 ./Core/Src/syscalls.o
                0x0000000008000eb4                _lseek
 .text._sbrk    0x0000000008000eb8       0x40 ./Core/Src/sysmem.o
                0x0000000008000eb8                _sbrk
 .text.SystemInit
                0x0000000008000ef8       0x14 ./Core/Src/system_stm32f4xx.o
                0x0000000008000ef8                SystemInit
 .text.Reset_Handler
                0x0000000008000f0c       0x50 ./Core/Startup/startup_stm32f446retx.o
                0x0000000008000f0c                Reset_Handler
 .text.Default_Handler
                0x0000000008000f5c        0x2 ./Core/Startup/startup_stm32f446retx.o
                0x0000000008000f5c                RTC_Alarm_IRQHandler
                0x0000000008000f5c                EXTI2_IRQHandler
                0x0000000008000f5c                TIM8_CC_IRQHandler
                0x0000000008000f5c                FMPI2C1_EV_IRQHandler
                0x0000000008000f5c                SPI4_IRQHandler
                0x0000000008000f5c                TIM1_CC_IRQHandler
                0x0000000008000f5c                DMA2_Stream5_IRQHandler
                0x0000000008000f5c                DMA1_Stream5_IRQHandler
                0x0000000008000f5c                PVD_IRQHandler
                0x0000000008000f5c                SDIO_IRQHandler
                0x0000000008000f5c                TAMP_STAMP_IRQHandler
                0x0000000008000f5c                CAN2_RX1_IRQHandler
                0x0000000008000f5c                EXTI3_IRQHandler
                0x0000000008000f5c                TIM8_TRG_COM_TIM14_IRQHandler
                0x0000000008000f5c                TIM8_UP_TIM13_IRQHandler
                0x0000000008000f5c                I2C3_ER_IRQHandler
                0x0000000008000f5c                EXTI0_IRQHandler
                0x0000000008000f5c                I2C2_EV_IRQHandler
                0x0000000008000f5c                DMA1_Stream2_IRQHandler
                0x0000000008000f5c                CAN1_RX0_IRQHandler
                0x0000000008000f5c                FPU_IRQHandler
                0x0000000008000f5c                OTG_HS_WKUP_IRQHandler
                0x0000000008000f5c                CAN2_SCE_IRQHandler
                0x0000000008000f5c                DMA2_Stream2_IRQHandler
                0x0000000008000f5c                SPI1_IRQHandler
                0x0000000008000f5c                TIM6_DAC_IRQHandler
                0x0000000008000f5c                TIM1_BRK_TIM9_IRQHandler
                0x0000000008000f5c                DCMI_IRQHandler
                0x0000000008000f5c                CAN2_RX0_IRQHandler
                0x0000000008000f5c                DMA2_Stream3_IRQHandler
                0x0000000008000f5c                SAI2_IRQHandler
                0x0000000008000f5c                USART6_IRQHandler
                0x0000000008000f5c                USART3_IRQHandler
                0x0000000008000f5c                CAN1_RX1_IRQHandler
                0x0000000008000f5c                UART5_IRQHandler
                0x0000000008000f5c                DMA2_Stream0_IRQHandler
                0x0000000008000f5c                TIM4_IRQHandler
                0x0000000008000f5c                QUADSPI_IRQHandler
                0x0000000008000f5c                I2C1_EV_IRQHandler
                0x0000000008000f5c                DMA1_Stream6_IRQHandler
                0x0000000008000f5c                DMA1_Stream1_IRQHandler
                0x0000000008000f5c                UART4_IRQHandler
                0x0000000008000f5c                TIM3_IRQHandler
                0x0000000008000f5c                RCC_IRQHandler
                0x0000000008000f5c                TIM8_BRK_TIM12_IRQHandler
                0x0000000008000f5c                Default_Handler
                0x0000000008000f5c                CEC_IRQHandler
                0x0000000008000f5c                EXTI15_10_IRQHandler
                0x0000000008000f5c                ADC_IRQHandler
                0x0000000008000f5c                DMA1_Stream7_IRQHandler
                0x0000000008000f5c                TIM7_IRQHandler
                0x0000000008000f5c                CAN2_TX_IRQHandler
                0x0000000008000f5c                TIM5_IRQHandler
                0x0000000008000f5c                DMA2_Stream7_IRQHandler
                0x0000000008000f5c                I2C3_EV_IRQHandler
                0x0000000008000f5c                EXTI9_5_IRQHandler
                0x0000000008000f5c                RTC_WKUP_IRQHandler
                0x0000000008000f5c                SPDIF_RX_IRQHandler
                0x0000000008000f5c                SPI2_IRQHandler
                0x0000000008000f5c                OTG_HS_EP1_IN_IRQHandler
                0x0000000008000f5c                DMA1_Stream0_IRQHandler
                0x0000000008000f5c                CAN1_TX_IRQHandler
                0x0000000008000f5c                FMPI2C1_ER_IRQHandler
                0x0000000008000f5c                EXTI4_IRQHandler
                0x0000000008000f5c                OTG_HS_EP1_OUT_IRQHandler
                0x0000000008000f5c                WWDG_IRQHandler
                0x0000000008000f5c                TIM2_IRQHandler
                0x0000000008000f5c                OTG_FS_WKUP_IRQHandler
                0x0000000008000f5c                TIM1_TRG_COM_TIM11_IRQHandler
                0x0000000008000f5c                OTG_HS_IRQHandler
                0x0000000008000f5c                EXTI1_IRQHandler
                0x0000000008000f5c                I2C2_ER_IRQHandler
                0x0000000008000f5c                DMA2_Stream1_IRQHandler
                0x0000000008000f5c                CAN1_SCE_IRQHandler
                0x0000000008000f5c                FLASH_IRQHandler
                0x0000000008000f5c                DMA2_Stream4_IRQHandler
                0x0000000008000f5c                USART1_IRQHandler
                0x0000000008000f5c                OTG_FS_IRQHandler
                0x0000000008000f5c                SPI3_IRQHandler
                0x0000000008000f5c                DMA1_Stream4_IRQHandler
                0x0000000008000f5c                I2C1_ER_IRQHandler
                0x0000000008000f5c                FMC_IRQHandler
                0x0000000008000f5c                DMA2_Stream6_IRQHandler
                0x0000000008000f5c                SAI1_IRQHandler
                0x0000000008000f5c                DMA1_Stream3_IRQHandler
 *fill*         0x0000000008000f5e        0x2 
 .text.HAL_Init
                0x0000000008000f60       0x34 ./Drivers/STM32F4xx_HAL_Driver/stm32f4xx_hal.o
                0x0000000008000f60                HAL_Init
 .text.HAL_IncTick
                0x0000000008000f94       0x18 ./Drivers/STM32F4xx_HAL_Driver/stm32f4xx_hal.o
                0x0000000008000f94                HAL_IncTick
 .text.HAL_GetTick
                0x0000000008000fac        0xc ./Drivers/STM32F4xx_HAL_Driver/stm32f4xx_hal.o
                0x0000000008000fac                HAL_GetTick
 .text.HAL_Delay
                0x0000000008000fb8       0x28 ./Drivers/STM32F4xx_HAL_Driver/stm32f4xx_hal.o
                0x0000000008000fb8                HAL_Delay
 .text.HAL_NVIC_SetPriorityGrouping
                0x0000000008000fe0       0x24 ./Drivers/STM32F4xx_HAL_Driver/stm32f4xx_hal_cortex.o
                0x0000000008000fe0                HAL_NVIC_SetPriorityGrouping
 .text.HAL_NVIC_SetPriority
                0x0000000008001004       0x64 ./Drivers/STM32F4xx_HAL_Driver/stm32f4xx_hal_cortex.o
                0x0000000008001004                HAL_NVIC_SetPriority
 .text.HAL_NVIC_EnableIRQ
                0x0000000008001068       0x1c ./Drivers/STM32F4xx_HAL_Driver/stm32f4xx_hal_cortex.o
                0x0000000008001068                HAL_NVIC_EnableIRQ
 .text.HAL_DAC_Init
                0x0000000008001084       0x26 ./Drivers/STM32F4xx_HAL_Driver/stm32f4xx_hal_dac.o
                0x0000000008001084                HAL_DAC_Init
 .text.HAL_DAC_Start
                0x00000000080010aa       0x54 ./Drivers/STM32F4xx_HAL_Driver/stm32f4xx_hal_dac.o
                0x00000000080010aa                HAL_DAC_Start
 .text.HAL_DAC_SetValue
                0x00000000080010fe       0x24 ./Drivers/STM32F4xx_HAL_Driver/stm32f4xx_hal_dac.o
                0x00000000080010fe                HAL_DAC_SetValue
 .text.HAL_DAC_ConfigChannel
                0x0000000008001122       0x46 ./Drivers/STM32F4xx_HAL_Driver/stm32f4xx_hal_dac.o
                0x0000000008001122                HAL_DAC_ConfigChannel
 .text.HAL_DMA_Abort
                0x0000000008001168       0x88 ./Drivers/STM32F4xx_HAL_Driver/stm32f4xx_hal_dma.o
                0x0000000008001168                HAL_DMA_Abort
 .text.HAL_DMA_Abort_IT
                0x00000000080011f0       0x24 ./Drivers/STM32F4xx_HAL_Driver/stm32f4xx_hal_dma.o
                0x00000000080011f0                HAL_DMA_Abort_IT
 .text.HAL_GPIO_Init
                0x0000000008001214      0x1a8 ./Drivers/STM32F4xx_HAL_Driver/stm32f4xx_hal_gpio.o
                0x0000000008001214                HAL_GPIO_Init
 .text.HAL_GPIO_WritePin
                0x00000000080013bc        0xa ./Drivers/STM32F4xx_HAL_Driver/stm32f4xx_hal_gpio.o
                0x00000000080013bc                HAL_GPIO_WritePin
 *fill*         0x00000000080013c6        0x2 
 .text.HAL_RCC_ClockConfig
                0x00000000080013c8      0x138 ./Drivers/STM32F4xx_HAL_Driver/stm32f4xx_hal_rcc.o
                0x00000000080013c8                HAL_RCC_ClockConfig
 .text.HAL_RCC_GetPCLK1Freq
                0x0000000008001500       0x20 ./Drivers/STM32F4xx_HAL_Driver/stm32f4xx_hal_rcc.o
                0x0000000008001500                HAL_RCC_GetPCLK1Freq
 .text.HAL_RCC_GetPCLK2Freq
                0x0000000008001520       0x20 ./Drivers/STM32F4xx_HAL_Driver/stm32f4xx_hal_rcc.o
                0x0000000008001520                HAL_RCC_GetPCLK2Freq
 .text.HAL_RCC_GetClockConfig
                0x0000000008001540       0x3c ./Drivers/STM32F4xx_HAL_Driver/stm32f4xx_hal_rcc.o
                0x0000000008001540                HAL_RCC_GetClockConfig
 .text.HAL_RCC_GetSysClockFreq
                0x000000000800157c       0x90 ./Drivers/STM32F4xx_HAL_Driver/stm32f4xx_hal_rcc_ex.o
                0x000000000800157c                HAL_RCC_GetSysClockFreq
 .text.HAL_RCC_OscConfig
                0x000000000800160c      0x390 ./Drivers/STM32F4xx_HAL_Driver/stm32f4xx_hal_rcc_ex.o
                0x000000000800160c                HAL_RCC_OscConfig
 .text.SPI_WaitFlagStateUntilTimeout.constprop.0
                0x000000000800199c       0xa8 ./Drivers/STM32F4xx_HAL_Driver/stm32f4xx_hal_spi.o
 .text.SPI_EndRxTxTransaction
                0x0000000008001a44       0x58 ./Drivers/STM32F4xx_HAL_Driver/stm32f4xx_hal_spi.o
 .text.HAL_SPI_Init
                0x0000000008001a9c       0xb8 ./Drivers/STM32F4xx_HAL_Driver/stm32f4xx_hal_spi.o
                0x0000000008001a9c                HAL_SPI_Init
 .text.HAL_SPI_Transmit
                0x0000000008001b54      0x15c ./Drivers/STM32F4xx_HAL_Driver/stm32f4xx_hal_spi.o
                0x0000000008001b54                HAL_SPI_Transmit
 .text.HAL_SPI_TransmitReceive
                0x0000000008001cb0      0x1e8 ./Drivers/STM32F4xx_HAL_Driver/stm32f4xx_hal_spi.o
                0x0000000008001cb0                HAL_SPI_TransmitReceive
 .text.HAL_TIM_Base_Start
                0x0000000008001e98       0x6c ./Drivers/STM32F4xx_HAL_Driver/stm32f4xx_hal_tim.o
                0x0000000008001e98                HAL_TIM_Base_Start
 .text.HAL_TIM_Base_Start_IT
                0x0000000008001f04       0x74 ./Drivers/STM32F4xx_HAL_Driver/stm32f4xx_hal_tim.o
                0x0000000008001f04                HAL_TIM_Base_Start_IT
 .text.HAL_TIM_IC_MspInit
                0x0000000008001f78        0x2 ./Drivers/STM32F4xx_HAL_Driver/stm32f4xx_hal_tim.o
                0x0000000008001f78                HAL_TIM_IC_MspInit
 .text.HAL_TIM_OC_DelayElapsedCallback
                0x0000000008001f7a        0x2 ./Drivers/STM32F4xx_HAL_Driver/stm32f4xx_hal_tim.o
                0x0000000008001f7a                HAL_TIM_OC_DelayElapsedCallback
 .text.HAL_TIM_IC_CaptureCallback
                0x0000000008001f7c        0x2 ./Drivers/STM32F4xx_HAL_Driver/stm32f4xx_hal_tim.o
                0x0000000008001f7c                HAL_TIM_IC_CaptureCallback
 .text.HAL_TIM_PWM_PulseFinishedCallback
                0x0000000008001f7e        0x2 ./Drivers/STM32F4xx_HAL_Driver/stm32f4xx_hal_tim.o
                0x0000000008001f7e                HAL_TIM_PWM_PulseFinishedCallback
 .text.HAL_TIM_TriggerCallback
                0x0000000008001f80        0x2 ./Drivers/STM32F4xx_HAL_Driver/stm32f4xx_hal_tim.o
                0x0000000008001f80                HAL_TIM_TriggerCallback
 .text.HAL_TIM_IRQHandler
                0x0000000008001f82      0x144 ./Drivers/STM32F4xx_HAL_Driver/stm32f4xx_hal_tim.o
                0x0000000008001f82                HAL_TIM_IRQHandler
 *fill*         0x00000000080020c6        0x2 
 .text.TIM_Base_SetConfig
                0x00000000080020c8       0xcc ./Drivers/STM32F4xx_HAL_Driver/stm32f4xx_hal_tim.o
                0x00000000080020c8                TIM_Base_SetConfig
 .text.HAL_TIM_Base_Init
                0x0000000008002194       0x58 ./Drivers/STM32F4xx_HAL_Driver/stm32f4xx_hal_tim.o
                0x0000000008002194                HAL_TIM_Base_Init
 .text.HAL_TIM_IC_Init
                0x00000000080021ec       0x58 ./Drivers/STM32F4xx_HAL_Driver/stm32f4xx_hal_tim.o
                0x00000000080021ec                HAL_TIM_IC_Init
 .text.TIM_TI1_SetConfig
                0x0000000008002244       0x74 ./Drivers/STM32F4xx_HAL_Driver/stm32f4xx_hal_tim.o
                0x0000000008002244                TIM_TI1_SetConfig
 .text.HAL_TIM_IC_ConfigChannel
                0x00000000080022b8      0x126 ./Drivers/STM32F4xx_HAL_Driver/stm32f4xx_hal_tim.o
                0x00000000080022b8                HAL_TIM_IC_ConfigChannel
 .text.TIM_ETR_SetConfig
                0x00000000080023de       0x14 ./Drivers/STM32F4xx_HAL_Driver/stm32f4xx_hal_tim.o
                0x00000000080023de                TIM_ETR_SetConfig
 .text.HAL_TIM_ConfigClockSource
                0x00000000080023f2      0x138 ./Drivers/STM32F4xx_HAL_Driver/stm32f4xx_hal_tim.o
                0x00000000080023f2                HAL_TIM_ConfigClockSource
 *fill*         0x000000000800252a        0x2 
 .text.HAL_TIMEx_MasterConfigSynchronization
                0x000000000800252c       0x7c ./Drivers/STM32F4xx_HAL_Driver/stm32f4xx_hal_tim_ex.o
                0x000000000800252c                HAL_TIMEx_MasterConfigSynchronization
 .text.HAL_TIMEx_CommutCallback
                0x00000000080025a8        0x2 ./Drivers/STM32F4xx_HAL_Driver/stm32f4xx_hal_tim_ex.o
                0x00000000080025a8                HAL_TIMEx_CommutCallback
 .text.HAL_TIMEx_BreakCallback
                0x00000000080025aa        0x2 ./Drivers/STM32F4xx_HAL_Driver/stm32f4xx_hal_tim_ex.o
                0x00000000080025aa                HAL_TIMEx_BreakCallback
 .text.UART_EndRxTransfer
                0x00000000080025ac       0x5c ./Drivers/STM32F4xx_HAL_Driver/stm32f4xx_hal_uart.o
 .text.UART_SetConfig
                0x0000000008002608       0xbc ./Drivers/STM32F4xx_HAL_Driver/stm32f4xx_hal_uart.o
 .text.UART_WaitOnFlagUntilTimeout.constprop.0
                0x00000000080026c4       0x6c ./Drivers/STM32F4xx_HAL_Driver/stm32f4xx_hal_uart.o
 .text.HAL_UART_Init
                0x0000000008002730       0x5c ./Drivers/STM32F4xx_HAL_Driver/stm32f4xx_hal_uart.o
                0x0000000008002730                HAL_UART_Init
 .text.HAL_UART_Transmit
                0x000000000800278c       0xaa ./Drivers/STM32F4xx_HAL_Driver/stm32f4xx_hal_uart.o
                0x000000000800278c                HAL_UART_Transmit
 .text.HAL_UART_Receive
                0x0000000008002836       0xb8 ./Drivers/STM32F4xx_HAL_Driver/stm32f4xx_hal_uart.o
                0x0000000008002836                HAL_UART_Receive
 .text.HAL_UART_TxCpltCallback
                0x00000000080028ee        0x2 ./Drivers/STM32F4xx_HAL_Driver/stm32f4xx_hal_uart.o
                0x00000000080028ee                HAL_UART_TxCpltCallback
 .text.HAL_UART_RxCpltCallback
                0x00000000080028f0        0x2 ./Drivers/STM32F4xx_HAL_Driver/stm32f4xx_hal_uart.o
                0x00000000080028f0                HAL_UART_RxCpltCallback
 .text.HAL_UART_ErrorCallback
                0x00000000080028f2        0x2 ./Drivers/STM32F4xx_HAL_Driver/stm32f4xx_hal_uart.o
                0x00000000080028f2                HAL_UART_ErrorCallback
 .text.UART_DMAAbortOnError
                0x00000000080028f4       0x10 ./Drivers/STM32F4xx_HAL_Driver/stm32f4xx_hal_uart.o
 .text.HAL_UARTEx_RxEventCallback
                0x0000000008002904        0x2 ./Drivers/STM32F4xx_HAL_Driver/stm32f4xx_hal_uart.o
                0x0000000008002904                HAL_UARTEx_RxEventCallback
 .text.UART_Receive_IT.part.0.isra.0
                0x0000000008002906       0xac ./Drivers/STM32F4xx_HAL_Driver/stm32f4xx_hal_uart.o
 *fill*         0x00000000080029b2        0x2 
 .text.HAL_UART_IRQHandler
                0x00000000080029b4      0x2a0 ./Drivers/STM32F4xx_HAL_Driver/stm32f4xx_hal_uart.o
                0x00000000080029b4                HAL_UART_IRQHandler
 .text.UART_Start_Receive_IT
                0x0000000008002c54       0x32 ./Drivers/STM32F4xx_HAL_Driver/stm32f4xx_hal_uart.o
                0x0000000008002c54                UART_Start_Receive_IT
 .text.HAL_UART_Receive_IT
                0x0000000008002c86       0x30 ./Drivers/STM32F4xx_HAL_Driver/stm32f4xx_hal_uart.o
                0x0000000008002c86                HAL_UART_Receive_IT
 *fill*         0x0000000008002cb6        0x2 
 .text.MX_FATFS_Init
                0x0000000008002cb8       0x1c ./FATFS/App/fatfs.o
                0x0000000008002cb8                MX_FATFS_Init
 .text.get_fattime
                0x0000000008002cd4        0x4 ./FATFS/App/fatfs.o
                0x0000000008002cd4                get_fattime
 .text.USER_status
                0x0000000008002cd8        0xc ./FATFS/Target/user_diskio.o
                0x0000000008002cd8                USER_status
 .text.GenerateCRCTable
                0x0000000008002ce4       0x38 ./FATFS/Target/user_diskio.o
                0x0000000008002ce4                GenerateCRCTable
 .text.getCRC   0x0000000008002d1c       0x20 ./FATFS/Target/user_diskio.o
                0x0000000008002d1c                getCRC
 .text.send_SD_cmd
                0x0000000008002d3c       0xf0 ./FATFS/Target/user_diskio.o
                0x0000000008002d3c                send_SD_cmd
 .text.USER_read
                0x0000000008002e2c      0x17c ./FATFS/Target/user_diskio.o
                0x0000000008002e2c                USER_read
 .text.USER_write
                0x0000000008002fa8      0x210 ./FATFS/Target/user_diskio.o
                0x0000000008002fa8                USER_write
 .text.USER_ioctl
                0x00000000080031b8       0xd8 ./FATFS/Target/user_diskio.o
                0x00000000080031b8                USER_ioctl
 .text.get_trail
                0x0000000008003290       0x78 ./FATFS/Target/user_diskio.o
                0x0000000008003290                get_trail
 .text.USER_initialize
                0x0000000008003308       0xf0 ./FATFS/Target/user_diskio.o
                0x0000000008003308                USER_initialize
 .text.disk_status
                0x00000000080033f8       0x14 ./Middlewares/Third_Party/FatFs/src/diskio.o
                0x00000000080033f8                disk_status
 .text.disk_initialize
                0x000000000800340c       0x20 ./Middlewares/Third_Party/FatFs/src/diskio.o
                0x000000000800340c                disk_initialize
 .text.disk_read
                0x000000000800342c       0x1c ./Middlewares/Third_Party/FatFs/src/diskio.o
                0x000000000800342c                disk_read
 .text.disk_write
                0x0000000008003448       0x1c ./Middlewares/Third_Party/FatFs/src/diskio.o
                0x0000000008003448                disk_write
 .text.disk_ioctl
                0x0000000008003464       0x1c ./Middlewares/Third_Party/FatFs/src/diskio.o
                0x0000000008003464                disk_ioctl
 .text.ld_dword
                0x0000000008003480        0x4 ./Middlewares/Third_Party/FatFs/src/ff.o
 .text.st_dword
                0x0000000008003484       0x10 ./Middlewares/Third_Party/FatFs/src/ff.o
 .text.mem_set  0x0000000008003494        0xc ./Middlewares/Third_Party/FatFs/src/ff.o
 .text.chk_lock
                0x00000000080034a0       0x74 ./Middlewares/Third_Party/FatFs/src/ff.o
 .text.inc_lock
                0x0000000008003514       0x84 ./Middlewares/Third_Party/FatFs/src/ff.o
 .text.dec_lock
                0x0000000008003598       0x3c ./Middlewares/Third_Party/FatFs/src/ff.o
 .text.clear_lock
                0x00000000080035d4       0x1c ./Middlewares/Third_Party/FatFs/src/ff.o
 .text.clust2sect
                0x00000000080035f0       0x16 ./Middlewares/Third_Party/FatFs/src/ff.o
 .text.clmt_clust
                0x0000000008003606       0x22 ./Middlewares/Third_Party/FatFs/src/ff.o
 .text.st_clust
                0x0000000008003628       0x18 ./Middlewares/Third_Party/FatFs/src/ff.o
 .text.get_ldnumber
                0x0000000008003640       0x30 ./Middlewares/Third_Party/FatFs/src/ff.o
 .text.mem_cpy.part.0
                0x0000000008003670       0x12 ./Middlewares/Third_Party/FatFs/src/ff.o
 .text.sync_window.part.0
                0x0000000008003682       0x4c ./Middlewares/Third_Party/FatFs/src/ff.o
 .text.sync_window
                0x00000000080036ce        0xc ./Middlewares/Third_Party/FatFs/src/ff.o
 .text.move_window
                0x00000000080036da       0x32 ./Middlewares/Third_Party/FatFs/src/ff.o
 .text.check_fs
                0x000000000800370c       0x74 ./Middlewares/Third_Party/FatFs/src/ff.o
 .text.put_fat  0x0000000008003780       0xfa ./Middlewares/Third_Party/FatFs/src/ff.o
 .text.unlock_fs
                0x000000000800387a       0x16 ./Middlewares/Third_Party/FatFs/src/ff.o
 .text.sync_fs  0x0000000008003890       0x96 ./Middlewares/Third_Party/FatFs/src/ff.o
 *fill*         0x0000000008003926        0x2 
 .text.find_volume
                0x0000000008003928      0x268 ./Middlewares/Third_Party/FatFs/src/ff.o
 .text.get_fileinfo.part.0.isra.0
                0x0000000008003b90       0x56 ./Middlewares/Third_Party/FatFs/src/ff.o
 .text.ld_clust.isra.0
                0x0000000008003be6       0x10 ./Middlewares/Third_Party/FatFs/src/ff.o
 .text.get_fat.isra.0
                0x0000000008003bf6       0xac ./Middlewares/Third_Party/FatFs/src/ff.o
 .text.dir_sdi.constprop.0
                0x0000000008003ca2       0x64 ./Middlewares/Third_Party/FatFs/src/ff.o
 .text.remove_chain
                0x0000000008003d06       0x70 ./Middlewares/Third_Party/FatFs/src/ff.o
 .text.create_chain
                0x0000000008003d76       0xb0 ./Middlewares/Third_Party/FatFs/src/ff.o
 .text.dir_next
                0x0000000008003e26       0xea ./Middlewares/Third_Party/FatFs/src/ff.o
 .text.follow_path
                0x0000000008003f10      0x17c ./Middlewares/Third_Party/FatFs/src/ff.o
 .text.dir_register
                0x000000000800408c       0x62 ./Middlewares/Third_Party/FatFs/src/ff.o
 .text.validate
                0x00000000080040ee       0x50 ./Middlewares/Third_Party/FatFs/src/ff.o
 *fill*         0x000000000800413e        0x2 
 .text.f_mount  0x0000000008004140       0x80 ./Middlewares/Third_Party/FatFs/src/ff.o
                0x0000000008004140                f_mount
 .text.f_open   0x00000000080041c0      0x208 ./Middlewares/Third_Party/FatFs/src/ff.o
                0x00000000080041c0                f_open
 .text.f_write  0x00000000080043c8      0x1a8 ./Middlewares/Third_Party/FatFs/src/ff.o
                0x00000000080043c8                f_write
 .text.f_sync   0x0000000008004570       0xa2 ./Middlewares/Third_Party/FatFs/src/ff.o
                0x0000000008004570                f_sync
 .text.f_close  0x0000000008004612       0x32 ./Middlewares/Third_Party/FatFs/src/ff.o
                0x0000000008004612                f_close
 .text.f_stat   0x0000000008004644       0x4c ./Middlewares/Third_Party/FatFs/src/ff.o
                0x0000000008004644                f_stat
 .text.FATFS_LinkDriverEx
                0x0000000008004690       0x40 ./Middlewares/Third_Party/FatFs/src/ff_gen_drv.o
                0x0000000008004690                FATFS_LinkDriverEx
 .text.FATFS_LinkDriver
                0x00000000080046d0        0x6 ./Middlewares/Third_Party/FatFs/src/ff_gen_drv.o
                0x00000000080046d0                FATFS_LinkDriver
 .text.ff_cre_syncobj
                0x00000000080046d6       0x18 ./Middlewares/Third_Party/FatFs/src/option/syscall.o
                0x00000000080046d6                ff_cre_syncobj
 .text.ff_del_syncobj
                0x00000000080046ee        0xa ./Middlewares/Third_Party/FatFs/src/option/syscall.o
                0x00000000080046ee                ff_del_syncobj
 .text.ff_req_grant
                0x00000000080046f8       0x12 ./Middlewares/Third_Party/FatFs/src/option/syscall.o
                0x00000000080046f8                ff_req_grant
 .text.ff_rel_grant
                0x000000000800470a        0x4 ./Middlewares/Third_Party/FatFs/src/option/syscall.o
                0x000000000800470a                ff_rel_grant
 .text.SysTick_Handler
                0x000000000800470e       0x1a ./Middlewares/Third_Party/FreeRTOS/Source/CMSIS_RTOS_V2/cmsis_os2.o
                0x000000000800470e                SysTick_Handler
 .text.osSemaphoreNew
                0x0000000008004728       0x94 ./Middlewares/Third_Party/FreeRTOS/Source/CMSIS_RTOS_V2/cmsis_os2.o
                0x0000000008004728                osSemaphoreNew
 .text.osSemaphoreAcquire
                0x00000000080047bc       0x56 ./Middlewares/Third_Party/FreeRTOS/Source/CMSIS_RTOS_V2/cmsis_os2.o
                0x00000000080047bc                osSemaphoreAcquire
 .text.osSemaphoreRelease
                0x0000000008004812       0x50 ./Middlewares/Third_Party/FreeRTOS/Source/CMSIS_RTOS_V2/cmsis_os2.o
                0x0000000008004812                osSemaphoreRelease
 .text.osSemaphoreDelete
                0x0000000008004862       0x26 ./Middlewares/Third_Party/FreeRTOS/Source/CMSIS_RTOS_V2/cmsis_os2.o
                0x0000000008004862                osSemaphoreDelete
 .text.vApplicationGetIdleTaskMemory
                0x0000000008004888       0x18 ./Middlewares/Third_Party/FreeRTOS/Source/CMSIS_RTOS_V2/cmsis_os2.o
                0x0000000008004888                vApplicationGetIdleTaskMemory
 .text.vApplicationGetTimerTaskMemory
                0x00000000080048a0       0x18 ./Middlewares/Third_Party/FreeRTOS/Source/CMSIS_RTOS_V2/cmsis_os2.o
                0x00000000080048a0                vApplicationGetTimerTaskMemory
 .text.prvHelpCommand
                0x00000000080048b8       0x2c ./Middlewares/Third_Party/FreeRTOS/Source/FreeRTOS_CLI.o
 .text.FreeRTOS_CLIRegisterCommand
                0x00000000080048e4       0x54 ./Middlewares/Third_Party/FreeRTOS/Source/FreeRTOS_CLI.o
                0x00000000080048e4                FreeRTOS_CLIRegisterCommand
 .text.FreeRTOS_CLIProcessCommand
                0x0000000008004938       0xd0 ./Middlewares/Third_Party/FreeRTOS/Source/FreeRTOS_CLI.o
                0x0000000008004938                FreeRTOS_CLIProcessCommand
 .text.vListInitialise
                0x0000000008004a08       0x16 ./Middlewares/Third_Party/FreeRTOS/Source/list.o
                0x0000000008004a08                vListInitialise
 .text.vListInitialiseItem
                0x0000000008004a1e        0x6 ./Middlewares/Third_Party/FreeRTOS/Source/list.o
                0x0000000008004a1e                vListInitialiseItem
 .text.vListInsertEnd
                0x0000000008004a24       0x18 ./Middlewares/Third_Party/FreeRTOS/Source/list.o
                0x0000000008004a24                vListInsertEnd
 .text.vListInsert
                0x0000000008004a3c       0x2e ./Middlewares/Third_Party/FreeRTOS/Source/list.o
                0x0000000008004a3c                vListInsert
 .text.uxListRemove
                0x0000000008004a6a       0x20 ./Middlewares/Third_Party/FreeRTOS/Source/list.o
                0x0000000008004a6a                uxListRemove
 .text.prvIsQueueEmpty
                0x0000000008004a8a       0x16 ./Middlewares/Third_Party/FreeRTOS/Source/queue.o
 .text.prvCopyDataToQueue
                0x0000000008004aa0       0x6a ./Middlewares/Third_Party/FreeRTOS/Source/queue.o
 .text.prvCopyDataFromQueue
                0x0000000008004b0a       0x2c ./Middlewares/Third_Party/FreeRTOS/Source/queue.o
 .text.prvUnlockQueue
                0x0000000008004b36       0x70 ./Middlewares/Third_Party/FreeRTOS/Source/queue.o
 .text.xQueueGenericReset
                0x0000000008004ba6       0x7e ./Middlewares/Third_Party/FreeRTOS/Source/queue.o
                0x0000000008004ba6                xQueueGenericReset
 .text.xQueueGenericCreateStatic
                0x0000000008004c24       0x9c ./Middlewares/Third_Party/FreeRTOS/Source/queue.o
                0x0000000008004c24                xQueueGenericCreateStatic
 .text.xQueueGenericCreate
                0x0000000008004cc0       0x4e ./Middlewares/Third_Party/FreeRTOS/Source/queue.o
                0x0000000008004cc0                xQueueGenericCreate
 .text.xQueueCreateCountingSemaphoreStatic
                0x0000000008004d0e       0x44 ./Middlewares/Third_Party/FreeRTOS/Source/queue.o
                0x0000000008004d0e                xQueueCreateCountingSemaphoreStatic
 .text.xQueueCreateCountingSemaphore
                0x0000000008004d52       0x3c ./Middlewares/Third_Party/FreeRTOS/Source/queue.o
                0x0000000008004d52                xQueueCreateCountingSemaphore
 .text.xQueueGenericSend
                0x0000000008004d8e      0x166 ./Middlewares/Third_Party/FreeRTOS/Source/queue.o
                0x0000000008004d8e                xQueueGenericSend
 .text.xQueueGenericSendFromISR
                0x0000000008004ef4       0xc4 ./Middlewares/Third_Party/FreeRTOS/Source/queue.o
                0x0000000008004ef4                xQueueGenericSendFromISR
 .text.xQueueGiveFromISR
                0x0000000008004fb8       0xa8 ./Middlewares/Third_Party/FreeRTOS/Source/queue.o
                0x0000000008004fb8                xQueueGiveFromISR
 .text.xQueueReceive
                0x0000000008005060      0x13e ./Middlewares/Third_Party/FreeRTOS/Source/queue.o
                0x0000000008005060                xQueueReceive
 .text.xQueueSemaphoreTake
                0x000000000800519e      0x186 ./Middlewares/Third_Party/FreeRTOS/Source/queue.o
                0x000000000800519e                xQueueSemaphoreTake
 .text.xQueueReceiveFromISR
                0x0000000008005324       0x9e ./Middlewares/Third_Party/FreeRTOS/Source/queue.o
                0x0000000008005324                xQueueReceiveFromISR
 *fill*         0x00000000080053c2        0x2 
 .text.vQueueAddToRegistry
                0x00000000080053c4       0x24 ./Middlewares/Third_Party/FreeRTOS/Source/queue.o
                0x00000000080053c4                vQueueAddToRegistry
 .text.vQueueUnregisterQueue
                0x00000000080053e8       0x28 ./Middlewares/Third_Party/FreeRTOS/Source/queue.o
                0x00000000080053e8                vQueueUnregisterQueue
 .text.vQueueDelete
                0x0000000008005410       0x2e ./Middlewares/Third_Party/FreeRTOS/Source/queue.o
                0x0000000008005410                vQueueDelete
 .text.vQueueWaitForMessageRestricted
                0x000000000800543e       0x46 ./Middlewares/Third_Party/FreeRTOS/Source/queue.o
                0x000000000800543e                vQueueWaitForMessageRestricted
 .text.prvAddNewTaskToReadyList
                0x0000000008005484      0x100 ./Middlewares/Third_Party/FreeRTOS/Source/tasks.o
 .text.prvAddCurrentTaskToDelayedList
                0x0000000008005584       0x70 ./Middlewares/Third_Party/FreeRTOS/Source/tasks.o
 .text.prvWriteNameToBuffer
                0x00000000080055f4       0x2e ./Middlewares/Third_Party/FreeRTOS/Source/tasks.o
 *fill*         0x0000000008005622        0x2 
 .text.prvResetNextTaskUnblockTime
                0x0000000008005624       0x24 ./Middlewares/Third_Party/FreeRTOS/Source/tasks.o
 .text.prvDeleteTCB
                0x0000000008005648       0x36 ./Middlewares/Third_Party/FreeRTOS/Source/tasks.o
 *fill*         0x000000000800567e        0x2 
 .text.prvIdleTask
                0x0000000008005680       0x60 ./Middlewares/Third_Party/FreeRTOS/Source/tasks.o
 .text.prvInitialiseNewTask.constprop.0
                0x00000000080056e0       0x9e ./Middlewares/Third_Party/FreeRTOS/Source/tasks.o
 .text.xTaskCreateStatic
                0x000000000800577e       0x70 ./Middlewares/Third_Party/FreeRTOS/Source/tasks.o
                0x000000000800577e                xTaskCreateStatic
 .text.xTaskCreate
                0x00000000080057ee       0x5a ./Middlewares/Third_Party/FreeRTOS/Source/tasks.o
                0x00000000080057ee                xTaskCreate
 .text.eTaskGetState
                0x0000000008005848       0x84 ./Middlewares/Third_Party/FreeRTOS/Source/tasks.o
                0x0000000008005848                eTaskGetState
 .text.vTaskStartScheduler
                0x00000000080058cc       0x98 ./Middlewares/Third_Party/FreeRTOS/Source/tasks.o
                0x00000000080058cc                vTaskStartScheduler
 .text.vTaskSuspendAll
                0x0000000008005964       0x10 ./Middlewares/Third_Party/FreeRTOS/Source/tasks.o
                0x0000000008005964                vTaskSuspendAll
 .text.xTaskGetTickCount
                0x0000000008005974        0xc ./Middlewares/Third_Party/FreeRTOS/Source/tasks.o
                0x0000000008005974                xTaskGetTickCount
 .text.xTaskIncrementTick
                0x0000000008005980      0x12c ./Middlewares/Third_Party/FreeRTOS/Source/tasks.o
                0x0000000008005980                xTaskIncrementTick
 .text.xTaskResumeAll
                0x0000000008005aac       0xe8 ./Middlewares/Third_Party/FreeRTOS/Source/tasks.o
                0x0000000008005aac                xTaskResumeAll
 .text.vTaskDelay
                0x0000000008005b94       0x48 ./Middlewares/Third_Party/FreeRTOS/Source/tasks.o
                0x0000000008005b94                vTaskDelay
 .text.vTaskSwitchContext
                0x0000000008005bdc       0x98 ./Middlewares/Third_Party/FreeRTOS/Source/tasks.o
                0x0000000008005bdc                vTaskSwitchContext
 .text.vTaskPlaceOnEventList
                0x0000000008005c74       0x34 ./Middlewares/Third_Party/FreeRTOS/Source/tasks.o
                0x0000000008005c74                vTaskPlaceOnEventList
 .text.vTaskPlaceOnEventListRestricted
                0x0000000008005ca8       0x3c ./Middlewares/Third_Party/FreeRTOS/Source/tasks.o
                0x0000000008005ca8                vTaskPlaceOnEventListRestricted
 .text.xTaskRemoveFromEventList
                0x0000000008005ce4       0x88 ./Middlewares/Third_Party/FreeRTOS/Source/tasks.o
                0x0000000008005ce4                xTaskRemoveFromEventList
 .text.vTaskInternalSetTimeOutState
                0x0000000008005d6c       0x18 ./Middlewares/Third_Party/FreeRTOS/Source/tasks.o
                0x0000000008005d6c                vTaskInternalSetTimeOutState
 .text.xTaskCheckForTimeOut
                0x0000000008005d84       0x78 ./Middlewares/Third_Party/FreeRTOS/Source/tasks.o
                0x0000000008005d84                xTaskCheckForTimeOut
 .text.vTaskMissedYield
                0x0000000008005dfc        0xc ./Middlewares/Third_Party/FreeRTOS/Source/tasks.o
                0x0000000008005dfc                vTaskMissedYield
 .text.vTaskGetInfo
                0x0000000008005e08       0x7c ./Middlewares/Third_Party/FreeRTOS/Source/tasks.o
                0x0000000008005e08                vTaskGetInfo
 .text.prvListTasksWithinSingleList
                0x0000000008005e84       0x5e ./Middlewares/Third_Party/FreeRTOS/Source/tasks.o
 *fill*         0x0000000008005ee2        0x2 
 .text.uxTaskGetSystemState
                0x0000000008005ee4       0xb0 ./Middlewares/Third_Party/FreeRTOS/Source/tasks.o
                0x0000000008005ee4                uxTaskGetSystemState
 .text.xTaskGetSchedulerState
                0x0000000008005f94       0x20 ./Middlewares/Third_Party/FreeRTOS/Source/tasks.o
                0x0000000008005f94                xTaskGetSchedulerState
 .text.xTaskPriorityInherit
                0x0000000008005fb4       0x84 ./Middlewares/Third_Party/FreeRTOS/Source/tasks.o
                0x0000000008005fb4                xTaskPriorityInherit
 .text.xTaskPriorityDisinherit
                0x0000000008006038       0x88 ./Middlewares/Third_Party/FreeRTOS/Source/tasks.o
                0x0000000008006038                xTaskPriorityDisinherit
 .text.vTaskPriorityDisinheritAfterTimeout
                0x00000000080060c0       0xa4 ./Middlewares/Third_Party/FreeRTOS/Source/tasks.o
                0x00000000080060c0                vTaskPriorityDisinheritAfterTimeout
 .text.vTaskGetRunTimeStats
                0x0000000008006164       0x9c ./Middlewares/Third_Party/FreeRTOS/Source/tasks.o
                0x0000000008006164                vTaskGetRunTimeStats
 .text.pvTaskIncrementMutexHeldCount
                0x0000000008006200       0x18 ./Middlewares/Third_Party/FreeRTOS/Source/tasks.o
                0x0000000008006200                pvTaskIncrementMutexHeldCount
 .text.prvCheckForValidListAndQueue
                0x0000000008006218       0x68 ./Middlewares/Third_Party/FreeRTOS/Source/timers.o
 .text.prvInsertTimerInActiveList
                0x0000000008006280       0x3c ./Middlewares/Third_Party/FreeRTOS/Source/timers.o
 .text.xTimerCreateTimerTask
                0x00000000080062bc       0x64 ./Middlewares/Third_Party/FreeRTOS/Source/timers.o
                0x00000000080062bc                xTimerCreateTimerTask
 .text.xTimerGenericCommand
                0x0000000008006320       0x58 ./Middlewares/Third_Party/FreeRTOS/Source/timers.o
                0x0000000008006320                xTimerGenericCommand
 .text.prvSampleTimeNow
                0x0000000008006378       0xac ./Middlewares/Third_Party/FreeRTOS/Source/timers.o
 .text.prvTimerTask
                0x0000000008006424      0x1cc ./Middlewares/Third_Party/FreeRTOS/Source/timers.o
 .text.prvPortStartFirstTask
                0x00000000080065f0       0x28 ./Middlewares/Third_Party/FreeRTOS/Source/portable/GCC/ARM_CM4F/port.o
 .text.vPortEnableVFP
                0x0000000008006618       0x14 ./Middlewares/Third_Party/FreeRTOS/Source/portable/GCC/ARM_CM4F/port.o
 .text.prvTaskExitError
                0x000000000800662c       0x40 ./Middlewares/Third_Party/FreeRTOS/Source/portable/GCC/ARM_CM4F/port.o
 .text.pxPortInitialiseStack
                0x000000000800666c       0x2c ./Middlewares/Third_Party/FreeRTOS/Source/portable/GCC/ARM_CM4F/port.o
                0x000000000800666c                pxPortInitialiseStack
 *fill*         0x0000000008006698        0x8 
 .text.SVC_Handler
                0x00000000080066a0       0x24 ./Middlewares/Third_Party/FreeRTOS/Source/portable/GCC/ARM_CM4F/port.o
                0x00000000080066a0                SVC_Handler
 .text.vPortEnterCritical
                0x00000000080066c4       0x40 ./Middlewares/Third_Party/FreeRTOS/Source/portable/GCC/ARM_CM4F/port.o
                0x00000000080066c4                vPortEnterCritical
 .text.vPortExitCritical
                0x0000000008006704       0x28 ./Middlewares/Third_Party/FreeRTOS/Source/portable/GCC/ARM_CM4F/port.o
                0x0000000008006704                vPortExitCritical
 *fill*         0x000000000800672c        0x4 
 .text.PendSV_Handler
                0x0000000008006730       0x64 ./Middlewares/Third_Party/FreeRTOS/Source/portable/GCC/ARM_CM4F/port.o
                0x0000000008006730                PendSV_Handler
 .text.xPortSysTickHandler
                0x0000000008006794       0x2c ./Middlewares/Third_Party/FreeRTOS/Source/portable/GCC/ARM_CM4F/port.o
                0x0000000008006794                xPortSysTickHandler
 .text.vPortSetupTimerInterrupt
                0x00000000080067c0       0x24 ./Middlewares/Third_Party/FreeRTOS/Source/portable/GCC/ARM_CM4F/port.o
                0x00000000080067c0                vPortSetupTimerInterrupt
 .text.xPortStartScheduler
                0x00000000080067e4      0x10c ./Middlewares/Third_Party/FreeRTOS/Source/portable/GCC/ARM_CM4F/port.o
                0x00000000080067e4                xPortStartScheduler
 .text.vPortValidateInterruptPriority
                0x00000000080068f0       0x5c ./Middlewares/Third_Party/FreeRTOS/Source/portable/GCC/ARM_CM4F/port.o
                0x00000000080068f0                vPortValidateInterruptPriority
 .text.prvInsertBlockIntoFreeList
                0x000000000800694c       0x48 ./Middlewares/Third_Party/FreeRTOS/Source/portable/MemMang/heap_4.o
 .text.pvPortMalloc
                0x0000000008006994      0x130 ./Middlewares/Third_Party/FreeRTOS/Source/portable/MemMang/heap_4.o
                0x0000000008006994                pvPortMalloc
 .text.vPortFree
                0x0000000008006ac4       0x7c ./Middlewares/Third_Party/FreeRTOS/Source/portable/MemMang/heap_4.o
                0x0000000008006ac4                vPortFree
 .text.__errno  0x0000000008006b40        0xc /opt/st/stm32cubeide_1.12.1/plugins/com.st.stm32cube.ide.mcu.externaltools.gnu-tools-for-stm32.10.3-2021.10.linux64_1.0.200.202301161003/tools/bin/../lib/gcc/arm-none-eabi/10.3.1/../../../../arm-none-eabi/lib/thumb/v7e-m+fp/hard/libc_nano.a(lib_a-errno.o)
                0x0000000008006b40                __errno
 .text.__libc_init_array
                0x0000000008006b4c       0x48 /opt/st/stm32cubeide_1.12.1/plugins/com.st.stm32cube.ide.mcu.externaltools.gnu-tools-for-stm32.10.3-2021.10.linux64_1.0.200.202301161003/tools/bin/../lib/gcc/arm-none-eabi/10.3.1/../../../../arm-none-eabi/lib/thumb/v7e-m+fp/hard/libc_nano.a(lib_a-init.o)
                0x0000000008006b4c                __libc_init_array
 .text.memcpy   0x0000000008006b94       0x1c /opt/st/stm32cubeide_1.12.1/plugins/com.st.stm32cube.ide.mcu.externaltools.gnu-tools-for-stm32.10.3-2021.10.linux64_1.0.200.202301161003/tools/bin/../lib/gcc/arm-none-eabi/10.3.1/../../../../arm-none-eabi/lib/thumb/v7e-m+fp/hard/libc_nano.a(lib_a-memcpy-stub.o)
                0x0000000008006b94                memcpy
 .text.memset   0x0000000008006bb0       0x10 /opt/st/stm32cubeide_1.12.1/plugins/com.st.stm32cube.ide.mcu.externaltools.gnu-tools-for-stm32.10.3-2021.10.linux64_1.0.200.202301161003/tools/bin/../lib/gcc/arm-none-eabi/10.3.1/../../../../arm-none-eabi/lib/thumb/v7e-m+fp/hard/libc_nano.a(lib_a-memset.o)
                0x0000000008006bb0                memset
 .text.printf   0x0000000008006bc0       0x30 /opt/st/stm32cubeide_1.12.1/plugins/com.st.stm32cube.ide.mcu.externaltools.gnu-tools-for-stm32.10.3-2021.10.linux64_1.0.200.202301161003/tools/bin/../lib/gcc/arm-none-eabi/10.3.1/../../../../arm-none-eabi/lib/thumb/v7e-m+fp/hard/libc_nano.a(lib_a-printf.o)
                0x0000000008006bc0                printf
                0x0000000008006bc0                iprintf
 .text.putchar  0x0000000008006bf0       0x2c /opt/st/stm32cubeide_1.12.1/plugins/com.st.stm32cube.ide.mcu.externaltools.gnu-tools-for-stm32.10.3-2021.10.linux64_1.0.200.202301161003/tools/bin/../lib/gcc/arm-none-eabi/10.3.1/../../../../arm-none-eabi/lib/thumb/v7e-m+fp/hard/libc_nano.a(lib_a-putchar.o)
                0x0000000008006bf0                putchar
 .text._puts_r  0x0000000008006c1c       0xdc /opt/st/stm32cubeide_1.12.1/plugins/com.st.stm32cube.ide.mcu.externaltools.gnu-tools-for-stm32.10.3-2021.10.linux64_1.0.200.202301161003/tools/bin/../lib/gcc/arm-none-eabi/10.3.1/../../../../arm-none-eabi/lib/thumb/v7e-m+fp/hard/libc_nano.a(lib_a-puts.o)
                0x0000000008006c1c                _puts_r
 .text.puts     0x0000000008006cf8       0x10 /opt/st/stm32cubeide_1.12.1/plugins/com.st.stm32cube.ide.mcu.externaltools.gnu-tools-for-stm32.10.3-2021.10.linux64_1.0.200.202301161003/tools/bin/../lib/gcc/arm-none-eabi/10.3.1/../../../../arm-none-eabi/lib/thumb/v7e-m+fp/hard/libc_nano.a(lib_a-puts.o)
                0x0000000008006cf8                puts
 .text.setvbuf  0x0000000008006d08      0x18c /opt/st/stm32cubeide_1.12.1/plugins/com.st.stm32cube.ide.mcu.externaltools.gnu-tools-for-stm32.10.3-2021.10.linux64_1.0.200.202301161003/tools/bin/../lib/gcc/arm-none-eabi/10.3.1/../../../../arm-none-eabi/lib/thumb/v7e-m+fp/hard/libc_nano.a(lib_a-setvbuf.o)
                0x0000000008006d08                setvbuf
 .text.sprintf  0x0000000008006e94       0x40 /opt/st/stm32cubeide_1.12.1/plugins/com.st.stm32cube.ide.mcu.externaltools.gnu-tools-for-stm32.10.3-2021.10.linux64_1.0.200.202301161003/tools/bin/../lib/gcc/arm-none-eabi/10.3.1/../../../../arm-none-eabi/lib/thumb/v7e-m+fp/hard/libc_nano.a(lib_a-sprintf.o)
                0x0000000008006e94                sprintf
                0x0000000008006e94                siprintf
 .text.strcpy   0x0000000008006ed4       0x10 /opt/st/stm32cubeide_1.12.1/plugins/com.st.stm32cube.ide.mcu.externaltools.gnu-tools-for-stm32.10.3-2021.10.linux64_1.0.200.202301161003/tools/bin/../lib/gcc/arm-none-eabi/10.3.1/../../../../arm-none-eabi/lib/thumb/v7e-m+fp/hard/libc_nano.a(lib_a-strcpy.o)
                0x0000000008006ed4                strcpy
 .text.strncmp  0x0000000008006ee4       0x28 /opt/st/stm32cubeide_1.12.1/plugins/com.st.stm32cube.ide.mcu.externaltools.gnu-tools-for-stm32.10.3-2021.10.linux64_1.0.200.202301161003/tools/bin/../lib/gcc/arm-none-eabi/10.3.1/../../../../arm-none-eabi/lib/thumb/v7e-m+fp/hard/libc_nano.a(lib_a-strncmp.o)
                0x0000000008006ee4                strncmp
 .text.strncpy  0x0000000008006f0c       0x26 /opt/st/stm32cubeide_1.12.1/plugins/com.st.stm32cube.ide.mcu.externaltools.gnu-tools-for-stm32.10.3-2021.10.linux64_1.0.200.202301161003/tools/bin/../lib/gcc/arm-none-eabi/10.3.1/../../../../arm-none-eabi/lib/thumb/v7e-m+fp/hard/libc_nano.a(lib_a-strncpy.o)
                0x0000000008006f0c                strncpy
 *fill*         0x0000000008006f32        0x2 
 .text.__swbuf_r
                0x0000000008006f34       0xa4 /opt/st/stm32cubeide_1.12.1/plugins/com.st.stm32cube.ide.mcu.externaltools.gnu-tools-for-stm32.10.3-2021.10.linux64_1.0.200.202301161003/tools/bin/../lib/gcc/arm-none-eabi/10.3.1/../../../../arm-none-eabi/lib/thumb/v7e-m+fp/hard/libc_nano.a(lib_a-wbuf.o)
                0x0000000008006f34                __swbuf_r
 .text.__swsetup_r
                0x0000000008006fd8       0xdc /opt/st/stm32cubeide_1.12.1/plugins/com.st.stm32cube.ide.mcu.externaltools.gnu-tools-for-stm32.10.3-2021.10.linux64_1.0.200.202301161003/tools/bin/../lib/gcc/arm-none-eabi/10.3.1/../../../../arm-none-eabi/lib/thumb/v7e-m+fp/hard/libc_nano.a(lib_a-wsetup.o)
                0x0000000008006fd8                __swsetup_r
 .text.__sflush_r
                0x00000000080070b4      0x10c /opt/st/stm32cubeide_1.12.1/plugins/com.st.stm32cube.ide.mcu.externaltools.gnu-tools-for-stm32.10.3-2021.10.linux64_1.0.200.202301161003/tools/bin/../lib/gcc/arm-none-eabi/10.3.1/../../../../arm-none-eabi/lib/thumb/v7e-m+fp/hard/libc_nano.a(lib_a-fflush.o)
                0x00000000080070b4                __sflush_r
 .text._fflush_r
                0x00000000080071c0       0x78 /opt/st/stm32cubeide_1.12.1/plugins/com.st.stm32cube.ide.mcu.externaltools.gnu-tools-for-stm32.10.3-2021.10.linux64_1.0.200.202301161003/tools/bin/../lib/gcc/arm-none-eabi/10.3.1/../../../../arm-none-eabi/lib/thumb/v7e-m+fp/hard/libc_nano.a(lib_a-fflush.o)
                0x00000000080071c0                _fflush_r
 .text.std      0x0000000008007238       0x48 /opt/st/stm32cubeide_1.12.1/plugins/com.st.stm32cube.ide.mcu.externaltools.gnu-tools-for-stm32.10.3-2021.10.linux64_1.0.200.202301161003/tools/bin/../lib/gcc/arm-none-eabi/10.3.1/../../../../arm-none-eabi/lib/thumb/v7e-m+fp/hard/libc_nano.a(lib_a-findfp.o)
 .text._cleanup_r
                0x0000000008007280        0xc /opt/st/stm32cubeide_1.12.1/plugins/com.st.stm32cube.ide.mcu.externaltools.gnu-tools-for-stm32.10.3-2021.10.linux64_1.0.200.202301161003/tools/bin/../lib/gcc/arm-none-eabi/10.3.1/../../../../arm-none-eabi/lib/thumb/v7e-m+fp/hard/libc_nano.a(lib_a-findfp.o)
                0x0000000008007280                _cleanup_r
 .text.__sfmoreglue
                0x000000000800728c       0x2c /opt/st/stm32cubeide_1.12.1/plugins/com.st.stm32cube.ide.mcu.externaltools.gnu-tools-for-stm32.10.3-2021.10.linux64_1.0.200.202301161003/tools/bin/../lib/gcc/arm-none-eabi/10.3.1/../../../../arm-none-eabi/lib/thumb/v7e-m+fp/hard/libc_nano.a(lib_a-findfp.o)
                0x000000000800728c                __sfmoreglue
 .text.__sfp_lock_acquire
                0x00000000080072b8        0xc /opt/st/stm32cubeide_1.12.1/plugins/com.st.stm32cube.ide.mcu.externaltools.gnu-tools-for-stm32.10.3-2021.10.linux64_1.0.200.202301161003/tools/bin/../lib/gcc/arm-none-eabi/10.3.1/../../../../arm-none-eabi/lib/thumb/v7e-m+fp/hard/libc_nano.a(lib_a-findfp.o)
                0x00000000080072b8                __sfp_lock_acquire
 .text.__sfp_lock_release
                0x00000000080072c4        0xc /opt/st/stm32cubeide_1.12.1/plugins/com.st.stm32cube.ide.mcu.externaltools.gnu-tools-for-stm32.10.3-2021.10.linux64_1.0.200.202301161003/tools/bin/../lib/gcc/arm-none-eabi/10.3.1/../../../../arm-none-eabi/lib/thumb/v7e-m+fp/hard/libc_nano.a(lib_a-findfp.o)
                0x00000000080072c4                __sfp_lock_release
 .text.__sinit_lock_acquire
                0x00000000080072d0        0xc /opt/st/stm32cubeide_1.12.1/plugins/com.st.stm32cube.ide.mcu.externaltools.gnu-tools-for-stm32.10.3-2021.10.linux64_1.0.200.202301161003/tools/bin/../lib/gcc/arm-none-eabi/10.3.1/../../../../arm-none-eabi/lib/thumb/v7e-m+fp/hard/libc_nano.a(lib_a-findfp.o)
                0x00000000080072d0                __sinit_lock_acquire
 .text.__sinit_lock_release
                0x00000000080072dc        0xc /opt/st/stm32cubeide_1.12.1/plugins/com.st.stm32cube.ide.mcu.externaltools.gnu-tools-for-stm32.10.3-2021.10.linux64_1.0.200.202301161003/tools/bin/../lib/gcc/arm-none-eabi/10.3.1/../../../../arm-none-eabi/lib/thumb/v7e-m+fp/hard/libc_nano.a(lib_a-findfp.o)
                0x00000000080072dc                __sinit_lock_release
 .text.__sinit  0x00000000080072e8       0x70 /opt/st/stm32cubeide_1.12.1/plugins/com.st.stm32cube.ide.mcu.externaltools.gnu-tools-for-stm32.10.3-2021.10.linux64_1.0.200.202301161003/tools/bin/../lib/gcc/arm-none-eabi/10.3.1/../../../../arm-none-eabi/lib/thumb/v7e-m+fp/hard/libc_nano.a(lib_a-findfp.o)
                0x00000000080072e8                __sinit
 .text.__sfp    0x0000000008007358       0x8c /opt/st/stm32cubeide_1.12.1/plugins/com.st.stm32cube.ide.mcu.externaltools.gnu-tools-for-stm32.10.3-2021.10.linux64_1.0.200.202301161003/tools/bin/../lib/gcc/arm-none-eabi/10.3.1/../../../../arm-none-eabi/lib/thumb/v7e-m+fp/hard/libc_nano.a(lib_a-findfp.o)
                0x0000000008007358                __sfp
 .text._fwalk_reent
                0x00000000080073e4       0x3e /opt/st/stm32cubeide_1.12.1/plugins/com.st.stm32cube.ide.mcu.externaltools.gnu-tools-for-stm32.10.3-2021.10.linux64_1.0.200.202301161003/tools/bin/../lib/gcc/arm-none-eabi/10.3.1/../../../../arm-none-eabi/lib/thumb/v7e-m+fp/hard/libc_nano.a(lib_a-fwalk.o)
                0x00000000080073e4                _fwalk_reent
 .text.__retarget_lock_init_recursive
                0x0000000008007422        0x2 /opt/st/stm32cubeide_1.12.1/plugins/com.st.stm32cube.ide.mcu.externaltools.gnu-tools-for-stm32.10.3-2021.10.linux64_1.0.200.202301161003/tools/bin/../lib/gcc/arm-none-eabi/10.3.1/../../../../arm-none-eabi/lib/thumb/v7e-m+fp/hard/libc_nano.a(lib_a-lock.o)
                0x0000000008007422                __retarget_lock_init_recursive
 .text.__retarget_lock_acquire_recursive
                0x0000000008007424        0x2 /opt/st/stm32cubeide_1.12.1/plugins/com.st.stm32cube.ide.mcu.externaltools.gnu-tools-for-stm32.10.3-2021.10.linux64_1.0.200.202301161003/tools/bin/../lib/gcc/arm-none-eabi/10.3.1/../../../../arm-none-eabi/lib/thumb/v7e-m+fp/hard/libc_nano.a(lib_a-lock.o)
                0x0000000008007424                __retarget_lock_acquire_recursive
 .text.__retarget_lock_release_recursive
                0x0000000008007426        0x2 /opt/st/stm32cubeide_1.12.1/plugins/com.st.stm32cube.ide.mcu.externaltools.gnu-tools-for-stm32.10.3-2021.10.linux64_1.0.200.202301161003/tools/bin/../lib/gcc/arm-none-eabi/10.3.1/../../../../arm-none-eabi/lib/thumb/v7e-m+fp/hard/libc_nano.a(lib_a-lock.o)
                0x0000000008007426                __retarget_lock_release_recursive
 .text.__swhatbuf_r
                0x0000000008007428       0x4a /opt/st/stm32cubeide_1.12.1/plugins/com.st.stm32cube.ide.mcu.externaltools.gnu-tools-for-stm32.10.3-2021.10.linux64_1.0.200.202301161003/tools/bin/../lib/gcc/arm-none-eabi/10.3.1/../../../../arm-none-eabi/lib/thumb/v7e-m+fp/hard/libc_nano.a(lib_a-makebuf.o)
                0x0000000008007428                __swhatbuf_r
 *fill*         0x0000000008007472        0x2 
 .text.__smakebuf_r
                0x0000000008007474       0x80 /opt/st/stm32cubeide_1.12.1/plugins/com.st.stm32cube.ide.mcu.externaltools.gnu-tools-for-stm32.10.3-2021.10.linux64_1.0.200.202301161003/tools/bin/../lib/gcc/arm-none-eabi/10.3.1/../../../../arm-none-eabi/lib/thumb/v7e-m+fp/hard/libc_nano.a(lib_a-makebuf.o)
                0x0000000008007474                __smakebuf_r
 .text.malloc   0x00000000080074f4       0x10 /opt/st/stm32cubeide_1.12.1/plugins/com.st.stm32cube.ide.mcu.externaltools.gnu-tools-for-stm32.10.3-2021.10.linux64_1.0.200.202301161003/tools/bin/../lib/gcc/arm-none-eabi/10.3.1/../../../../arm-none-eabi/lib/thumb/v7e-m+fp/hard/libc_nano.a(lib_a-malloc.o)
                0x00000000080074f4                malloc
 .text._free_r  0x0000000008007504       0x98 /opt/st/stm32cubeide_1.12.1/plugins/com.st.stm32cube.ide.mcu.externaltools.gnu-tools-for-stm32.10.3-2021.10.linux64_1.0.200.202301161003/tools/bin/../lib/gcc/arm-none-eabi/10.3.1/../../../../arm-none-eabi/lib/thumb/v7e-m+fp/hard/libc_nano.a(lib_a-nano-freer.o)
                0x0000000008007504                _free_r
 .text.sbrk_aligned
                0x000000000800759c       0x40 /opt/st/stm32cubeide_1.12.1/plugins/com.st.stm32cube.ide.mcu.externaltools.gnu-tools-for-stm32.10.3-2021.10.linux64_1.0.200.202301161003/tools/bin/../lib/gcc/arm-none-eabi/10.3.1/../../../../arm-none-eabi/lib/thumb/v7e-m+fp/hard/libc_nano.a(lib_a-nano-mallocr.o)
 .text._malloc_r
                0x00000000080075dc       0xe8 /opt/st/stm32cubeide_1.12.1/plugins/com.st.stm32cube.ide.mcu.externaltools.gnu-tools-for-stm32.10.3-2021.10.linux64_1.0.200.202301161003/tools/bin/../lib/gcc/arm-none-eabi/10.3.1/../../../../arm-none-eabi/lib/thumb/v7e-m+fp/hard/libc_nano.a(lib_a-nano-mallocr.o)
                0x00000000080075dc                _malloc_r
 .text.__ssputs_r
                0x00000000080076c4       0xb6 /opt/st/stm32cubeide_1.12.1/plugins/com.st.stm32cube.ide.mcu.externaltools.gnu-tools-for-stm32.10.3-2021.10.linux64_1.0.200.202301161003/tools/bin/../lib/gcc/arm-none-eabi/10.3.1/../../../../arm-none-eabi/lib/thumb/v7e-m+fp/hard/libc_nano.a(lib_a-nano-svfprintf.o)
                0x00000000080076c4                __ssputs_r
 *fill*         0x000000000800777a        0x2 
 .text._svfprintf_r
                0x000000000800777c      0x200 /opt/st/stm32cubeide_1.12.1/plugins/com.st.stm32cube.ide.mcu.externaltools.gnu-tools-for-stm32.10.3-2021.10.linux64_1.0.200.202301161003/tools/bin/../lib/gcc/arm-none-eabi/10.3.1/../../../../arm-none-eabi/lib/thumb/v7e-m+fp/hard/libc_nano.a(lib_a-nano-svfprintf.o)
                0x000000000800777c                _svfprintf_r
                0x000000000800777c                _svfiprintf_r
 .text.__sfputc_r
                0x000000000800797c       0x2e /opt/st/stm32cubeide_1.12.1/plugins/com.st.stm32cube.ide.mcu.externaltools.gnu-tools-for-stm32.10.3-2021.10.linux64_1.0.200.202301161003/tools/bin/../lib/gcc/arm-none-eabi/10.3.1/../../../../arm-none-eabi/lib/thumb/v7e-m+fp/hard/libc_nano.a(lib_a-nano-vfprintf.o)
 .text.__sfputs_r
                0x00000000080079aa       0x24 /opt/st/stm32cubeide_1.12.1/plugins/com.st.stm32cube.ide.mcu.externaltools.gnu-tools-for-stm32.10.3-2021.10.linux64_1.0.200.202301161003/tools/bin/../lib/gcc/arm-none-eabi/10.3.1/../../../../arm-none-eabi/lib/thumb/v7e-m+fp/hard/libc_nano.a(lib_a-nano-vfprintf.o)
                0x00000000080079aa                __sfputs_r
 *fill*         0x00000000080079ce        0x2 
 .text._vfprintf_r
                0x00000000080079d0      0x260 /opt/st/stm32cubeide_1.12.1/plugins/com.st.stm32cube.ide.mcu.externaltools.gnu-tools-for-stm32.10.3-2021.10.linux64_1.0.200.202301161003/tools/bin/../lib/gcc/arm-none-eabi/10.3.1/../../../../arm-none-eabi/lib/thumb/v7e-m+fp/hard/libc_nano.a(lib_a-nano-vfprintf.o)
                0x00000000080079d0                _vfiprintf_r
                0x00000000080079d0                _vfprintf_r
 .text._printf_common
                0x0000000008007c30       0xda /opt/st/stm32cubeide_1.12.1/plugins/com.st.stm32cube.ide.mcu.externaltools.gnu-tools-for-stm32.10.3-2021.10.linux64_1.0.200.202301161003/tools/bin/../lib/gcc/arm-none-eabi/10.3.1/../../../../arm-none-eabi/lib/thumb/v7e-m+fp/hard/libc_nano.a(lib_a-nano-vfprintf_i.o)
                0x0000000008007c30                _printf_common
 *fill*         0x0000000008007d0a        0x2 
 .text._printf_i
                0x0000000008007d0c      0x24c /opt/st/stm32cubeide_1.12.1/plugins/com.st.stm32cube.ide.mcu.externaltools.gnu-tools-for-stm32.10.3-2021.10.linux64_1.0.200.202301161003/tools/bin/../lib/gcc/arm-none-eabi/10.3.1/../../../../arm-none-eabi/lib/thumb/v7e-m+fp/hard/libc_nano.a(lib_a-nano-vfprintf_i.o)
                0x0000000008007d0c                _printf_i
 .text._putc_r  0x0000000008007f58       0x90 /opt/st/stm32cubeide_1.12.1/plugins/com.st.stm32cube.ide.mcu.externaltools.gnu-tools-for-stm32.10.3-2021.10.linux64_1.0.200.202301161003/tools/bin/../lib/gcc/arm-none-eabi/10.3.1/../../../../arm-none-eabi/lib/thumb/v7e-m+fp/hard/libc_nano.a(lib_a-putc.o)
                0x0000000008007f58                _putc_r
 .text._sbrk_r  0x0000000008007fe8       0x20 /opt/st/stm32cubeide_1.12.1/plugins/com.st.stm32cube.ide.mcu.externaltools.gnu-tools-for-stm32.10.3-2021.10.linux64_1.0.200.202301161003/tools/bin/../lib/gcc/arm-none-eabi/10.3.1/../../../../arm-none-eabi/lib/thumb/v7e-m+fp/hard/libc_nano.a(lib_a-sbrkr.o)
                0x0000000008007fe8                _sbrk_r
 .text.__sread  0x0000000008008008       0x22 /opt/st/stm32cubeide_1.12.1/plugins/com.st.stm32cube.ide.mcu.externaltools.gnu-tools-for-stm32.10.3-2021.10.linux64_1.0.200.202301161003/tools/bin/../lib/gcc/arm-none-eabi/10.3.1/../../../../arm-none-eabi/lib/thumb/v7e-m+fp/hard/libc_nano.a(lib_a-stdio.o)
                0x0000000008008008                __sread
 .text.__swrite
                0x000000000800802a       0x38 /opt/st/stm32cubeide_1.12.1/plugins/com.st.stm32cube.ide.mcu.externaltools.gnu-tools-for-stm32.10.3-2021.10.linux64_1.0.200.202301161003/tools/bin/../lib/gcc/arm-none-eabi/10.3.1/../../../../arm-none-eabi/lib/thumb/v7e-m+fp/hard/libc_nano.a(lib_a-stdio.o)
                0x000000000800802a                __swrite
 .text.__sseek  0x0000000008008062       0x24 /opt/st/stm32cubeide_1.12.1/plugins/com.st.stm32cube.ide.mcu.externaltools.gnu-tools-for-stm32.10.3-2021.10.linux64_1.0.200.202301161003/tools/bin/../lib/gcc/arm-none-eabi/10.3.1/../../../../arm-none-eabi/lib/thumb/v7e-m+fp/hard/libc_nano.a(lib_a-stdio.o)
                0x0000000008008062                __sseek
 .text.__sclose
                0x0000000008008086        0x8 /opt/st/stm32cubeide_1.12.1/plugins/com.st.stm32cube.ide.mcu.externaltools.gnu-tools-for-stm32.10.3-2021.10.linux64_1.0.200.202301161003/tools/bin/../lib/gcc/arm-none-eabi/10.3.1/../../../../arm-none-eabi/lib/thumb/v7e-m+fp/hard/libc_nano.a(lib_a-stdio.o)
                0x0000000008008086                __sclose
 *fill*         0x000000000800808e        0x2 
 .text._write_r
                0x0000000008008090       0x24 /opt/st/stm32cubeide_1.12.1/plugins/com.st.stm32cube.ide.mcu.externaltools.gnu-tools-for-stm32.10.3-2021.10.linux64_1.0.200.202301161003/tools/bin/../lib/gcc/arm-none-eabi/10.3.1/../../../../arm-none-eabi/lib/thumb/v7e-m+fp/hard/libc_nano.a(lib_a-writer.o)
                0x0000000008008090                _write_r
 .text._close_r
                0x00000000080080b4       0x20 /opt/st/stm32cubeide_1.12.1/plugins/com.st.stm32cube.ide.mcu.externaltools.gnu-tools-for-stm32.10.3-2021.10.linux64_1.0.200.202301161003/tools/bin/../lib/gcc/arm-none-eabi/10.3.1/../../../../arm-none-eabi/lib/thumb/v7e-m+fp/hard/libc_nano.a(lib_a-closer.o)
                0x00000000080080b4                _close_r
 .text._fstat_r
                0x00000000080080d4       0x24 /opt/st/stm32cubeide_1.12.1/plugins/com.st.stm32cube.ide.mcu.externaltools.gnu-tools-for-stm32.10.3-2021.10.linux64_1.0.200.202301161003/tools/bin/../lib/gcc/arm-none-eabi/10.3.1/../../../../arm-none-eabi/lib/thumb/v7e-m+fp/hard/libc_nano.a(lib_a-fstatr.o)
                0x00000000080080d4                _fstat_r
 .text._isatty_r
                0x00000000080080f8       0x20 /opt/st/stm32cubeide_1.12.1/plugins/com.st.stm32cube.ide.mcu.externaltools.gnu-tools-for-stm32.10.3-2021.10.linux64_1.0.200.202301161003/tools/bin/../lib/gcc/arm-none-eabi/10.3.1/../../../../arm-none-eabi/lib/thumb/v7e-m+fp/hard/libc_nano.a(lib_a-isattyr.o)
                0x00000000080080f8                _isatty_r
 .text._lseek_r
                0x0000000008008118       0x24 /opt/st/stm32cubeide_1.12.1/plugins/com.st.stm32cube.ide.mcu.externaltools.gnu-tools-for-stm32.10.3-2021.10.linux64_1.0.200.202301161003/tools/bin/../lib/gcc/arm-none-eabi/10.3.1/../../../../arm-none-eabi/lib/thumb/v7e-m+fp/hard/libc_nano.a(lib_a-lseekr.o)
                0x0000000008008118                _lseek_r
 .text.memmove  0x000000000800813c       0x34 /opt/st/stm32cubeide_1.12.1/plugins/com.st.stm32cube.ide.mcu.externaltools.gnu-tools-for-stm32.10.3-2021.10.linux64_1.0.200.202301161003/tools/bin/../lib/gcc/arm-none-eabi/10.3.1/../../../../arm-none-eabi/lib/thumb/v7e-m+fp/hard/libc_nano.a(lib_a-memmove.o)
                0x000000000800813c                memmove
 .text.__malloc_lock
                0x0000000008008170        0xc /opt/st/stm32cubeide_1.12.1/plugins/com.st.stm32cube.ide.mcu.externaltools.gnu-tools-for-stm32.10.3-2021.10.linux64_1.0.200.202301161003/tools/bin/../lib/gcc/arm-none-eabi/10.3.1/../../../../arm-none-eabi/lib/thumb/v7e-m+fp/hard/libc_nano.a(lib_a-mlock.o)
                0x0000000008008170                __malloc_lock
 .text.__malloc_unlock
                0x000000000800817c        0xc /opt/st/stm32cubeide_1.12.1/plugins/com.st.stm32cube.ide.mcu.externaltools.gnu-tools-for-stm32.10.3-2021.10.linux64_1.0.200.202301161003/tools/bin/../lib/gcc/arm-none-eabi/10.3.1/../../../../arm-none-eabi/lib/thumb/v7e-m+fp/hard/libc_nano.a(lib_a-mlock.o)
                0x000000000800817c                __malloc_unlock
 .text._realloc_r
                0x0000000008008188       0x5e /opt/st/stm32cubeide_1.12.1/plugins/com.st.stm32cube.ide.mcu.externaltools.gnu-tools-for-stm32.10.3-2021.10.linux64_1.0.200.202301161003/tools/bin/../lib/gcc/arm-none-eabi/10.3.1/../../../../arm-none-eabi/lib/thumb/v7e-m+fp/hard/libc_nano.a(lib_a-nano-reallocr.o)
                0x0000000008008188                _realloc_r
 *fill*         0x00000000080081e6        0x2 
 .text._read_r  0x00000000080081e8       0x24 /opt/st/stm32cubeide_1.12.1/plugins/com.st.stm32cube.ide.mcu.externaltools.gnu-tools-for-stm32.10.3-2021.10.linux64_1.0.200.202301161003/tools/bin/../lib/gcc/arm-none-eabi/10.3.1/../../../../arm-none-eabi/lib/thumb/v7e-m+fp/hard/libc_nano.a(lib_a-readr.o)
                0x00000000080081e8                _read_r
 .text._malloc_usable_size_r
                0x000000000800820c       0x10 /opt/st/stm32cubeide_1.12.1/plugins/com.st.stm32cube.ide.mcu.externaltools.gnu-tools-for-stm32.10.3-2021.10.linux64_1.0.200.202301161003/tools/bin/../lib/gcc/arm-none-eabi/10.3.1/../../../../arm-none-eabi/lib/thumb/v7e-m+fp/hard/libc_nano.a(lib_a-nano-msizer.o)
                0x000000000800820c                _malloc_usable_size_r
 *(.glue_7)
 .glue_7        0x000000000800821c        0x0 linker stubs
 *(.glue_7t)
 .glue_7t       0x000000000800821c        0x0 linker stubs
 *(.eh_frame)
 .eh_frame      0x000000000800821c        0x0 /opt/st/stm32cubeide_1.12.1/plugins/com.st.stm32cube.ide.mcu.externaltools.gnu-tools-for-stm32.10.3-2021.10.linux64_1.0.200.202301161003/tools/bin/../lib/gcc/arm-none-eabi/10.3.1/thumb/v7e-m+fp/hard/crtbegin.o
 *(.init)
 .init          0x000000000800821c        0x4 /opt/st/stm32cubeide_1.12.1/plugins/com.st.stm32cube.ide.mcu.externaltools.gnu-tools-for-stm32.10.3-2021.10.linux64_1.0.200.202301161003/tools/bin/../lib/gcc/arm-none-eabi/10.3.1/thumb/v7e-m+fp/hard/crti.o
                0x000000000800821c                _init
 .init          0x0000000008008220        0x8 /opt/st/stm32cubeide_1.12.1/plugins/com.st.stm32cube.ide.mcu.externaltools.gnu-tools-for-stm32.10.3-2021.10.linux64_1.0.200.202301161003/tools/bin/../lib/gcc/arm-none-eabi/10.3.1/thumb/v7e-m+fp/hard/crtn.o
 *(.fini)
 .fini          0x0000000008008228        0x4 /opt/st/stm32cubeide_1.12.1/plugins/com.st.stm32cube.ide.mcu.externaltools.gnu-tools-for-stm32.10.3-2021.10.linux64_1.0.200.202301161003/tools/bin/../lib/gcc/arm-none-eabi/10.3.1/thumb/v7e-m+fp/hard/crti.o
                0x0000000008008228                _fini
 .fini          0x000000000800822c        0x8 /opt/st/stm32cubeide_1.12.1/plugins/com.st.stm32cube.ide.mcu.externaltools.gnu-tools-for-stm32.10.3-2021.10.linux64_1.0.200.202301161003/tools/bin/../lib/gcc/arm-none-eabi/10.3.1/thumb/v7e-m+fp/hard/crtn.o
                0x0000000008008234                . = ALIGN (0x4)
                0x0000000008008234                _etext = .

.vfp11_veneer   0x0000000008008234        0x0
 .vfp11_veneer  0x0000000008008234        0x0 linker stubs

.v4_bx          0x0000000008008234        0x0
 .v4_bx         0x0000000008008234        0x0 linker stubs

.iplt           0x0000000008008234        0x0
 .iplt          0x0000000008008234        0x0 /opt/st/stm32cubeide_1.12.1/plugins/com.st.stm32cube.ide.mcu.externaltools.gnu-tools-for-stm32.10.3-2021.10.linux64_1.0.200.202301161003/tools/bin/../lib/gcc/arm-none-eabi/10.3.1/thumb/v7e-m+fp/hard/crtbegin.o

.rodata         0x0000000008008234      0x3f8
                0x0000000008008234                . = ALIGN (0x4)
 *(.rodata)
 *(.rodata*)
 .rodata.xCommandTest.str1.1
                0x0000000008008234        0xb ./Core/Src/main.o
 .rodata.vCommandConsoleTask.str1.1
                0x000000000800823f       0x4c ./Core/Src/main.o
 .rodata.main.str1.1
                0x000000000800828b      0x10a ./Core/Src/main.o
                                        0x10b (size before relaxing)
 .rodata.str1.1
                0x0000000008008395       0x2c ./Core/Src/main.o
 *fill*         0x00000000080083c1        0x3 
 .rodata.xTestCmd
                0x00000000080083c4       0x10 ./Core/Src/main.o
 .rodata.AHBPrescTable
                0x00000000080083d4       0x10 ./Core/Src/system_stm32f4xx.o
                0x00000000080083d4                AHBPrescTable
 .rodata.APBPrescTable
                0x00000000080083e4        0x8 ./Core/Src/system_stm32f4xx.o
                0x00000000080083e4                APBPrescTable
 .rodata.follow_path.str1.1
                0x00000000080083ec        0xf ./Middlewares/Third_Party/FatFs/src/ff.o
 .rodata.ExCvt  0x00000000080083fb       0x80 ./Middlewares/Third_Party/FatFs/src/ff.o
 .rodata.FreeRTOS_CLIProcessCommand.str1.1
                0x000000000800847b       0xa8 ./Middlewares/Third_Party/FreeRTOS/Source/FreeRTOS_CLI.o
 .rodata.str1.1
                0x0000000008008523       0x35 ./Middlewares/Third_Party/FreeRTOS/Source/FreeRTOS_CLI.o
 .rodata.xHelpCommand
                0x0000000008008558       0x10 ./Middlewares/Third_Party/FreeRTOS/Source/FreeRTOS_CLI.o
 .rodata.vTaskStartScheduler.str1.1
                0x0000000008008568        0x5 ./Middlewares/Third_Party/FreeRTOS/Source/tasks.o
 .rodata.vTaskGetRunTimeStats.str1.1
                0x000000000800856d       0x18 ./Middlewares/Third_Party/FreeRTOS/Source/tasks.o
 .rodata.prvCheckForValidListAndQueue.str1.1
                0x0000000008008585        0x5 ./Middlewares/Third_Party/FreeRTOS/Source/timers.o
 .rodata.xTimerCreateTimerTask.str1.1
                0x000000000800858a        0x8 ./Middlewares/Third_Party/FreeRTOS/Source/timers.o
 *fill*         0x0000000008008592        0x2 
 .rodata._global_impure_ptr
                0x0000000008008594        0x4 /opt/st/stm32cubeide_1.12.1/plugins/com.st.stm32cube.ide.mcu.externaltools.gnu-tools-for-stm32.10.3-2021.10.linux64_1.0.200.202301161003/tools/bin/../lib/gcc/arm-none-eabi/10.3.1/../../../../arm-none-eabi/lib/thumb/v7e-m+fp/hard/libc_nano.a(lib_a-impure.o)
                0x0000000008008594                _global_impure_ptr
 .rodata.__sf_fake_stderr
                0x0000000008008598       0x20 /opt/st/stm32cubeide_1.12.1/plugins/com.st.stm32cube.ide.mcu.externaltools.gnu-tools-for-stm32.10.3-2021.10.linux64_1.0.200.202301161003/tools/bin/../lib/gcc/arm-none-eabi/10.3.1/../../../../arm-none-eabi/lib/thumb/v7e-m+fp/hard/libc_nano.a(lib_a-findfp.o)
                0x0000000008008598                __sf_fake_stderr
 .rodata.__sf_fake_stdin
                0x00000000080085b8       0x20 /opt/st/stm32cubeide_1.12.1/plugins/com.st.stm32cube.ide.mcu.externaltools.gnu-tools-for-stm32.10.3-2021.10.linux64_1.0.200.202301161003/tools/bin/../lib/gcc/arm-none-eabi/10.3.1/../../../../arm-none-eabi/lib/thumb/v7e-m+fp/hard/libc_nano.a(lib_a-findfp.o)
                0x00000000080085b8                __sf_fake_stdin
 .rodata.__sf_fake_stdout
                0x00000000080085d8       0x20 /opt/st/stm32cubeide_1.12.1/plugins/com.st.stm32cube.ide.mcu.externaltools.gnu-tools-for-stm32.10.3-2021.10.linux64_1.0.200.202301161003/tools/bin/../lib/gcc/arm-none-eabi/10.3.1/../../../../arm-none-eabi/lib/thumb/v7e-m+fp/hard/libc_nano.a(lib_a-findfp.o)
                0x00000000080085d8                __sf_fake_stdout
 .rodata._svfprintf_r.str1.1
                0x00000000080085f8       0x11 /opt/st/stm32cubeide_1.12.1/plugins/com.st.stm32cube.ide.mcu.externaltools.gnu-tools-for-stm32.10.3-2021.10.linux64_1.0.200.202301161003/tools/bin/../lib/gcc/arm-none-eabi/10.3.1/../../../../arm-none-eabi/lib/thumb/v7e-m+fp/hard/libc_nano.a(lib_a-nano-svfprintf.o)
 .rodata._vfprintf_r.str1.1
                0x0000000008008609       0x11 /opt/st/stm32cubeide_1.12.1/plugins/com.st.stm32cube.ide.mcu.externaltools.gnu-tools-for-stm32.10.3-2021.10.linux64_1.0.200.202301161003/tools/bin/../lib/gcc/arm-none-eabi/10.3.1/../../../../arm-none-eabi/lib/thumb/v7e-m+fp/hard/libc_nano.a(lib_a-nano-vfprintf.o)
 .rodata._printf_i.str1.1
                0x0000000008008609       0x22 /opt/st/stm32cubeide_1.12.1/plugins/com.st.stm32cube.ide.mcu.externaltools.gnu-tools-for-stm32.10.3-2021.10.linux64_1.0.200.202301161003/tools/bin/../lib/gcc/arm-none-eabi/10.3.1/../../../../arm-none-eabi/lib/thumb/v7e-m+fp/hard/libc_nano.a(lib_a-nano-vfprintf_i.o)
                0x000000000800862c                . = ALIGN (0x4)
 *fill*         0x000000000800862b        0x1 

.ARM.extab      0x000000000800862c        0x0
                0x000000000800862c                . = ALIGN (0x4)
 *(.ARM.extab* .gnu.linkonce.armextab.*)
                0x000000000800862c                . = ALIGN (0x4)

.ARM            0x000000000800862c        0x8
                0x000000000800862c                . = ALIGN (0x4)
                0x000000000800862c                __exidx_start = .
 *(.ARM.exidx*)
 .ARM.exidx     0x000000000800862c        0x8 /opt/st/stm32cubeide_1.12.1/plugins/com.st.stm32cube.ide.mcu.externaltools.gnu-tools-for-stm32.10.3-2021.10.linux64_1.0.200.202301161003/tools/bin/../lib/gcc/arm-none-eabi/10.3.1/thumb/v7e-m+fp/hard/libgcc.a(_udivmoddi4.o)
                0x0000000008008634                __exidx_end = .
                0x0000000008008634                . = ALIGN (0x4)

.rel.dyn        0x0000000008008634        0x0
 .rel.iplt      0x0000000008008634        0x0 /opt/st/stm32cubeide_1.12.1/plugins/com.st.stm32cube.ide.mcu.externaltools.gnu-tools-for-stm32.10.3-2021.10.linux64_1.0.200.202301161003/tools/bin/../lib/gcc/arm-none-eabi/10.3.1/thumb/v7e-m+fp/hard/crtbegin.o

.preinit_array  0x0000000008008634        0x0
                0x0000000008008634                . = ALIGN (0x4)
                0x0000000008008634                PROVIDE (__preinit_array_start = .)
 *(.preinit_array*)
                0x0000000008008634                PROVIDE (__preinit_array_end = .)
                0x0000000008008634                . = ALIGN (0x4)

.init_array     0x0000000008008634        0x4
                0x0000000008008634                . = ALIGN (0x4)
                0x0000000008008634                PROVIDE (__init_array_start = .)
 *(SORT_BY_NAME(.init_array.*))
 *(.init_array*)
 .init_array    0x0000000008008634        0x4 /opt/st/stm32cubeide_1.12.1/plugins/com.st.stm32cube.ide.mcu.externaltools.gnu-tools-for-stm32.10.3-2021.10.linux64_1.0.200.202301161003/tools/bin/../lib/gcc/arm-none-eabi/10.3.1/thumb/v7e-m+fp/hard/crtbegin.o
                0x0000000008008638                PROVIDE (__init_array_end = .)
                0x0000000008008638                . = ALIGN (0x4)

.fini_array     0x0000000008008638        0x4
                0x0000000008008638                . = ALIGN (0x4)
                [!provide]                        PROVIDE (__fini_array_start = .)
 *(SORT_BY_NAME(.fini_array.*))
 *(.fini_array*)
 .fini_array    0x0000000008008638        0x4 /opt/st/stm32cubeide_1.12.1/plugins/com.st.stm32cube.ide.mcu.externaltools.gnu-tools-for-stm32.10.3-2021.10.linux64_1.0.200.202301161003/tools/bin/../lib/gcc/arm-none-eabi/10.3.1/thumb/v7e-m+fp/hard/crtbegin.o
                [!provide]                        PROVIDE (__fini_array_end = .)
                0x000000000800863c                . = ALIGN (0x4)
                0x000000000800863c                _sidata = LOADADDR (.data)

.data           0x0000000020000000       0x98 load address 0x000000000800863c
                0x0000000020000000                . = ALIGN (0x4)
                0x0000000020000000                _sdata = .
 *(.data)
 *(.data*)
 .data.SystemCoreClock
                0x0000000020000000        0x4 ./Core/Src/system_stm32f4xx.o
                0x0000000020000000                SystemCoreClock
 .data.uwTickFreq
                0x0000000020000004        0x1 ./Drivers/STM32F4xx_HAL_Driver/stm32f4xx_hal.o
                0x0000000020000004                uwTickFreq
 *fill*         0x0000000020000005        0x3 
 .data.uwTickPrio
                0x0000000020000008        0x4 ./Drivers/STM32F4xx_HAL_Driver/stm32f4xx_hal.o
                0x0000000020000008                uwTickPrio
 .data.Stat     0x000000002000000c        0x1 ./FATFS/Target/user_diskio.o
 *fill*         0x000000002000000d        0x3 
 .data.USER_Driver
                0x0000000020000010       0x14 ./FATFS/Target/user_diskio.o
                0x0000000020000010                USER_Driver
 .data.pxLastCommandInList.2
                0x0000000020000024        0x4 ./Middlewares/Third_Party/FreeRTOS/Source/FreeRTOS_CLI.o
 .data.xRegisteredCommands
                0x0000000020000028        0x8 ./Middlewares/Third_Party/FreeRTOS/Source/FreeRTOS_CLI.o
 .data.uxCriticalNesting
                0x0000000020000030        0x4 ./Middlewares/Third_Party/FreeRTOS/Source/portable/GCC/ARM_CM4F/port.o
 .data._impure_ptr
                0x0000000020000034        0x4 /opt/st/stm32cubeide_1.12.1/plugins/com.st.stm32cube.ide.mcu.externaltools.gnu-tools-for-stm32.10.3-2021.10.linux64_1.0.200.202301161003/tools/bin/../lib/gcc/arm-none-eabi/10.3.1/../../../../arm-none-eabi/lib/thumb/v7e-m+fp/hard/libc_nano.a(lib_a-impure.o)
                0x0000000020000034                _impure_ptr
 .data.impure_data
                0x0000000020000038       0x60 /opt/st/stm32cubeide_1.12.1/plugins/com.st.stm32cube.ide.mcu.externaltools.gnu-tools-for-stm32.10.3-2021.10.linux64_1.0.200.202301161003/tools/bin/../lib/gcc/arm-none-eabi/10.3.1/../../../../arm-none-eabi/lib/thumb/v7e-m+fp/hard/libc_nano.a(lib_a-impure.o)
 *(.RamFunc)
 *(.RamFunc*)
                0x0000000020000098                . = ALIGN (0x4)
                0x0000000020000098                _edata = .

.igot.plt       0x0000000020000098        0x0 load address 0x00000000080086d4
 .igot.plt      0x0000000020000098        0x0 /opt/st/stm32cubeide_1.12.1/plugins/com.st.stm32cube.ide.mcu.externaltools.gnu-tools-for-stm32.10.3-2021.10.linux64_1.0.200.202301161003/tools/bin/../lib/gcc/arm-none-eabi/10.3.1/thumb/v7e-m+fp/hard/crtbegin.o
                0x0000000020000098                . = ALIGN (0x4)

.bss            0x0000000020000098     0x4e6c load address 0x00000000080086d4
                0x0000000020000098                _sbss = .
                0x0000000020000098                __bss_start__ = _sbss
 *(.bss)
 .bss           0x0000000020000098       0x1c /opt/st/stm32cubeide_1.12.1/plugins/com.st.stm32cube.ide.mcu.externaltools.gnu-tools-for-stm32.10.3-2021.10.linux64_1.0.200.202301161003/tools/bin/../lib/gcc/arm-none-eabi/10.3.1/thumb/v7e-m+fp/hard/crtbegin.o
 *(.bss*)
 .bss._char     0x00000000200000b4        0x1 ./Core/Src/main.o
                0x00000000200000b4                _char
 *fill*         0x00000000200000b5        0x3 
 .bss.hdac      0x00000000200000b8       0x14 ./Core/Src/main.o
                0x00000000200000b8                hdac
 .bss.hspi2     0x00000000200000cc       0x58 ./Core/Src/main.o
                0x00000000200000cc                hspi2
 .bss.htim2     0x0000000020000124       0x48 ./Core/Src/main.o
                0x0000000020000124                htim2
 .bss.huart2    0x000000002000016c       0x44 ./Core/Src/main.o
                0x000000002000016c                huart2
 .bss.pcInputString.1
                0x00000000200001b0      0x12c ./Core/Src/main.o
 .bss.pcOutputString.0
                0x00000000200002dc      0x12c ./Core/Src/main.o
 .bss.xBinarySemaphore
                0x0000000020000408        0x4 ./Core/Src/main.o
                0x0000000020000408                xBinarySemaphore
 .bss.htim1     0x000000002000040c       0x48 ./Core/Src/stm32f4xx_hal_timebase_tim.o
                0x000000002000040c                htim1
 .bss.__sbrk_heap_end
                0x0000000020000454        0x4 ./Core/Src/sysmem.o
 .bss.uwTick    0x0000000020000458        0x4 ./Drivers/STM32F4xx_HAL_Driver/stm32f4xx_hal.o
                0x0000000020000458                uwTick
 .bss.USERPath  0x000000002000045c        0x4 ./FATFS/App/fatfs.o
                0x000000002000045c                USERPath
 .bss.retUSER   0x0000000020000460        0x1 ./FATFS/App/fatfs.o
                0x0000000020000460                retUSER
 .bss.CRCTable  0x0000000020000461      0x100 ./FATFS/Target/user_diskio.o
                0x0000000020000461                CRCTable
 *fill*         0x0000000020000561        0x3 
 .bss.FatFs     0x0000000020000564        0x4 ./Middlewares/Third_Party/FatFs/src/ff.o
 .bss.Files     0x0000000020000568       0x20 ./Middlewares/Third_Party/FatFs/src/ff.o
 .bss.Fsid      0x0000000020000588        0x2 ./Middlewares/Third_Party/FatFs/src/ff.o
 *fill*         0x000000002000058a        0x2 
 .bss.disk      0x000000002000058c        0xc ./Middlewares/Third_Party/FatFs/src/ff_gen_drv.o
                0x000000002000058c                disk
 .bss.Idle_Stack.2
                0x0000000020000598      0x200 ./Middlewares/Third_Party/FreeRTOS/Source/CMSIS_RTOS_V2/cmsis_os2.o
 .bss.Idle_TCB.3
                0x0000000020000798       0x60 ./Middlewares/Third_Party/FreeRTOS/Source/CMSIS_RTOS_V2/cmsis_os2.o
 .bss.Timer_Stack.0
                0x00000000200007f8      0x400 ./Middlewares/Third_Party/FreeRTOS/Source/CMSIS_RTOS_V2/cmsis_os2.o
 .bss.Timer_TCB.1
                0x0000000020000bf8       0x60 ./Middlewares/Third_Party/FreeRTOS/Source/CMSIS_RTOS_V2/cmsis_os2.o
 .bss.pxCommand.0
                0x0000000020000c58        0x4 ./Middlewares/Third_Party/FreeRTOS/Source/FreeRTOS_CLI.o
 .bss.pxCommand.1
                0x0000000020000c5c        0x4 ./Middlewares/Third_Party/FreeRTOS/Source/FreeRTOS_CLI.o
 .bss.xQueueRegistry
                0x0000000020000c60       0x40 ./Middlewares/Third_Party/FreeRTOS/Source/queue.o
                0x0000000020000c60                xQueueRegistry
 .bss.pxCurrentTCB
                0x0000000020000ca0        0x4 ./Middlewares/Third_Party/FreeRTOS/Source/tasks.o
                0x0000000020000ca0                pxCurrentTCB
 .bss.pxDelayedTaskList
                0x0000000020000ca4        0x4 ./Middlewares/Third_Party/FreeRTOS/Source/tasks.o
 .bss.pxOverflowDelayedTaskList
                0x0000000020000ca8        0x4 ./Middlewares/Third_Party/FreeRTOS/Source/tasks.o
 .bss.pxReadyTasksLists
                0x0000000020000cac      0x460 ./Middlewares/Third_Party/FreeRTOS/Source/tasks.o
 .bss.ulTaskSwitchedInTime